[    0.000000] Initializing cgroup subsys cpuset
[    0.000000] Initializing cgroup subsys cpu
[    0.000000] Initializing cgroup subsys cpuacct
[    0.000000] Linux version 3.10.0-514.16.1.el7.x86_64 (builder@kbuilder.dev.centos.org) (gcc version 4.8.5 20150623 (Red Hat 4.8.5-11) (GCC) ) #1 SMP Wed Apr 12 15:04:24 UTC 2017
[    0.000000] Command line: BOOT_IMAGE=/vmlinuz-3.10.0-514.16.1.el7.x86_64 root=/dev/mapper/cl-root ro crashkernel=auto rd.lvm.lv=cl/root rd.lvm.lv=cl/swap rhgb quiet LANG=en_US.UTF-8
[    0.000000] Disabled fast string operations
[    0.000000] e820: BIOS-provided physical RAM map:
[    0.000000] BIOS-e820: [mem 0x0000000000000000-0x000000000009ebff] usable
[    0.000000] BIOS-e820: [mem 0x000000000009ec00-0x000000000009ffff] reserved
[    0.000000] BIOS-e820: [mem 0x00000000000dc000-0x00000000000fffff] reserved
[    0.000000] BIOS-e820: [mem 0x0000000000100000-0x000000007fedffff] usable
[    0.000000] BIOS-e820: [mem 0x000000007fee0000-0x000000007fefefff] ACPI data
[    0.000000] BIOS-e820: [mem 0x000000007feff000-0x000000007fefffff] ACPI NVS
[    0.000000] BIOS-e820: [mem 0x000000007ff00000-0x000000007fffffff] usable
[    0.000000] BIOS-e820: [mem 0x00000000f0000000-0x00000000f7ffffff] reserved
[    0.000000] BIOS-e820: [mem 0x00000000fec00000-0x00000000fec0ffff] reserved
[    0.000000] BIOS-e820: [mem 0x00000000fee00000-0x00000000fee00fff] reserved
[    n.000000] BIOS-e820: [mem 0x00000000fffe0000-0x00000000ffffffff] reserved
[    0.000000] NX (Execute Disable) protection: active
[    0.000000] SMBIOS 2.7 present.
[    0.000000] DMI: VMware, Inc. VMware Virtual Platform/440BX Desktop Reference Platform, BIOS 6.00 07/02/2015
[    0.000000] Hypervisor detected: VMware
[    0.000000] e820: update [mem 0x00000000-0x00000fff] usable ==> reserved
[    0.000000] e820: remove [mem 0x000a0000-0x000fffff] usable
[    0.000000] e820: last_pfn = 0x80000 max_arch_pfn = 0x400000000
[    0.000000] MTRR default type: uncachable
[    0.000000] MTRR fixed ranges enabled:
[    0.000000]   00000-9FFFF write-back
[    0.000000]   A0000-BFFFF uncachable
[    0.000000]   C0000-CBFFF write-protect
[    0.000000]   CC000-EFFFF uncachable
[    0.000000]   F0000-FFFFF write-protect
[    0.000000] MTRR variable ranges enabled:
[    0.000000]   0 base 000C0000000 mask 3FFC0000000 uncachable
[    0.000000]   1 base 00000000000 mask 3FF00000000 write-back
[    0.000000]   2 disabled
[    0.000000]   3 disabled
[    0.000000]   4 disabled
[    0.000000]   5 disabled
[    0.000000]   6 disabled
[    0.000000]   7 disabled
[    0.000000] x86 PAT enabled: cpu 0, old 0x7040600070406, new 0x7010600070106
[    0.000000] original variable MTRRs
[    0.000000] reg 0, base: 3GB, range: 1GB, type UC
[    0.000000] reg 1, base: 0GB, range: 4GB, type WB
[    0.000000] total RAM covered: 3072M
[    0.000000] Found optimal setting for mtrr clean up
[    0.000000]  gran_size: 64K 	chunk_size: 64K 	num_reg: 2  	lose cover RAM: 0G
[    0.000000] New variable MTRRs
[    0.000000] reg 0, base: 0GB, range: 2GB, type WB
[    0.000000] reg 1, base: 2GB, range: 1GB, type WB
[    0.000000] found SMP MP-table at [mem 0x000f6a80-0x000f6a8f] mapped at [ffff8800000f6a80]
[    0.000000] Base memory trampoline at [ffff880000098000] 98000 size 24576
[    0.000000] BRK [0x01f9f000, 0x01f9ffff] PGTABLE
[    0.000000] BRK [0x01fa0000, 0x01fa0fff] PGTABLE
[    0.000000] BRK [0x01fa1000, 0x01fa1fff] PGTABLE
[    0.000000] BRK [0x01fa2000, 0x01fa2fff] PGTABLE
[    0.000000] BRK [0x01fa3000, 0x01fa3fff] PGTABLE
[    0.000000] RAMDISK: [mem 0x35933000-0x36c91fff]
[    0.000000] ACPI: RSDP 00000000000f6a10 00024 (v02 PTLTD )
[    0.000000] ACPI: XSDT 000000007feea65b 0005C (v01 INTEL  440BX    06040000 VMW  01324272)
[    0.000000] ACPI: FACP 000000007fefee73 000F4 (v04 INTEL  440BX    06040000 PTL  000F4240)
[    0.000000] ACPI: DSDT 000000007feec749 1272A (v01 PTLTD  Custom   06040000 MSFT 03000001)
[    0.000000] ACPI: FACS 000000007fefffc0 00040
[    0.000000] ACPI: BOOT 000000007feec721 00028 (v01 PTLTD  $SBFTBL$ 06040000  LTP 00000001)
[    0.000000] ACPI: APIC 000000007feeb8bd 00742 (v01 PTLTD  ? APIC   06040000  LTP 00000000)
[    0.000000] ACPI: MCFG 000000007feeb881 0003C (v01 PTLTD  $PCITBL$ 06040000  LTP 00000001)
[    0.000000] ACPI: SRAT 000000007feea757 008A8 (v02 VMWARE MEMPLUG  06040000 VMW  00000001)
[    0.000000] ACPI: HPET 000000007feea71f 00038 (v01 VMWARE VMW HPET 06040000 VMW  00000001)
[    0.000000] ACPI: WAET 000000007feea6f7 00028 (v01 VMWARE VMW WAET 06040000 VMW  00000001)
[    0.000000] ACPI: Local APIC address 0xfee00000
[    0.000000] system APIC only can use physical flat
[    0.000000] Setting APIC routing to physical flat.
[    0.000000] SRAT: PXM 0 -> APIC 0x00 -> Node 0
[    0.000000] SRAT: PXM 0 -> APIC 0x02 -> Node 0
[    0.000000] SRAT: PXM 0 -> APIC 0x04 -> Node 0
[    0.000000] SRAT: PXM 0 -> APIC 0x06 -> Node 0
[    0.000000] SRAT: PXM 0 -> APIC 0x08 -> Node 0
[    0.000000] SRAT: PXM 0 -> APIC 0x0a -> Node 0
[    0.000000] SRAT: PXM 0 -> APIC 0x0c -> Node 0
[    0.000000] SRAT: PXM 0 -> APIC 0x0e -> Node 0
[    0.000000] SRAT: PXM 0 -> APIC 0x10 -> Node 0
[    0.000000] SRAT: PXM 0 -> APIC 0x12 -> Node 0
[    0.000000] SRAT: PXM 0 -> APIC 0x14 -> Node 0
[    0.000000] SRAT: PXM 0 -> APIC 0x16 -> Node 0
[    0.000000] SRAT: PXM 0 -> APIC 0x18 -> Node 0
[    0.000000] SRAT: PXM 0 -> APIC 0x1a -> Node 0
[    0.000000] SRAT: PXM 0 -> APIC 0x1c -> Node 0
[    0.000000] SRAT: PXM 0 -> APIC 0x1e -> Node 0
[    0.000000] SRAT: PXM 0 -> APIC 0x20 -> Node 0
[    0.000000] SRAT: PXM 0 -> APIC 0x22 -> Node 0
[    0.000000] SRAT: PXM 0 -> APIC 0x24 -> Node 0
[    0.000000] SRAT: PXM 0 -> APIC 0x26 -> Node 0
[    0.000000] SRAT: PXM 0 -> APIC 0x28 -> Node 0
[    0.000000] SRAT: PXM 0 -> APIC 0x2a -> Node 0
[    0.000000] SRAT: PXM 0 -> APIC 0x2c -> Node 0
[    0.000000] SRAT: PXM 0 -> APIC 0x2e -> Node 0
[    0.000000] SRAT: PXM 0 -> APIC 0x30 -> Node 0
[    0.000000] SRAT: PXM 0 -> APIC 0x32 -> Node 0
[    0.000000] SRAT: PXM 0 -> APIC 0x34 -> Node 0
[    0.000000] SRAT: PXM 0 -> APIC 0x36 -> Node 0
[    0.000000] SRAT: PXM 0 -> APIC 0x38 -> Node 0
[    0.000000] SRAT: PXM 0 -> APIC 0x3a -> Node 0
[    0.000000] SRAT: PXM 0 -> APIC 0x3c -> Node 0
[    0.000000] SRAT: PXM 0 -> APIC 0x3e -> Node 0
[    0.000000] SRAT: PXM 0 -> APIC 0x40 -> Node 0
[    0.000000] SRAT: PXM 0 -> APIC 0x42 -> Node 0
[    0.000000] SRAT: PXM 0 -> APIC 0x44 -> Node 0
[    0.000000] SRAT: PXM 0 -> APIC 0x46 -> Node 0
[    0.000000] SRAT: PXM 0 -> APIC 0x48 -> Node 0
[    0.000000] SRAT: PXM 0 -> APIC 0x4a -> Node 0
[    0.000000] SRAT: PXM 0 -> APIC 0x4c -> Node 0
[    0.000000] SRAT: PXM 0 -> APIC 0x4e -> Node 0
[    0.000000] SRAT: PXM 0 -> APIC 0x50 -> Node 0
[    0.000000] SRAT: PXM 0 -> APIC 0x52 -> Node 0
[    0.000000] SRAT: PXM 0 -> APIC 0x54 -> Node 0
[    0.000000] SRAT: PXM 0 -> APIC 0x56 -> Node 0
[    0.000000] SRAT: PXM 0 -> APIC 0x58 -> Node 0
[    0.000000] SRAT: PXM 0 -> APIC 0x5a -> Node 0
[    0.000000] SRAT: PXM 0 -> APIC 0x5c -> Node 0
[    0.000000] SRAT: PXM 0 -> APIC 0x5e -> Node 0
[    0.000000] SRAT: PXM 0 -> APIC 0x60 -> Node 0
[    0.000000] SRAT: PXM 0 -> APIC 0x62 -> Node 0
[    0.000000] SRAT: PXM 0 -> APIC 0x64 -> Node 0
[    0.000000] SRAT: PXM 0 -> APIC 0x66 -> Node 0
[    0.000000] SRAT: PXM 0 -> APIC 0x68 -> Node 0
[    0.000000] SRAT: PXM 0 -> APIC 0x6a -> Node 0
[    0.000000] SRAT: PXM 0 -> APIC 0x6c -> Node 0
[    0.000000] SRAT: PXM 0 -> APIC 0x6e -> Node 0
[    0.000000] SRAT: PXM 0 -> APIC 0x70 -> Node 0
[    0.000000] SRAT: PXM 0 -> APIC 0x72 -> Node 0
[    0.000000] SRAT: PXM 0 -> APIC 0x74 -> Node 0
[    0.000000] SRAT: PXM 0 -> APIC 0x76 -> Node 0
[    0.000000] SRAT: PXM 0 -> APIC 0x78 -> Node 0
[    0.000000] SRAT: PXM 0 -> APIC 0x7a -> Node 0
[    0.000000] SRAT: PXM 0 -> APIC 0x7c -> Node 0
[    0.000000] SRAT: PXM 0 -> APIC 0x7e -> Node 0
[    0.000000] SRAT: PXM 0 -> APIC 0x80 -> Node 0
[    0.000000] SRAT: PXM 0 -> APIC 0x82 -> Node 0
[    0.000000] SRAT: PXM 0 -> APIC 0x84 -> Node 0
[    0.000000] SRAT: PXM 0 -> APIC 0x86 -> Node 0
[    0.000000] SRAT: PXM 0 -> APIC 0x88 -> Node 0
[    0.000000] SRAT: PXM 0 -> APIC 0x8a -> Node 0
[    0.000000] SRAT: PXM 0 -> APIC 0x8c -> Node 0
[    0.000000] SRAT: PXM 0 -> APIC 0x8e -> Node 0
[    0.000000] SRAT: PXM 0 -> APIC 0x90 -> Node 0
[    0.000000] SRAT: PXM 0 -> APIC 0x92 -> Node 0
[    0.000000] SRAT: PXM 0 -> APIC 0x94 -> Node 0
[    0.000000] SRAT: PXM 0 -> APIC 0x96 -> Node 0
[    0.000000] SRAT: PXM 0 -> APIC 0x98 -> Node 0
[    0.000000] SRAT: PXM 0 -> APIC 0x9a -> Node 0
[    0.000000] SRAT: PXM 0 -> APIC 0x9c -> Node 0
[    0.000000] SRAT: PXM 0 -> APIC 0x9e -> Node 0
[    0.000000] SRAT: PXM 0 -> APIC 0xa0 -> Node 0
[    0.000000] SRAT: PXM 0 -> APIC 0xa2 -> Node 0
[    0.000000] SRAT: PXM 0 -> APIC 0xa4 -> Node 0
[    0.000000] SRAT: PXM 0 -> APIC 0xa6 -> Node 0
[    0.000000] SRAT: PXM 0 -> APIC 0xa8 -> Node 0
[    0.000000] SRAT: PXM 0 -> APIC 0xaa -> Node 0
[    0.000000] SRAT: PXM 0 -> APIC 0xac -> Node 0
[    0.000000] SRAT: PXM 0 -> APIC 0xae -> Node 0
[    0.000000] SRAT: PXM 0 -> APIC 0xb0 -> Node 0
[    0.000000] SRAT: PXM 0 -> APIC 0xb2 -> Node 0
[    0.000000] SRAT: PXM 0 -> APIC 0xb4 -> Node 0
[    0.000000] SRAT: PXM 0 -> APIC 0xb6 -> Node 0
[    0.000000] SRAT: PXM 0 -> APIC 0xb8 -> Node 0
[    0.000000] SRAT: PXM 0 -> APIC 0xba -> Node 0
[    0.000000] SRAT: PXM 0 -> APIC 0xbc -> Node 0
[    0.000000] SRAT: PXM 0 -> APIC 0xbe -> Node 0
[    0.000000] SRAT: PXM 0 -> APIC 0xc0 -> Node 0
[    0.000000] SRAT: PXM 0 -> APIC 0xc2 -> Node 0
[    0.000000] SRAT: PXM 0 -> APIC 0xc4 -> Node 0
[    0.000000] SRAT: PXM 0 -> APIC 0xc6 -> Node 0
[    0.000000] SRAT: PXM 0 -> APIC 0xc8 -> Node 0
[    0.000000] SRAT: PXM 0 -> APIC 0xca -> Node 0
[    0.000000] SRAT: PXM 0 -> APIC 0xcc -> Node 0
[    0.000000] SRAT: PXM 0 -> APIC 0xce -> Node 0
[    0.000000] SRAT: PXM 0 -> APIC 0xd0 -> Node 0
[    0.000000] SRAT: PXM 0 -> APIC 0xd2 -> Node 0
[    0.000000] SRAT: PXM 0 -> APIC 0xd4 -> Node 0
[    0.000000] SRAT: PXM 0 -> APIC 0xd6 -> Node 0
[    0.000000] SRAT: PXM 0 -> APIC 0xd8 -> Node 0
[    0.000000] SRAT: PXM 0 -> APIC 0xda -> Node 0
[    0.000000] SRAT: PXM 0 -> APIC 0xdc -> Node 0
[    0.000000] SRAT: PXM 0 -> APIC 0xde -> Node 0
[    0.000000] SRAT: PXM 0 -> APIC 0xe0 -> Node 0
[    0.000000] SRAT: PXM 0 -> APIC 0xe2 -> Node 0
[    0.000000] SRAT: PXM 0 -> APIC 0xe4 -> Node 0
[    0.000000] SRAT: PXM 0 -> APIC 0xe6 -> Node 0
[    0.000000] SRAT: PXM 0 -> APIC 0xe8 -> Node 0
[    0.000000] SRAT: PXM 0 -> APIC 0xea -> Node 0
[    0.000000] SRAT: PXM 0 -> APIC 0xec -> Node 0
[    0.000000] SRAT: PXM 0 -> APIC 0xee -> Node 0
[    0.000000] SRAT: PXM 0 -> APIC 0xf0 -> Node 0
[    0.000000] SRAT: PXM 0 -> APIC 0xf2 -> Node 0
[    0.000000] SRAT: PXM 0 -> APIC 0xf4 -> Node 0
[    0.000000] SRAT: PXM 0 -> APIC 0xf6 -> Node 0
[    0.000000] SRAT: PXM 0 -> APIC 0xf8 -> Node 0
[    0.000000] SRAT: PXM 0 -> APIC 0xfa -> Node 0
[    0.000000] SRAT: PXM 0 -> APIC 0xfc -> Node 0
[    0.000000] SRAT: PXM 0 -> APIC 0xfe -> Node 0
[    0.000000] SRAT: Node 0 PXM 0 [mem 0x00000000-0x0009ffff]
[    0.000000] SRAT: Node 0 PXM 0 [mem 0x00100000-0x7fffffff]
[    0.000000] SRAT: Node 0 PXM 0 [mem 0x80000000-0xbfffffff] hotplug
[    0.000000] NUMA: Node 0 [mem 0x00000000-0x0009ffff] + [mem 0x00100000-0x7fffffff] -> [mem 0x00000000-0x7fffffff]
[    0.000000] Initmem setup node 0 [mem 0x00000000-0x7fffffff]
[    0.000000]   NODE_DATA [mem 0x7ffd9000-0x7fffffff]
[    0.000000] Reserving 161MB of memory at 688MB for crashkernel (System RAM: 2047MB)
[    0.000000] Zone ranges:
[    0.000000]   DMA      [mem 0x00001000-0x00ffffff]
[    0.000000]   DMA32    [mem 0x01000000-0xffffffff]
[    0.000000]   Normal   empty
[    0.000000] Movable zone start for each node
[    0.000000] Early memory node ranges
[    0.000000]   node   0: [mem 0x00001000-0x0009dfff]
[    0.000000]   node   0: [mem 0x00100000-0x7fedffff]
[    0.000000]   node   0: [mem 0x7ff00000-0x7fffffff]
[    0.000000] On node 0 totalpages: 524157
[    0.000000]   DMA zone: 64 pages used for memmap
[    0.000000]   DMA zone: 21 pages reserved
[    0.000000]   DMA zone: 3997 pages, LIFO batch:0
[    0.000000]   DMA32 zone: 8128 pages used for memmap
[    0.000000]   DMA32 zone: 520160 pages, LIFO batch:31
[    0.000000] ACPI: PM-Timer IO Port: 0x1008
[    0.000000] ACPI: Local APIC address 0xfee00000
[    0.000000] system APIC only can use physical flat
[    0.000000] ACPI: LAPIC (acpi_id[0x00] lapic_id[0x00] enabled)
[    0.000000] ACPI: LAPIC (acpi_id[0x01] lapic_id[0x02] disabled)
[    0.000000] ACPI: LAPIC (acpi_id[0x02] lapic_id[0x04] disabled)
[    0.000000] ACPI: LAPIC (acpi_id[0x03] lapic_id[0x06] disabled)
[    0.000000] ACPI: LAPIC (acpi_id[0x04] lapic_id[0x08] disabled)
[    0.000000] ACPI: LAPIC (acpi_id[0x05] lapic_id[0x0a] disabled)
[    0.000000] ACPI: LAPIC (acpi_id[0x06] lapic_id[0x0c] disabled)
[    0.000000] ACPI: LAPIC (acpi_id[0x07] lapic_id[0x0e] disabled)
[    0.000000] ACPI: LAPIC (acpi_id[0x08] lapic_id[0x10] disabled)
[    0.000000] ACPI: LAPIC (acpi_id[0x09] lapic_id[0x12] disabled)
[    0.000000] ACPI: LAPIC (acpi_id[0x0a] lapic_id[0x14] disabled)
[    0.000000] ACPI: LAPIC (acpi_id[0x0b] lapic_id[0x16] disabled)
[    0.000000] ACPI: LAPIC (acpi_id[0x0c] lapic_id[0x18] disabled)
[    0.000000] ACPI: LAPIC (acpi_id[0x0d] lapic_id[0x1a] disabled)
[    0.000000] ACPI: LAPIC (acpi_id[0x0e] lapic_id[0x1c] disabled)
[    0.000000] ACPI: LAPIC (acpi_id[0x0f] lapic_id[0x1e] disabled)
[    0.000000] ACPI: LAPIC (acpi_id[0x10] lapic_id[0x20] disabled)
[    0.000000] ACPI: LAPIC (acpi_id[0x11] lapic_id[0x22] disabled)
[    0.000000] ACPI: LAPIC (acpi_id[0x12] lapic_id[0x24] disabled)
[    0.000000] ACPI: LAPIC (acpi_id[0x13] lapic_id[0x26] disabled)
[    0.000000] ACPI: LAPIC (acpi_id[0x14] lapic_id[0x28] disabled)
[    0.000000] ACPI: LAPIC (acpi_id[0x15] lapic_id[0x2a] disabled)
[    0.000000] ACPI: LAPIC (acpi_id[0x16] lapic_id[0x2c] disabled)
[    0.000000] ACPI: LAPIC (acpi_id[0x17] lapic_id[0x2e] disabled)
[    0.000000] ACPI: LAPIC (acpi_id[0x18] lapic_id[0x30] disabled)
[    0.000000] ACPI: LAPIC (acpi_id[0x19] lapic_id[0x32] disabled)
[    0.000000] ACPI: LAPIC (acpi_id[0x1a] lapic_id[0x34] disabled)
[    0.000000] ACPI: LAPIC (acpi_id[0x1b] lapic_id[0x36] disabled)
[    0.000000] ACPI: LAPIC (acpi_id[0x1c] lapic_id[0x38] disabled)
[    0.000000] ACPI: LAPIC (acpi_id[0x1d] lapic_id[0x3a] disabled)
[    0.000000] ACPI: LAPIC (acpi_id[0x1e] lapic_id[0x3c] disabled)
[    0.000000] ACPI: LAPIC (acpi_id[0x1f] lapic_id[0x3e] disabled)
[    0.000000] ACPI: LAPIC (acpi_id[0x20] lapic_id[0x40] disabled)
[    0.000000] ACPI: LAPIC (acpi_id[0x21] lapic_id[0x42] disabled)
[    0.000000] ACPI: LAPIC (acpi_id[0x22] lapic_id[0x44] disabled)
[    0.000000] ACPI: LAPIC (acpi_id[0x23] lapic_id[0x46] disabled)
[    0.000000] ACPI: LAPIC (acpi_id[0x24] lapic_id[0x48] disabled)
[    0.000000] ACPI: LAPIC (acpi_id[0x25] lapic_id[0x4a] disabled)
[    0.000000] ACPI: LAPIC (acpi_id[0x26] lapic_id[0x4c] disabled)
[    0.000000] ACPI: LAPIC (acpi_id[0x27] lapic_id[0x4e] disabled)
[    0.000000] ACPI: LAPIC (acpi_id[0x28] lapic_id[0x50] disabled)
[    0.000000] ACPI: LAPIC (acpi_id[0x29] lapic_id[0x52] disabled)
[    0.000000] ACPI: LAPIC (acpi_id[0x2a] lapic_id[0x54] disabled)
[    0.000000] ACPI: LAPIC (acpi_id[0x2b] lapic_id[0x56] disabled)
[    0.000000] ACPI: LAPIC (acpi_id[0x2c] lapic_id[0x58] disabled)
[    0.000000] ACPI: LAPIC (acpi_id[0x2d] lapic_id[0x5a] disabled)
[    0.000000] ACPI: LAPIC (acpi_id[0x2e] lapic_id[0x5c] disabled)
[    0.000000] ACPI: LAPIC (acpi_id[0x2f] lapic_id[0x5e] disabled)
[    0.000000] ACPI: LAPIC (acpi_id[0x30] lapic_id[0x60] disabled)
[    0.000000] ACPI: LAPIC (acpi_id[0x31] lapic_id[0x62] disabled)
[    0.000000] ACPI: LAPIC (acpi_id[0x32] lapic_id[0x64] disabled)
[    0.000000] ACPI: LAPIC (acpi_id[0x33] lapic_id[0x66] disabled)
[    0.000000] ACPI: LAPIC (acpi_id[0x34] lapic_id[0x68] disabled)
[    0.000000] ACPI: LAPIC (acpi_id[0x35] lapic_id[0x6a] disabled)
[    0.000000] ACPI: LAPIC (acpi_id[0x36] lapic_id[0x6c] disabled)
[    0.000000] ACPI: LAPIC (acpi_id[0x37] lapic_id[0x6e] disabled)
[    0.000000] ACPI: LAPIC (acpi_id[0x38] lapic_id[0x70] disabled)
[    0.000000] ACPI: LAPIC (acpi_id[0x39] lapic_id[0x72] disabled)
[    0.000000] ACPI: LAPIC (acpi_id[0x3a] lapic_id[0x74] disabled)
[    0.000000] ACPI: LAPIC (acpi_id[0x3b] lapic_id[0x76] disabled)
[    0.000000] ACPI: LAPIC (acpi_id[0x3c] lapic_id[0x78] disabled)
[    0.000000] ACPI: LAPIC (acpi_id[0x3d] lapic_id[0x7a] disabled)
[    0.000000] ACPI: LAPIC (acpi_id[0x3e] lapic_id[0x7c] disabled)
[    0.000000] ACPI: LAPIC (acpi_id[0x3f] lapic_id[0x7e] disabled)
[    0.000000] ACPI: LAPIC (acpi_id[0x40] lapic_id[0x80] disabled)
[    0.000000] ACPI: LAPIC (acpi_id[0x41] lapic_id[0x82] disabled)
[    0.000000] ACPI: LAPIC (acpi_id[0x42] lapic_id[0x84] disabled)
[    0.000000] ACPI: LAPIC (acpi_id[0x43] lapic_id[0x86] disabled)
[    0.000000] ACPI: LAPIC (acpi_id[0x44] lapic_id[0x88] disabled)
[    0.000000] ACPI: LAPIC (acpi_id[0x45] lapic_id[0x8a] disabled)
[    0.000000] ACPI: LAPIC (acpi_id[0x46] lapic_id[0x8c] disabled)
[    0.000000] ACPI: LAPIC (acpi_id[0x47] lapic_id[0x8e] disabled)
[    0.000000] ACPI: LAPIC (acpi_id[0x48] lapic_id[0x90] disabled)
[    0.000000] ACPI: LAPIC (acpi_id[0x49] lapic_id[0x92] disabled)
[    0.000000] ACPI: LAPIC (acpi_id[0x4a] lapic_id[0x94] disabled)
[    0.000000] ACPI: LAPIC (acpi_id[0x4b] lapic_id[0x96] disabled)
[    0.000000] ACPI: LAPIC (acpi_id[0x4c] lapic_id[0x98] disabled)
[    0.000000] ACPI: LAPIC (acpi_id[0x4d] lapic_id[0x9a] disabled)
[    0.000000] ACPI: LAPIC (acpi_id[0x4e] lapic_id[0x9c] disabled)
[    0.000000] ACPI: LAPIC (acpi_id[0x4f] lapic_id[0x9e] disabled)
[    0.000000] ACPI: LAPIC (acpi_id[0x50] lapic_id[0xa0] disabled)
[    0.000000] ACPI: LAPIC (acpi_id[0x51] lapic_id[0xa2] disabled)
[    0.000000] ACPI: LAPIC (acpi_id[0x52] lapic_id[0xa4] disabled)
[    0.000000] ACPI: LAPIC (acpi_id[0x53] lapic_id[0xa6] disabled)
[    0.000000] ACPI: LAPIC (acpi_id[0x54] lapic_id[0xa8] disabled)
[    0.000000] ACPI: LAPIC (acpi_id[0x55] lapic_id[0xaa] disabled)
[    0.000000] ACPI: LAPIC (acpi_id[0x56] lapic_id[0xac] disabled)
[    0.000000] ACPI: LAPIC (acpi_id[0x57] lapic_id[0xae] disabled)
[    0.000000] ACPI: LAPIC (acpi_id[0x58] lapic_id[0xb0] disabled)
[    0.000000] ACPI: LAPIC (acpi_id[0x59] lapic_id[0xb2] disabled)
[    0.000000] ACPI: LAPIC (acpi_id[0x5a] lapic_id[0xb4] disabled)
[    0.000000] ACPI: LAPIC (acpi_id[0x5b] lapic_id[0xb6] disabled)
[    0.000000] ACPI: LAPIC (acpi_id[0x5c] lapic_id[0xb8] disabled)
[    0.000000] ACPI: LAPIC (acpi_id[0x5d] lapic_id[0xba] disabled)
[    0.000000] ACPI: LAPIC (acpi_id[0x5e] lapic_id[0xbc] disabled)
[    0.000000] ACPI: LAPIC (acpi_id[0x5f] lapic_id[0xbe] disabled)
[    0.000000] ACPI: LAPIC (acpi_id[0x60] lapic_id[0xc0] disabled)
[    0.000000] ACPI: LAPIC (acpi_id[0x61] lapic_id[0xc2] disabled)
[    0.000000] ACPI: LAPIC (acpi_id[0x62] lapic_id[0xc4] disabled)
[    0.000000] ACPI: LAPIC (acpi_id[0x63] lapic_id[0xc6] disabled)
[    0.000000] ACPI: LAPIC (acpi_id[0x64] lapic_id[0xc8] disabled)
[    0.000000] ACPI: LAPIC (acpi_id[0x65] lapic_id[0xca] disabled)
[    0.000000] ACPI: LAPIC (acpi_id[0x66] lapic_id[0xcc] disabled)
[    0.000000] ACPI: LAPIC (acpi_id[0x67] lapic_id[0xce] disabled)
[    0.000000] ACPI: LAPIC (acpi_id[0x68] lapic_id[0xd0] disabled)
[    0.000000] ACPI: LAPIC (acpi_id[0x69] lapic_id[0xd2] disabled)
[    0.000000] ACPI: LAPIC (acpi_id[0x6a] lapic_id[0xd4] disabled)
[    0.000000] ACPI: LAPIC (acpi_id[0x6b] lapic_id[0xd6] disabled)
[    0.000000] ACPI: LAPIC (acpi_id[0x6c] lapic_id[0xd8] disabled)
[    0.000000] ACPI: LAPIC (acpi_id[0x6d] lapic_id[0xda] disabled)
[    0.000000] ACPI: LAPIC (acpi_id[0x6e] lapic_id[0xdc] disabled)
[    0.000000] ACPI: LAPIC (acpi_id[0x6f] lapic_id[0xde] disabled)
[    0.000000] ACPI: LAPIC (acpi_id[0x70] lapic_id[0xe0] disabled)
[    0.000000] ACPI: LAPIC (acpi_id[0x71] lapic_id[0xe2] disabled)
[    0.000000] ACPI: LAPIC (acpi_id[0x72] lapic_id[0xe4] disabled)
[    0.000000] ACPI: LAPIC (acpi_id[0x73] lapic_id[0xe6] disabled)
[    0.000000] ACPI: LAPIC (acpi_id[0x74] lapic_id[0xe8] disabled)
[    0.000000] ACPI: LAPIC (acpi_id[0x75] lapic_id[0xea] disabled)
[    0.000000] ACPI: LAPIC (acpi_id[0x76] lapic_id[0xec] disabled)
[    0.000000] ACPI: LAPIC (acpi_id[0x77] lapic_id[0xee] disabled)
[    0.000000] ACPI: LAPIC (acpi_id[0x78] lapic_id[0xf0] disabled)
[    0.000000] ACPI: LAPIC (acpi_id[0x79] lapic_id[0xf2] disabled)
[    0.000000] ACPI: LAPIC (acpi_id[0x7a] lapic_id[0xf4] disabled)
[    0.000000] ACPI: LAPIC (acpi_id[0x7b] lapic_id[0xf6] disabled)
[    0.000000] ACPI: LAPIC (acpi_id[0x7c] lapic_id[0xf8] disabled)
[    0.000000] ACPI: LAPIC (acpi_id[0x7d] lapic_id[0xfa] disabled)
[    0.000000] ACPI: LAPIC (acpi_id[0x7e] lapic_id[0xfc] disabled)
[    0.000000] ACPI: LAPIC (acpi_id[0x7f] lapic_id[0xfe] disabled)
[    0.000000] ACPI: LAPIC_NMI (acpi_id[0x00] high edge lint[0x1])
[    0.000000] ACPI: LAPIC_NMI (acpi_id[0x01] high edge lint[0x1])
[    0.000000] ACPI: LAPIC_NMI (acpi_id[0x02] high edge lint[0x1])
[    0.000000] ACPI: LAPIC_NMI (acpi_id[0x03] high edge lint[0x1])
[    0.000000] ACPI: LAPIC_NMI (acpi_id[0x04] high edge lint[0x1])
[    0.000000] ACPI: LAPIC_NMI (acpi_id[0x05] high edge lint[0x1])
[    0.000000] ACPI: LAPIC_NMI (acpi_id[0x06] high edge lint[0x1])
[    0.000000] ACPI: LAPIC_NMI (acpi_id[0x07] high edge lint[0x1])
[    0.000000] ACPI: LAPIC_NMI (acpi_id[0x08] high edge lint[0x1])
[    0.000000] ACPI: LAPIC_NMI (acpi_id[0x09] high edge lint[0x1])
[    0.000000] ACPI: LAPIC_NMI (acpi_id[0x0a] high edge lint[0x1])
[    0.000000] ACPI: LAPIC_NMI (acpi_id[0x0b] high edge lint[0x1])
[    0.000000] ACPI: LAPIC_NMI (acpi_id[0x0c] high edge lint[0x1])
[    0.000000] ACPI: LAPIC_NMI (acpi_id[0x0d] high edge lint[0x1])
[    0.000000] ACPI: LAPIC_NMI (acpi_id[0x0e] high edge lint[0x1])
[    0.000000] ACPI: LAPIC_NMI (acpi_id[0x0f] high edge lint[0x1])
[    0.000000] ACPI: LAPIC_NMI (acpi_id[0x10] high edge lint[0x1])
[    0.000000] ACPI: LAPIC_NMI (acpi_id[0x11] high edge lint[0x1])
[    0.000000] ACPI: LAPIC_NMI (acpi_id[0x12] high edge lint[0x1])
[    0.000000] ACPI: LAPIC_NMI (acpi_id[0x13] high edge lint[0x1])
[    0.000000] ACPI: LAPIC_NMI (acpi_id[0x14] high edge lint[0x1])
[    0.000000] ACPI: LAPIC_NMI (acpi_id[0x15] high edge lint[0x1])
[    0.000000] ACPI: LAPIC_NMI (acpi_id[0x16] high edge lint[0x1])
[    0.000000] ACPI: LAPIC_NMI (acpi_id[0x17] high edge lint[0x1])
[    0.000000] ACPI: LAPIC_NMI (acpi_id[0x18] high edge lint[0x1])
[    0.000000] ACPI: LAPIC_NMI (acpi_id[0x19] high edge lint[0x1])
[    0.000000] ACPI: LAPIC_NMI (acpi_id[0x1a] high edge lint[0x1])
[    0.000000] ACPI: LAPIC_NMI (acpi_id[0x1b] high edge lint[0x1])
[    0.000000] ACPI: LAPIC_NMI (acpi_id[0x1c] high edge lint[0x1])
[    0.000000] ACPI: LAPIC_NMI (acpi_id[0x1d] high edge lint[0x1])
[    0.000000] ACPI: LAPIC_NMI (acpi_id[0x1e] high edge lint[0x1])
[    0.000000] ACPI: LAPIC_NMI (acpi_id[0x1f] high edge lint[0x1])
[    0.000000] ACPI: LAPIC_NMI (acpi_id[0x20] high edge lint[0x1])
[    0.000000] ACPI: LAPIC_NMI (acpi_id[0x21] high edge lint[0x1])
[    0.000000] ACPI: LAPIC_NMI (acpi_id[0x22] high edge lint[0x1])
[    0.000000] ACPI: LAPIC_NMI (acpi_id[0x23] high edge lint[0x1])
[    0.000000] ACPI: LAPIC_NMI (acpi_id[0x24] high edge lint[0x1])
[    0.000000] ACPI: LAPIC_NMI (acpi_id[0x25] high edge lint[0x1])
[    0.000000] ACPI: LAPIC_NMI (acpi_id[0x26] high edge lint[0x1])
[    0.000000] ACPI: LAPIC_NMI (acpi_id[0x27] high edge lint[0x1])
[    0.000000] ACPI: LAPIC_NMI (acpi_id[0x28] high edge lint[0x1])
[    0.000000] ACPI: LAPIC_NMI (acpi_id[0x29] high edge lint[0x1])
[    0.000000] ACPI: LAPIC_NMI (acpi_id[0x2a] high edge lint[0x1])
[    0.000000] ACPI: LAPIC_NMI (acpi_id[0x2b] high edge lint[0x1])
[    0.000000] ACPI: LAPIC_NMI (acpi_id[0x2c] high edge lint[0x1])
[    0.000000] ACPI: LAPIC_NMI (acpi_id[0x2d] high edge lint[0x1])
[    0.000000] ACPI: LAPIC_NMI (acpi_id[0x2e] high edge lint[0x1])
[    0.000000] ACPI: LAPIC_NMI (acpi_id[0x2f] high edge lint[0x1])
[    0.000000] ACPI: LAPIC_NMI (acpi_id[0x30] high edge lint[0x1])
[    0.000000] ACPI: LAPIC_NMI (acpi_id[0x31] high edge lint[0x1])
[    0.000000] ACPI: LAPIC_NMI (acpi_id[0x32] high edge lint[0x1])
[    0.000000] ACPI: LAPIC_NMI (acpi_id[0x33] high edge lint[0x1])
[    0.000000] ACPI: LAPIC_NMI (acpi_id[0x34] high edge lint[0x1])
[    0.000000] ACPI: LAPIC_NMI (acpi_id[0x35] high edge lint[0x1])
[    0.000000] ACPI: LAPIC_NMI (acpi_id[0x36] high edge lint[0x1])
[    0.000000] ACPI: LAPIC_NMI (acpi_id[0x37] high edge lint[0x1])
[    0.000000] ACPI: LAPIC_NMI (acpi_id[0x38] high edge lint[0x1])
[    0.000000] ACPI: LAPIC_NMI (acpi_id[0x39] high edge lint[0x1])
[    0.000000] ACPI: LAPIC_NMI (acpi_id[0x3a] high edge lint[0x1])
[    0.000000] ACPI: LAPIC_NMI (acpi_id[0x3b] high edge lint[0x1])
[    0.000000] ACPI: LAPIC_NMI (acpi_id[0x3c] high edge lint[0x1])
[    0.000000] ACPI: LAPIC_NMI (acpi_id[0x3d] high edge lint[0x1])
[    0.000000] ACPI: LAPIC_NMI (acpi_id[0x3e] high edge lint[0x1])
[    0.000000] ACPI: LAPIC_NMI (acpi_id[0x3f] high edge lint[0x1])
[    0.000000] ACPI: LAPIC_NMI (acpi_id[0x40] high edge lint[0x1])
[    0.000000] ACPI: LAPIC_NMI (acpi_id[0x41] high edge lint[0x1])
[    0.000000] ACPI: LAPIC_NMI (acpi_id[0x42] high edge lint[0x1])
[    0.000000] ACPI: LAPIC_NMI (acpi_id[0x43] high edge lint[0x1])
[    0.000000] ACPI: LAPIC_NMI (acpi_id[0x44] high edge lint[0x1])
[    0.000000] ACPI: LAPIC_NMI (acpi_id[0x45] high edge lint[0x1])
[    0.000000] ACPI: LAPIC_NMI (acpi_id[0x46] high edge lint[0x1])
[    0.000000] ACPI: LAPIC_NMI (acpi_id[0x47] high edge lint[0x1])
[    0.000000] ACPI: LAPIC_NMI (acpi_id[0x48] high edge lint[0x1])
[    0.000000] ACPI: LAPIC_NMI (acpi_id[0x49] high edge lint[0x1])
[    0.000000] ACPI: LAPIC_NMI (acpi_id[0x4a] high edge lint[0x1])
[    0.000000] ACPI: LAPIC_NMI (acpi_id[0x4b] high edge lint[0x1])
[    0.000000] ACPI: LAPIC_NMI (acpi_id[0x4c] high edge lint[0x1])
[    0.000000] ACPI: LAPIC_NMI (acpi_id[0x4d] high edge lint[0x1])
[    0.000000] ACPI: LAPIC_NMI (acpi_id[0x4e] high edge lint[0x1])
[    0.000000] ACPI: LAPIC_NMI (acpi_id[0x4f] high edge lint[0x1])
[    0.000000] ACPI: LAPIC_NMI (acpi_id[0x50] high edge lint[0x1])
[    0.000000] ACPI: LAPIC_NMI (acpi_id[0x51] high edge lint[0x1])
[    0.000000] ACPI: LAPIC_NMI (acpi_id[0x52] high edge lint[0x1])
[    0.000000] ACPI: LAPIC_NMI (acpi_id[0x53] high edge lint[0x1])
[    0.000000] ACPI: LAPIC_NMI (acpi_id[0x54] high edge lint[0x1])
[    0.000000] ACPI: LAPIC_NMI (acpi_id[0x55] high edge lint[0x1])
[    0.000000] ACPI: LAPIC_NMI (acpi_id[0x56] high edge lint[0x1])
[    0.000000] ACPI: LAPIC_NMI (acpi_id[0x57] high edge lint[0x1])
[    0.000000] ACPI: LAPIC_NMI (acpi_id[0x58] high edge lint[0x1])
[    0.000000] ACPI: LAPIC_NMI (acpi_id[0x59] high edge lint[0x1])
[    0.000000] ACPI: LAPIC_NMI (acpi_id[0x5a] high edge lint[0x1])
[    0.000000] ACPI: LAPIC_NMI (acpi_id[0x5b] high edge lint[0x1])
[    0.000000] ACPI: LAPIC_NMI (acpi_id[0x5c] high edge lint[0x1])
[    0.000000] ACPI: LAPIC_NMI (acpi_id[0x5d] high edge lint[0x1])
[    0.000000] ACPI: LAPIC_NMI (acpi_id[0x5e] high edge lint[0x1])
[    0.000000] ACPI: LAPIC_NMI (acpi_id[0x5f] high edge lint[0x1])
[    0.000000] ACPI: LAPIC_NMI (acpi_id[0x60] high edge lint[0x1])
[    0.000000] ACPI: LAPIC_NMI (acpi_id[0x61] high edge lint[0x1])
[    0.000000] ACPI: LAPIC_NMI (acpi_id[0x62] high edge lint[0x1])
[    0.000000] ACPI: LAPIC_NMI (acpi_id[0x63] high edge lint[0x1])
[    0.000000] ACPI: LAPIC_NMI (acpi_id[0x64] high edge lint[0x1])
[    0.000000] ACPI: LAPIC_NMI (acpi_id[0x65] high edge lint[0x1])
[    0.000000] ACPI: LAPIC_NMI (acpi_id[0x66] high edge lint[0x1])
[    0.000000] ACPI: LAPIC_NMI (acpi_id[0x67] high edge lint[0x1])
[    0.000000] ACPI: LAPIC_NMI (acpi_id[0x68] high edge lint[0x1])
[    0.000000] ACPI: LAPIC_NMI (acpi_id[0x69] high edge lint[0x1])
[    0.000000] ACPI: LAPIC_NMI (acpi_id[0x6a] high edge lint[0x1])
[    0.000000] ACPI: LAPIC_NMI (acpi_id[0x6b] high edge lint[0x1])
[    0.000000] ACPI: LAPIC_NMI (acpi_id[0x6c] high edge lint[0x1])
[    0.000000] ACPI: LAPIC_NMI (acpi_id[0x6d] high edge lint[0x1])
[    0.000000] ACPI: LAPIC_NMI (acpi_id[0x6e] high edge lint[0x1])
[    0.000000] ACPI: LAPIC_NMI (acpi_id[0x6f] high edge lint[0x1])
[    0.000000] ACPI: LAPIC_NMI (acpi_id[0x70] high edge lint[0x1])
[    0.000000] ACPI: LAPIC_NMI (acpi_id[0x71] high edge lint[0x1])
[    0.000000] ACPI: LAPIC_NMI (acpi_id[0x72] high edge lint[0x1])
[    0.000000] ACPI: LAPIC_NMI (acpi_id[0x73] high edge lint[0x1])
[    0.000000] ACPI: LAPIC_NMI (acpi_id[0x74] high edge lint[0x1])
[    0.000000] ACPI: LAPIC_NMI (acpi_id[0x75] high edge lint[0x1])
[    0.000000] ACPI: LAPIC_NMI (acpi_id[0x76] high edge lint[0x1])
[    0.000000] ACPI: LAPIC_NMI (acpi_id[0x77] high edge lint[0x1])
[    0.000000] ACPI: LAPIC_NMI (acpi_id[0x78] high edge lint[0x1])
[    0.000000] ACPI: LAPIC_NMI (acpi_id[0x79] high edge lint[0x1])
[    0.000000] ACPI: LAPIC_NMI (acpi_id[0x7a] high edge lint[0x1])
[    0.000000] ACPI: LAPIC_NMI (acpi_id[0x7b] high edge lint[0x1])
[    0.000000] ACPI: LAPIC_NMI (acpi_id[0x7c] high edge lint[0x1])
[    0.000000] ACPI: LAPIC_NMI (acpi_id[0x7d] high edge lint[0x1])
[    0.000000] ACPI: LAPIC_NMI (acpi_id[0x7e] high edge lint[0x1])
[    0.000000] ACPI: LAPIC_NMI (acpi_id[0x7f] high edge lint[0x1])
[    0.000000] ACPI: IOAPIC (id[0x01] address[0xfec00000] gsi_base[0])
[    0.000000] IOAPIC[0]: apic_id 1, version 17, address 0xfec00000, GSI 0-23
[    0.000000] ACPI: INT_SRC_OVR (bus 0 bus_irq 0 global_irq 2 high edge)
[    0.000000] ACPI: IRQ0 used by override.
[    0.000000] ACPI: IRQ9 used by override.
[    0.000000] Using ACPI (MADT) for SMP configuration information
[    0.000000] ACPI: HPET id: 0x8086af01 base: 0xfed00000
[    0.000000] smpboot: Allowing 128 CPUs, 127 hotplug CPUs
[    0.000000] PM: Registered nosave memory: [mem 0x0009e000-0x0009efff]
[    0.000000] PM: Registered nosave memory: [mem 0x0009f000-0x0009ffff]
[    0.000000] PM: Registered nosave memory: [mem 0x000a0000-0x000dbfff]
[    0.000000] PM: Registered nosave memory: [mem 0x000dc000-0x000fffff]
[    0.000000] PM: Registered nosave memory: [mem 0x7fee0000-0x7fefefff]
[    0.000000] PM: Registered nosave memory: [mem 0x7feff000-0x7fefffff]
[    0.000000] e820: [mem 0x80000000-0xefffffff] available for PCI devices
[    0.000000] Booting paravirtualized kernel on bare hardware
[    0.000000] setup_percpu: NR_CPUS:5120 nr_cpumask_bits:128 nr_cpu_ids:128 nr_node_ids:1
[    0.000000] PERCPU: Embedded 33 pages/cpu @ffff88007b600000 s96728 r8192 d30248 u262144
[    0.000000] pcpu-alloc: s96728 r8192 d30248 u262144 alloc=1*2097152
[    0.000000] pcpu-alloc: [0] 000 001 002 003 004 005 006 007 
[    0.000000] pcpu-alloc: [0] 008 009 010 011 012 013 014 015 
[    0.000000] pcpu-alloc: [0] 016 017 018 019 020 021 022 023 
[    0.000000] pcpu-alloc: [0] 024 025 026 027 028 029 030 031 
[    0.000000] pcpu-alloc: [0] 032 033 034 035 036 037 038 039 
[    0.000000] pcpu-alloc: [0] 040 041 042 043 044 045 046 047 
[    0.000000] pcpu-alloc: [0] 048 049 050 051 052 053 054 055 
[    0.000000] pcpu-alloc: [0] 056 057 058 059 060 061 062 063 
[    0.000000] pcpu-alloc: [0] 064 065 066 067 068 069 070 071 
[    0.000000] pcpu-alloc: [0] 072 073 074 075 076 077 078 079 
[    0.000000] pcpu-alloc: [0] 080 081 082 083 084 085 086 087 
[    0.000000] pcpu-alloc: [0] 088 089 090 091 092 093 094 095 
[    0.000000] pcpu-alloc: [0] 096 097 098 099 100 101 102 103 
[    0.000000] pcpu-alloc: [0] 104 105 106 107 108 109 110 111 
[    0.000000] pcpu-alloc: [0] 112 113 114 115 116 117 118 119 
[    0.000000] pcpu-alloc: [0] 120 121 122 123 124 125 126 127 
[    0.000000] Built 1 zonelists in Node order, mobility grouping on.  Total pages: 515944
[    0.000000] Policy zone: DMA32
[    0.000000] Kernel command line: BOOT_IMAGE=/vmlinuz-3.10.0-514.16.1.el7.x86_64 root=/dev/mapper/cl-root ro crashkernel=auto rd.lvm.lv=cl/root rd.lvm.lv=cl/swap rhgb quiet LANG=en_US.UTF-8
[    0.000000] PID hash table entries: 4096 (order: 3, 32768 bytes)
[    0.000000] x86/fpu: xstate_offset[2]: 0240, xstate_sizes[2]: 0100
[    0.000000] xsave: enabled xstate_bv 0x7, cntxt size 0x340 using standard form
[    0.000000] Memory: 1845748k/2097152k available (6767k kernel code, 524k absent, 250880k reserved, 4430k data, 1680k init)
[    0.000000] SLUB: HWalign=64, Order=0-3, MinObjects=0, CPUs=128, Nodes=1
[    0.000000] Hierarchical RCU implementation.
[    0.000000] 	RCU restricting CPUs from NR_CPUS=5120 to nr_cpu_ids=128.
[    0.000000] NR_IRQS:327936 nr_irqs:1448 0
[    0.000000] Console: colour VGA+ 80x25
[    0.000000] console [tty0] enabled
[    0.000000] allocated 8388608 bytes of page_cgroup
[    0.000000] please try 'cgroup_disable=memory' option if you don't want memory cgroups
[    0.000000] hpet clockevent registered
[    0.000000] tsc: Fast TSC calibration using PIT
[    0.000000] TSC freq read from hypervisor : 2601.000 MHz
[    0.000000] tsc: Detected 2599.822 MHz processor
[    0.000100] Calibrating delay loop (skipped) preset value.. 5202.00 BogoMIPS (lpj=2601000)
[    0.000109] pid_max: default: 131072 minimum: 1024
[    0.000125] Security Framework initialized
[    0.000130] SELinux:  Initializing.
[    0.000142] SELinux:  Starting in permissive mode
[    0.000173] Dentry cache hash table entries: 262144 (order: 9, 2097152 bytes)
[    0.000652] Inode-cache hash table entries: 131072 (order: 8, 1048576 bytes)
[    0.001652] Mount-cache hash table entries: 4096
[    0.001803] Initializing cgroup subsys memory
[    0.001818] Initializing cgroup subsys devices
[    0.001822] Initializing cgroup subsys freezer
[    0.001826] Initializing cgroup subsys net_cls
[    0.001829] Initializing cgroup subsys blkio
[    0.001832] Initializing cgroup subsys perf_event
[    0.001839] Initializing cgroup subsys hugetlb
[    0.001841] Initializing cgroup subsys pids
[    0.001844] Initializing cgroup subsys net_prio
[    0.001866] Disabled fast string operations
[    0.001873] CPU: Physical Processor ID: 0
[    0.001886] ENERGY_PERF_BIAS: Set to 'normal', was 'performance'
[    0.001889] ENERGY_PERF_BIAS: View and update with x86_energy_perf_policy(8)
[    0.001904] mce: CPU supports 0 MCE banks
[    0.001936] Last level iTLB entries: 4KB 512, 2MB 0, 4MB 0
[    0.001939] Last level dTLB entries: 4KB 512, 2MB 32, 4MB 32
[    0.001941] tlb_flushall_shift: 2
[    0.013651] ACPI: Core revision 20130517
[    0.015459] ACPI: All ACPI Tables successfully acquired
[    0.015664] ftrace: allocating 25812 entries in 101 pages
[    0.028769] smpboot: APIC(0) Converting physical 0 to logical package 0
[    0.028773] smpboot: Max logical packages: 128
[    0.028964] Enabling x2apic
[    0.028979] Enabled x2apic
[    0.028995] Switched APIC routing to physical x2apic.
[    0.029242] ..TIMER: vector=0x30 apic1=0 pin1=2 apic2=-1 pin2=-1
[    0.039257] smpboot: CPU0: Intel(R) Core(TM) i5-3230M CPU @ 2.60GHz (fam: 06, model: 3a, stepping: 09)
[    0.039283] TSC deadline timer enabled
[    0.039312] Performance Events: 16-deep LBR, IvyBridge events, core PMU driver.
[    0.039347] core: CPUID marked event: 'cpu cycles' unavailable
[    0.039349] core: CPUID marked event: 'instructions' unavailable
[    0.039350] core: CPUID marked event: 'bus cycles' unavailable
[    0.039351] core: CPUID marked event: 'cache references' unavailable
[    0.039353] core: CPUID marked event: 'cache misses' unavailable
[    0.039354] core: CPUID marked event: 'branch instructions' unavailable
[    0.039355] core: CPUID marked event: 'branch misses' unavailable
[    0.039359] ... version:                1
[    0.039360] ... bit width:              48
[    0.039361] ... generic registers:      4
[    0.039363] ... value mask:             0000ffffffffffff
[    0.039364] ... max period:             000000007fffffff
[    0.039365] ... fixed-purpose events:   0
[    0.039366] ... event mask:             000000000000000f
[    0.045347] NMI watchdog: disabled (cpu0): hardware events not enabled
[    0.045350] NMI watchdog: Shutting down hard lockup detector on all cpus
[    0.046571] Brought up 1 CPUs
[    0.046575] smpboot: Total of 1 processors activated (5202.00 BogoMIPS)
[    0.047841] devtmpfs: initialized
[    0.049427] EVM: security.selinux
[    0.049429] EVM: security.ima
[    0.049430] EVM: security.capability
[    0.049503] PM: Registering ACPI NVS region [mem 0x7feff000-0x7fefffff] (4096 bytes)
[    0.050331] atomic64 test passed for x86-64 platform with CX8 and with SSE
[    0.050336] pinctrl core: initialized pinctrl subsystem
[    0.050388] NET: Registered protocol family 16
[    0.050592] ACPI: bus type PCI registered
[    0.050595] acpiphp: ACPI Hot Plug PCI Controller Driver version: 0.5
[    0.050786] PCI: MMCONFIG for domain 0000 [bus 00-7f] at [mem 0xf0000000-0xf7ffffff] (base 0xf0000000)
[    0.050789] PCI: MMCONFIG at [mem 0xf0000000-0xf7ffffff] reserved in E820
[    0.050794] PCI: Using configuration type 1 for base access
[    0.050841] core: PMU erratum BJ122, BV98, HSD29 workaround disabled, HT off
[    0.052225] ACPI: Added _OSI(Module Device)
[    0.052229] ACPI: Added _OSI(Processor Device)
[    0.052230] ACPI: Added _OSI(3.0 _SCP Extensions)
[    0.052232] ACPI: Added _OSI(Processor Aggregator Device)
[    0.053660] ACPI: EC: Look up EC in DSDT
[    0.056822] [Firmware Bug]: ACPI: BIOS _OSI(Linux) query ignored
[    0.066910] ACPI: Interpreter enabled
[    0.066939] ACPI: (supports S0 S1 S4 S5)
[    0.066941] ACPI: Using IOAPIC for interrupt routing
[    0.066974] PCI: Using host bridge windows from ACPI; if necessary, use "pci=nocrs" and report a bug
[    0.139950] ACPI: PCI Root Bridge [PCI0] (domain 0000 [bus 00-7f])
[    0.139962] acpi PNP0A03:00: _OSC: OS supports [ExtendedConfig ASPM ClockPM Segments MSI]
[    0.140415] acpi PNP0A03:00: _OSC: platform does not support [AER]
[    0.140917] acpi PNP0A03:00: _OSC: OS now controls [PCIeHotplug PME PCIeCapability]
[    0.142847] PCI host bridge to bus 0000:00
[    0.142852] pci_bus 0000:00: root bus resource [bus 00-7f]
[    0.142855] pci_bus 0000:00: root bus resource [mem 0x000a0000-0x000bffff window]
[    0.142857] pci_bus 0000:00: root bus resource [mem 0x000cc000-0x000cffff window]
[    0.142858] pci_bus 0000:00: root bus resource [mem 0x000d0000-0x000d3fff window]
[    0.142860] pci_bus 0000:00: root bus resource [mem 0x000d4000-0x000d7fff window]
[    0.142862] pci_bus 0000:00: root bus resource [mem 0x000d8000-0x000dbfff window]
[    0.142864] pci_bus 0000:00: root bus resource [mem 0xc0000000-0xfebfffff window]
[    0.142866] pci_bus 0000:00: root bus resource [io  0x0000-0x0cf7 window]
[    0.142868] pci_bus 0000:00: root bus resource [io  0x0d00-0xfeff window]
[    0.142922] pci 0000:00:00.0: [8086:7190] type 00 class 0x060000
[    0.143432] pci 0000:00:01.0: [8086:7191] type 01 class 0x060400
[    0.143902] pci 0000:00:07.0: [8086:7110] type 00 class 0x060100
[    0.144430] pci 0000:00:07.1: [8086:7111] type 00 class 0x01018a
[    0.145382] pci 0000:00:07.1: reg 0x20: [io  0x1060-0x106f]
[    0.145835] pci 0000:00:07.1: legacy IDE quirk: reg 0x10: [io  0x01f0-0x01f7]
[    0.145837] pci 0000:00:07.1: legacy IDE quirk: reg 0x14: [io  0x03f6]
[    0.145838] pci 0000:00:07.1: legacy IDE quirk: reg 0x18: [io  0x0170-0x0177]
[    0.145840] pci 0000:00:07.1: legacy IDE quirk: reg 0x1c: [io  0x0376]
[    0.145990] pci 0000:00:07.3: [8086:7113] type 00 class 0x068000
[    0.147394] pci 0000:00:07.3: quirk: [io  0x1000-0x103f] claimed by PIIX4 ACPI
[    0.147407] pci 0000:00:07.3: quirk: [io  0x1040-0x104f] claimed by PIIX4 SMB
[    0.147682] pci 0000:00:07.7: [15ad:0740] type 00 class 0x088000
[    0.148259] pci 0000:00:07.7: reg 0x10: [io  0x1080-0x10bf]
[    0.148711] pci 0000:00:07.7: reg 0x14: [mem 0xfebfe000-0xfebfffff 64bit]
[    0.151191] pci 0000:00:0f.0: [15ad:0405] type 00 class 0x030000
[    0.151975] pci 0000:00:0f.0: reg 0x10: [io  0x1070-0x107f]
[    0.152986] pci 0000:00:0f.0: reg 0x14: [mem 0xe8000000-0xefffffff pref]
[    0.153989] pci 0000:00:0f.0: reg 0x18: [mem 0xfe000000-0xfe7fffff]
[    0.158027] pci 0000:00:0f.0: reg 0x30: [mem 0x00000000-0x00007fff pref]
[    0.158575] pci 0000:00:10.0: [1000:0030] type 00 class 0x010000
[    0.159378] pci 0000:00:10.0: reg 0x10: [io  0x1400-0x14ff]
[    0.160032] pci 0000:00:10.0: reg 0x14: [mem 0xfeba0000-0xfebbffff 64bit]
[    0.160484] pci 0000:00:10.0: reg 0x1c: [mem 0xfebc0000-0xfebdffff 64bit]
[    0.161486] pci 0000:00:10.0: reg 0x30: [mem 0x00000000-0x00003fff pref]
[    0.161863] pci 0000:00:11.0: [15ad:0790] type 01 class 0x060401
[    0.162417] pci 0000:00:11.0: System wakeup disabled by ACPI
[    0.162581] pci 0000:00:15.0: [15ad:07a0] type 01 class 0x060400
[    0.163217] pci 0000:00:15.0: PME# supported from D0 D3hot D3cold
[    0.163416] pci 0000:00:15.0: System wakeup disabled by ACPI
[    0.163537] pci 0000:00:15.1: [15ad:07a0] type 01 class 0x060400
[    0.164122] pci 0000:00:15.1: PME# supported from D0 D3hot D3cold
[    0.164279] pci 0000:00:15.1: System wakeup disabled by ACPI
[    0.164450] pci 0000:00:15.2: [15ad:07a0] type 01 class 0x060400
[    0.165109] pci 0000:00:15.2: PME# supported from D0 D3hot D3cold
[    0.165328] pci 0000:00:15.2: System wakeup disabled by ACPI
[    0.165496] pci 0000:00:15.3: [15ad:07a0] type 01 class 0x060400
[    0.166155] pci 0000:00:15.3: PME# supported from D0 D3hot D3cold
[    0.166371] pci 0000:00:15.3: System wakeup disabled by ACPI
[    0.166507] pci 0000:00:15.4: [15ad:07a0] type 01 class 0x060400
[    0.167112] pci 0000:00:15.4: PME# supported from D0 D3hot D3cold
[    0.167255] pci 0000:00:15.4: System wakeup disabled by ACPI
[    0.167420] pci 0000:00:15.5: [15ad:07a0] type 01 class 0x060400
[    0.167873] pci 0000:00:15.5: PME# supported from D0 D3hot D3cold
[    0.168013] pci 0000:00:15.5: System wakeup disabled by ACPI
[    0.168118] pci 0000:00:15.6: [15ad:07a0] type 01 class 0x060400
[    0.168571] pci 0000:00:15.6: PME# supported from D0 D3hot D3cold
[    0.168710] pci 0000:00:15.6: System wakeup disabled by ACPI
[    0.168816] pci 0000:00:15.7: [15ad:07a0] type 01 class 0x060400
[    0.169391] pci 0000:00:15.7: PME# supported from D0 D3hot D3cold
[    0.169531] pci 0000:00:15.7: System wakeup disabled by ACPI
[    0.169636] pci 0000:00:16.0: [15ad:07a0] type 01 class 0x060400
[    0.170202] pci 0000:00:16.0: PME# supported from D0 D3hot D3cold
[    0.170341] pci 0000:00:16.0: System wakeup disabled by ACPI
[    0.170450] pci 0000:00:16.1: [15ad:07a0] type 01 class 0x060400
[    0.170903] pci 0000:00:16.1: PME# supported from D0 D3hot D3cold
[    0.171203] pci 0000:00:16.1: System wakeup disabled by ACPI
[    0.171476] pci 0000:00:16.2: [15ad:07a0] type 01 class 0x060400
[    0.171554] pci 0000:00:16.2: PME# supported from D0 D3hot D3cold
[    0.172253] pci 0000:00:16.2: System wakeup disabled by ACPI
[    0.172383] pci 0000:00:16.3: [15ad:07a0] type 01 class 0x060400
[    0.173257] pci 0000:00:16.3: PME# supported from D0 D3hot D3cold
[    0.173409] pci 0000:00:16.3: System wakeup disabled by ACPI
[    0.173524] pci 0000:00:16.4: [15ad:07a0] type 01 class 0x060400
[    0.173977] pci 0000:00:16.4: PME# supported from D0 D3hot D3cold
[    0.173993] pci 0000:00:16.4: System wakeup disabled by ACPI
[    0.174195] pci 0000:00:16.5: [15ad:07a0] type 01 class 0x060400
[    0.174648] pci 0000:00:16.5: PME# supported from D0 D3hot D3cold
[    0.174812] pci 0000:00:16.5: System wakeup disabled by ACPI
[    0.174950] pci 0000:00:16.6: [15ad:07a0] type 01 class 0x060400
[    0.175479] pci 0000:00:16.6: PME# supported from D0 D3hot D3cold
[    0.175623] pci 0000:00:16.6: System wakeup disabled by ACPI
[    0.175759] pci 0000:00:16.7: [15ad:07a0] type 01 class 0x060400
[    0.176426] pci 0000:00:16.7: PME# supported from D0 D3hot D3cold
[    0.176565] pci 0000:00:16.7: System wakeup disabled by ACPI
[    0.176719] pci 0000:00:17.0: [15ad:07a0] type 01 class 0x060400
[    0.177249] pci 0000:00:17.0: PME# supported from D0 D3hot D3cold
[    0.177392] pci 0000:00:17.0: System wakeup disabled by ACPI
[    0.177495] pci 0000:00:17.1: [15ad:07a0] type 01 class 0x060400
[    0.177948] pci 0000:00:17.1: PME# supported from D0 D3hot D3cold
[    0.178086] pci 0000:00:17.1: System wakeup disabled by ACPI
[    0.178208] pci 0000:00:17.2: [15ad:07a0] type 01 class 0x060400
[    0.178661] pci 0000:00:17.2: PME# supported from D0 D3hot D3cold
[    0.178800] pci 0000:00:17.2: System wakeup disabled by ACPI
[    0.178913] pci 0000:00:17.3: [15ad:07a0] type 01 class 0x060400
[    0.179472] pci 0000:00:17.3: PME# supported from D0 D3hot D3cold
[    0.179610] pci 0000:00:17.3: System wakeup disabled by ACPI
[    0.179715] pci 0000:00:17.4: [15ad:07a0] type 01 class 0x060400
[    0.180241] pci 0000:00:17.4: PME# supported from D0 D3hot D3cold
[    0.180422] pci 0000:00:17.4: System wakeup disabled by ACPI
[    0.180542] pci 0000:00:17.5: [15ad:07a0] type 01 class 0x060400
[    0.180995] pci 0000:00:17.5: PME# supported from D0 D3hot D3cold
[    0.181135] pci 0000:00:17.5: System wakeup disabled by ACPI
[    0.181233] pci 0000:00:17.6: [15ad:07a0] type 01 class 0x060400
[    0.181686] pci 0000:00:17.6: PME# supported from D0 D3hot D3cold
[    0.181826] pci 0000:00:17.6: System wakeup disabled by ACPI
[    0.181932] pci 0000:00:17.7: [15ad:07a0] type 01 class 0x060400
[    0.182491] pci 0000:00:17.7: PME# supported from D0 D3hot D3cold
[    0.182636] pci 0000:00:17.7: System wakeup disabled by ACPI
[    0.182740] pci 0000:00:18.0: [15ad:07a0] type 01 class 0x060400
[    0.183292] pci 0000:00:18.0: PME# supported from D0 D3hot D3cold
[    0.183432] pci 0000:00:18.0: System wakeup disabled by ACPI
[    0.183538] pci 0000:00:18.1: [15ad:07a0] type 01 class 0x060400
[    0.183991] pci 0000:00:18.1: PME# supported from D0 D3hot D3cold
[    0.184160] pci 0000:00:18.1: System wakeup disabled by ACPI
[    0.184270] pci 0000:00:18.2: [15ad:07a0] type 01 class 0x060400
[    0.184723] pci 0000:00:18.2: PME# supported from D0 D3hot D3cold
[    0.184926] pci 0000:00:18.2: System wakeup disabled by ACPI
[    0.185075] pci 0000:00:18.3: [15ad:07a0] type 01 class 0x060400
[    0.185631] pci 0000:00:18.3: PME# supported from D0 D3hot D3cold
[    0.185789] pci 0000:00:18.3: System wakeup disabled by ACPI
[    0.185912] pci 0000:00:18.4: [15ad:07a0] type 01 class 0x060400
[    0.186470] pci 0000:00:18.4: PME# supported from D0 D3hot D3cold
[    0.186616] pci 0000:00:18.4: System wakeup disabled by ACPI
[    0.186720] pci 0000:00:18.5: [15ad:07a0] type 01 class 0x060400
[    0.187274] pci 0000:00:18.5: PME# supported from D0 D3hot D3cold
[    0.187414] pci 0000:00:18.5: System wakeup disabled by ACPI
[    0.187519] pci 0000:00:18.6: [15ad:07a0] type 01 class 0x060400
[    0.187972] pci 0000:00:18.6: PME# supported from D0 D3hot D3cold
[    0.188113] pci 0000:00:18.6: System wakeup disabled by ACPI
[    0.188293] pci 0000:00:18.7: [15ad:07a0] type 01 class 0x060400
[    0.188746] pci 0000:00:18.7: PME# supported from D0 D3hot D3cold
[    0.188887] pci 0000:00:18.7: System wakeup disabled by ACPI
[    0.189338] pci 0000:00:01.0: PCI bridge to [bus 01]
[    0.189831] acpiphp: Slot [32] registered
[    0.189882] acpiphp: Slot [33] registered
[    0.189928] acpiphp: Slot [34] registered
[    0.189966] acpiphp: Slot [35] registered
[    0.189993] acpiphp: Slot [36] registered
[    0.190014] acpiphp: Slot [37] registered
[    0.190064] acpiphp: Slot [38] registered
[    0.190094] acpiphp: Slot [39] registered
[    0.190116] acpiphp: Slot [40] registered
[    0.190135] acpiphp: Slot [41] registered
[    0.190166] acpiphp: Slot [42] registered
[    0.190188] acpiphp: Slot [43] registered
[    0.190190] acpiphp: Slot [44] registered
[    0.190218] acpiphp: Slot [45] registered
[    0.190238] acpiphp: Slot [46] registered
[    0.190260] acpiphp: Slot [47] registered
[    0.190281] acpiphp: Slot [48] registered
[    0.190305] acpiphp: Slot [49] registered
[    0.190324] acpiphp: Slot [50] registered
[    0.190344] acpiphp: Slot [51] registered
[    0.190363] acpiphp: Slot [52] registered
[    0.190382] acpiphp: Slot [53] registered
[    0.190401] acpiphp: Slot [54] registered
[    0.190420] acpiphp: Slot [55] registered
[    0.190443] acpiphp: Slot [56] registered
[    0.190463] acpiphp: Slot [57] registered
[    0.190482] acpiphp: Slot [58] registered
[    0.190501] acpiphp: Slot [59] registered
[    0.190519] acpiphp: Slot [60] registered
[    0.190545] acpiphp: Slot [61] registered
[    0.190569] acpiphp: Slot [62] registered
[    0.190619] acpiphp: Slot [63] registered
[    0.190691] pci 0000:02:00.0: [15ad:0774] type 00 class 0x0c0300
[    0.191665] pci 0000:02:00.0: reg 0x20: [io  0x2080-0x209f]
[    0.192325] pci 0000:02:00.0: System wakeup disabled by ACPI
[    0.192445] pci 0000:02:01.0: [8086:100f] type 00 class 0x020000
[    0.192898] pci 0000:02:01.0: reg 0x10: [mem 0xfd5c0000-0xfd5dffff 64bit]
[    0.193609] pci 0000:02:01.0: reg 0x18: [mem 0xfdff0000-0xfdffffff 64bit]
[    0.194233] pci 0000:02:01.0: reg 0x20: [io  0x2000-0x203f]
[    0.195561] pci 0000:02:01.0: reg 0x30: [mem 0x00000000-0x0000ffff pref]
[    0.195872] pci 0000:02:01.0: System wakeup disabled by ACPI
[    0.195971] pci 0000:02:02.0: [1274:1371] type 00 class 0x040100
[    0.196243] pci 0000:02:02.0: reg 0x10: [io  0x2040-0x207f]
[    0.197698] pci 0000:02:02.0: System wakeup disabled by ACPI
[    0.197853] pci 0000:02:03.0: [15ad:0770] type 00 class 0x0c0320
[    0.198196] pci 0000:02:03.0: reg 0x10: [mem 0xfd5ef000-0xfd5effff]
[    0.199709] pci 0000:02:03.0: System wakeup disabled by ACPI
[    0.199972] pci 0000:00:11.0: PCI bridge to [bus 02] (subtractive decode)
[    0.199992] pci 0000:00:11.0:   bridge window [io  0x2000-0x3fff]
[    0.200011] pci 0000:00:11.0:   bridge window [mem 0xfd500000-0xfdffffff]
[    0.200060] pci 0000:00:11.0:   bridge window [mem 0xe7b00000-0xe7ffffff 64bit pref]
[    0.200063] pci 0000:00:11.0:   bridge window [mem 0x000a0000-0x000bffff window] (subtractive decode)
[    0.200065] pci 0000:00:11.0:   bridge window [mem 0x000cc000-0x000cffff window] (subtractive decode)
[    0.200067] pci 0000:00:11.0:   bridge window [mem 0x000d0000-0x000d3fff window] (subtractive decode)
[    0.200069] pci 0000:00:11.0:   bridge window [mem 0x000d4000-0x000d7fff window] (subtractive decode)
[    0.200071] pci 0000:00:11.0:   bridge window [mem 0x000d8000-0x000dbfff window] (subtractive decode)
[    0.200073] pci 0000:00:11.0:   bridge window [mem 0xc0000000-0xfebfffff window] (subtractive decode)
[    0.200075] pci 0000:00:11.0:   bridge window [io  0x0000-0x0cf7 window] (subtractive decode)
[    0.200077] pci 0000:00:11.0:   bridge window [io  0x0d00-0xfeff window] (subtractive decode)
[    0.200420] pci 0000:00:15.0: PCI bridge to [bus 03]
[    0.200440] pci 0000:00:15.0:   bridge window [io  0x4000-0x4fff]
[    0.200459] pci 0000:00:15.0:   bridge window [mem 0xfd400000-0xfd4fffff]
[    0.200495] pci 0000:00:15.0:   bridge window [mem 0xe7a00000-0xe7afffff 64bit pref]
[    0.200785] pci 0000:00:15.1: PCI bridge to [bus 04]
[    0.200804] pci 0000:00:15.1:   bridge window [io  0x8000-0x8fff]
[    0.200823] pci 0000:00:15.1:   bridge window [mem 0xfd000000-0xfd0fffff]
[    0.200859] pci 0000:00:15.1:   bridge window [mem 0xe7600000-0xe76fffff 64bit pref]
[    0.201183] pci 0000:00:15.2: PCI bridge to [bus 05]
[    0.201201] pci 0000:00:15.2:   bridge window [io  0xc000-0xcfff]
[    0.201221] pci 0000:00:15.2:   bridge window [mem 0xfcc00000-0xfccfffff]
[    0.201256] pci 0000:00:15.2:   bridge window [mem 0xe7200000-0xe72fffff 64bit pref]
[    0.201531] pci 0000:00:15.3: PCI bridge to [bus 06]
[    0.201567] pci 0000:00:15.3:   bridge window [mem 0xfc800000-0xfc8fffff]
[    0.201602] pci 0000:00:15.3:   bridge window [mem 0xe6e00000-0xe6efffff 64bit pref]
[    0.201890] pci 0000:00:15.4: PCI bridge to [bus 07]
[    0.201925] pci 0000:00:15.4:   bridge window [mem 0xfc400000-0xfc4fffff]
[    0.201961] pci 0000:00:15.4:   bridge window [mem 0xe6a00000-0xe6afffff 64bit pref]
[    0.202286] pci 0000:00:15.5: PCI bridge to [bus 08]
[    0.202321] pci 0000:00:15.5:   bridge window [mem 0xfc000000-0xfc0fffff]
[    0.202356] pci 0000:00:15.5:   bridge window [mem 0xe6600000-0xe66fffff 64bit pref]
[    0.202646] pci 0000:00:15.6: PCI bridge to [bus 09]
[    0.202681] pci 0000:00:15.6:   bridge window [mem 0xfbc00000-0xfbcfffff]
[    0.202716] pci 0000:00:15.6:   bridge window [mem 0xe6200000-0xe62fffff 64bit pref]
[    0.203056] pci 0000:00:15.7: PCI bridge to [bus 0a]
[    0.203276] pci 0000:00:15.7:   bridge window [mem 0xfb800000-0xfb8fffff]
[    0.203415] pci 0000:00:15.7:   bridge window [mem 0xe5e00000-0xe5efffff 64bit pref]
[    0.203832] pci 0000:00:16.0: PCI bridge to [bus 0b]
[    0.203854] pci 0000:00:16.0:   bridge window [io  0x5000-0x5fff]
[    0.203875] pci 0000:00:16.0:   bridge window [mem 0xfd300000-0xfd3fffff]
[    0.203913] pci 0000:00:16.0:   bridge window [mem 0xe7900000-0xe79fffff 64bit pref]
[    0.204238] pci 0000:00:16.1: PCI bridge to [bus 0c]
[    0.204258] pci 0000:00:16.1:   bridge window [io  0x9000-0x9fff]
[    0.204279] pci 0000:00:16.1:   bridge window [mem 0xfcf00000-0xfcffffff]
[    0.204322] pci 0000:00:16.1:   bridge window [mem 0xe7500000-0xe75fffff 64bit pref]
[    0.204768] pci 0000:00:16.2: PCI bridge to [bus 0d]
[    0.204788] pci 0000:00:16.2:   bridge window [io  0xd000-0xdfff]
[    0.204808] pci 0000:00:16.2:   bridge window [mem 0xfcb00000-0xfcbfffff]
[    0.204843] pci 0000:00:16.2:   bridge window [mem 0xe7100000-0xe71fffff 64bit pref]
[    0.205142] pci 0000:00:16.3: PCI bridge to [bus 0e]
[    0.205178] pci 0000:00:16.3:   bridge window [mem 0xfc700000-0xfc7fffff]
[    0.205213] pci 0000:00:16.3:   bridge window [mem 0xe6d00000-0xe6dfffff 64bit pref]
[    0.205508] pci 0000:00:16.4: PCI bridge to [bus 0f]
[    0.205544] pci 0000:00:16.4:   bridge window [mem 0xfc300000-0xfc3fffff]
[    0.205579] pci 0000:00:16.4:   bridge window [mem 0xe6900000-0xe69fffff 64bit pref]
[    0.205893] pci 0000:00:16.5: PCI bridge to [bus 10]
[    0.205928] pci 0000:00:16.5:   bridge window [mem 0xfbf00000-0xfbffffff]
[    0.205964] pci 0000:00:16.5:   bridge window [mem 0xe6500000-0xe65fffff 64bit pref]
[    0.206254] pci 0000:00:16.6: PCI bridge to [bus 11]
[    0.206289] pci 0000:00:16.6:   bridge window [mem 0xfbb00000-0xfbbfffff]
[    0.206330] pci 0000:00:16.6:   bridge window [mem 0xe6100000-0xe61fffff 64bit pref]
[    0.206621] pci 0000:00:16.7: PCI bridge to [bus 12]
[    0.206656] pci 0000:00:16.7:   bridge window [mem 0xfb700000-0xfb7fffff]
[    0.206704] pci 0000:00:16.7:   bridge window [mem 0xe5d00000-0xe5dfffff 64bit pref]
[    0.206999] pci 0000:00:17.0: PCI bridge to [bus 13]
[    0.207018] pci 0000:00:17.0:   bridge window [io  0x6000-0x6fff]
[    0.207037] pci 0000:00:17.0:   bridge window [mem 0xfd200000-0xfd2fffff]
[    0.207072] pci 0000:00:17.0:   bridge window [mem 0xe7800000-0xe78fffff 64bit pref]
[    0.207362] pci 0000:00:17.1: PCI bridge to [bus 14]
[    0.207381] pci 0000:00:17.1:   bridge window [io  0xa000-0xafff]
[    0.207400] pci 0000:00:17.1:   bridge window [mem 0xfce00000-0xfcefffff]
[    0.207435] pci 0000:00:17.1:   bridge window [mem 0xe7400000-0xe74fffff 64bit pref]
[    0.207810] pci 0000:00:17.2: PCI bridge to [bus 15]
[    0.207830] pci 0000:00:17.2:   bridge window [io  0xe000-0xefff]
[    0.207849] pci 0000:00:17.2:   bridge window [mem 0xfca00000-0xfcafffff]
[    0.207884] pci 0000:00:17.2:   bridge window [mem 0xe7000000-0xe70fffff 64bit pref]
[    0.208180] pci 0000:00:17.3: PCI bridge to [bus 16]
[    0.208215] pci 0000:00:17.3:   bridge window [mem 0xfc600000-0xfc6fffff]
[    0.208251] pci 0000:00:17.3:   bridge window [mem 0xe6c00000-0xe6cfffff 64bit pref]
[    0.208535] pci 0000:00:17.4: PCI bridge to [bus 17]
[    0.208570] pci 0000:00:17.4:   bridge window [mem 0xfc200000-0xfc2fffff]
[    0.208605] pci 0000:00:17.4:   bridge window [mem 0xe6800000-0xe68fffff 64bit pref]
[    0.208923] pci 0000:00:17.5: PCI bridge to [bus 18]
[    0.208958] pci 0000:00:17.5:   bridge window [mem 0xfbe00000-0xfbefffff]
[    0.208993] pci 0000:00:17.5:   bridge window [mem 0xe6400000-0xe64fffff 64bit pref]
[    0.209275] pci 0000:00:17.6: PCI bridge to [bus 19]
[    0.209310] pci 0000:00:17.6:   bridge window [mem 0xfba00000-0xfbafffff]
[    0.209346] pci 0000:00:17.6:   bridge window [mem 0xe6000000-0xe60fffff 64bit pref]
[    0.209644] pci 0000:00:17.7: PCI bridge to [bus 1a]
[    0.209705] pci 0000:00:17.7:   bridge window [mem 0xfb600000-0xfb6fffff]
[    0.209740] pci 0000:00:17.7:   bridge window [mem 0xe5c00000-0xe5cfffff 64bit pref]
[    0.210023] pci 0000:00:18.0: PCI bridge to [bus 1b]
[    0.210042] pci 0000:00:18.0:   bridge window [io  0x7000-0x7fff]
[    0.210061] pci 0000:00:18.0:   bridge window [mem 0xfd100000-0xfd1fffff]
[    0.210096] pci 0000:00:18.0:   bridge window [mem 0xe7700000-0xe77fffff 64bit pref]
[    0.210391] pci 0000:00:18.1: PCI bridge to [bus 1c]
[    0.210409] pci 0000:00:18.1:   bridge window [io  0xb000-0xbfff]
[    0.210428] pci 0000:00:18.1:   bridge window [mem 0xfcd00000-0xfcdfffff]
[    0.210463] pci 0000:00:18.1:   bridge window [mem 0xe7300000-0xe73fffff 64bit pref]
[    0.210779] pci 0000:00:18.2: PCI bridge to [bus 1d]
[    0.210814] pci 0000:00:18.2:   bridge window [mem 0xfc900000-0xfc9fffff]
[    0.210849] pci 0000:00:18.2:   bridge window [mem 0xe6f00000-0xe6ffffff 64bit pref]
[    0.211150] pci 0000:00:18.3: PCI bridge to [bus 1e]
[    0.211185] pci 0000:00:18.3:   bridge window [mem 0xfc500000-0xfc5fffff]
[    0.211220] pci 0000:00:18.3:   bridge window [mem 0xe6b00000-0xe6bfffff 64bit pref]
[    0.211579] pci 0000:00:18.4: PCI bridge to [bus 1f]
[    0.211658] pci 0000:00:18.4:   bridge window [mem 0xfc100000-0xfc1fffff]
[    0.211705] pci 0000:00:18.4:   bridge window [mem 0xe6700000-0xe67fffff 64bit pref]
[    0.212006] pci 0000:00:18.5: PCI bridge to [bus 20]
[    0.212041] pci 0000:00:18.5:   bridge window [mem 0xfbd00000-0xfbdfffff]
[    0.212077] pci 0000:00:18.5:   bridge window [mem 0xe6300000-0xe63fffff 64bit pref]
[    0.212357] pci 0000:00:18.6: PCI bridge to [bus 21]
[    0.212392] pci 0000:00:18.6:   bridge window [mem 0xfb900000-0xfb9fffff]
[    0.212428] pci 0000:00:18.6:   bridge window [mem 0xe5f00000-0xe5ffffff 64bit pref]
[    0.212727] pci 0000:00:18.7: PCI bridge to [bus 22]
[    0.212763] pci 0000:00:18.7:   bridge window [mem 0xfb500000-0xfb5fffff]
[    0.212798] pci 0000:00:18.7:   bridge window [mem 0xe5b00000-0xe5bfffff 64bit pref]
[    0.215395] ACPI: PCI Interrupt Link [LNKA] (IRQs 3 4 5 6 7 *9 10 11 14 15)
[    0.215471] ACPI: PCI Interrupt Link [LNKB] (IRQs 3 4 5 6 7 9 10 *11 14 15)
[    0.215553] ACPI: PCI Interrupt Link [LNKC] (IRQs 3 4 5 6 7 9 *10 11 14 15)
[    0.215763] ACPI: PCI Interrupt Link [LNKD] (IRQs 3 4 5 6 *7 9 10 11 14 15)
[    0.225505] ACPI: Enabled 2 GPEs in block 00 to 0F
[    0.225691] vgaarb: device added: PCI:0000:00:0f.0,decodes=io+mem,owns=io+mem,locks=none
[    0.225703] vgaarb: loaded
[    0.225704] vgaarb: bridge control possible 0000:00:0f.0
[    0.225799] SCSI subsystem initialized
[    0.225828] ACPI: bus type USB registered
[    0.225846] usbcore: registered new interface driver usbfs
[    0.225853] usbcore: registered new interface driver hub
[    0.225925] usbcore: registered new device driver usb
[    0.226094] PCI: Using ACPI for IRQ routing
[    0.272863] PCI: pci_cache_line_size set to 64 bytes
[    0.273837] e820: reserve RAM buffer [mem 0x0009ec00-0x0009ffff]
[    0.273841] e820: reserve RAM buffer [mem 0x7fee0000-0x7fffffff]
[    0.274000] NetLabel: Initializing
[    0.274002] NetLabel:  domain hash size = 128
[    0.274003] NetLabel:  protocols = UNLABELED CIPSOv4
[    0.274023] NetLabel:  unlabeled traffic allowed by default
[    0.274148] hpet0: at MMIO 0xfed00000, IRQs 2, 8, 0, 0, 0, 0, 0, 0, 0, 0, 0, 0, 0, 0, 0, 0
[    0.274155] hpet0: 16 comparators, 64-bit 14.318180 MHz counter
[    0.276354] Switched to clocksource hpet
[    0.288540] pnp: PnP ACPI init
[    0.288570] ACPI: bus type PNP registered
[    0.288901] system 00:00: [io  0x1000-0x103f] could not be reserved
[    0.288904] system 00:00: [io  0x1040-0x104f] has been reserved
[    0.288907] system 00:00: [io  0x0cf0-0x0cf1] has been reserved
[    0.288910] system 00:00: Plug and Play ACPI device, IDs PNP0c02 (active)
[    0.288941] pnp 00:01: Plug and Play ACPI device, IDs PNP0b00 (active)
[    0.288961] pnp 00:02: Plug and Play ACPI device, IDs PNP0303 (active)
[    0.288984] pnp 00:03: Plug and Play ACPI device, IDs VMW0003 PNP0f13 (active)
[    0.289180] system 00:04: [mem 0xfed00000-0xfed003ff] has been reserved
[    0.289183] system 00:04: Plug and Play ACPI device, IDs PNP0103 PNP0c01 (active)
[    0.289575] pnp 00:05: Plug and Play ACPI device, IDs PNP0501 (active)
[    0.290796] system 00:06: [io  0xfce0-0xfcff] has been reserved
[    0.290802] system 00:06: [mem 0xf0000000-0xf7ffffff] has been reserved
[    0.290805] system 00:06: [mem 0xfe800000-0xfe9fffff] has been reserved
[    0.290809] system 00:06: Plug and Play ACPI device, IDs PNP0c02 (active)
[    0.295579] pnp: PnP ACPI: found 7 devices
[    0.295584] ACPI: bus type PNP unregistered
[    0.302121] pci 0000:00:15.3: bridge window [io  0x1000-0x0fff] to [bus 06] add_size 1000
[    0.302181] pci 0000:00:15.4: bridge window [io  0x1000-0x0fff] to [bus 07] add_size 1000
[    0.302239] pci 0000:00:15.5: bridge window [io  0x1000-0x0fff] to [bus 08] add_size 1000
[    0.302305] pci 0000:00:15.6: bridge window [io  0x1000-0x0fff] to [bus 09] add_size 1000
[    0.302390] pci 0000:00:15.7: bridge window [io  0x1000-0x0fff] to [bus 0a] add_size 1000
[    0.302610] pci 0000:00:16.3: bridge window [io  0x1000-0x0fff] to [bus 0e] add_size 1000
[    0.302667] pci 0000:00:16.4: bridge window [io  0x1000-0x0fff] to [bus 0f] add_size 1000
[    0.302723] pci 0000:00:16.5: bridge window [io  0x1000-0x0fff] to [bus 10] add_size 1000
[    0.302779] pci 0000:00:16.6: bridge window [io  0x1000-0x0fff] to [bus 11] add_size 1000
[    0.302836] pci 0000:00:16.7: bridge window [io  0x1000-0x0fff] to [bus 12] add_size 1000
[    0.303051] pci 0000:00:17.3: bridge window [io  0x1000-0x0fff] to [bus 16] add_size 1000
[    0.303107] pci 0000:00:17.4: bridge window [io  0x1000-0x0fff] to [bus 17] add_size 1000
[    0.303163] pci 0000:00:17.5: bridge window [io  0x1000-0x0fff] to [bus 18] add_size 1000
[    0.303231] pci 0000:00:17.6: bridge window [io  0x1000-0x0fff] to [bus 19] add_size 1000
[    0.303308] pci 0000:00:17.7: bridge window [io  0x1000-0x0fff] to [bus 1a] add_size 1000
[    0.303494] pci 0000:00:18.2: bridge window [io  0x1000-0x0fff] to [bus 1d] add_size 1000
[    0.303557] pci 0000:00:18.3: bridge window [io  0x1000-0x0fff] to [bus 1e] add_size 1000
[    0.303609] pci 0000:00:18.4: bridge window [io  0x1000-0x0fff] to [bus 1f] add_size 1000
[    0.303662] pci 0000:00:18.5: bridge window [io  0x1000-0x0fff] to [bus 20] add_size 1000
[    0.303714] pci 0000:00:18.6: bridge window [io  0x1000-0x0fff] to [bus 21] add_size 1000
[    0.303766] pci 0000:00:18.7: bridge window [io  0x1000-0x0fff] to [bus 22] add_size 1000
[    0.303791] pci 0000:00:15.3: res[13]=[io  0x1000-0x0fff] res_to_dev_res add_size 1000 min_align 1000
[    0.303793] pci 0000:00:15.3: res[13]=[io  0x1000-0x1fff] res_to_dev_res add_size 1000 min_align 1000
[    0.303795] pci 0000:00:15.4: res[13]=[io  0x1000-0x0fff] res_to_dev_res add_size 1000 min_align 1000
[    0.303797] pci 0000:00:15.4: res[13]=[io  0x1000-0x1fff] res_to_dev_res add_size 1000 min_align 1000
[    0.303799] pci 0000:00:15.5: res[13]=[io  0x1000-0x0fff] res_to_dev_res add_size 1000 min_align 1000
[    0.303800] pci 0000:00:15.5: res[13]=[io  0x1000-0x1fff] res_to_dev_res add_size 1000 min_align 1000
[    0.303802] pci 0000:00:15.6: res[13]=[io  0x1000-0x0fff] res_to_dev_res add_size 1000 min_align 1000
[    0.303804] pci 0000:00:15.6: res[13]=[io  0x1000-0x1fff] res_to_dev_res add_size 1000 min_align 1000
[    0.303805] pci 0000:00:15.7: res[13]=[io  0x1000-0x0fff] res_to_dev_res add_size 1000 min_align 1000
[    0.303807] pci 0000:00:15.7: res[13]=[io  0x1000-0x1fff] res_to_dev_res add_size 1000 min_align 1000
[    0.303809] pci 0000:00:16.3: res[13]=[io  0x1000-0x0fff] res_to_dev_res add_size 1000 min_align 1000
[    0.303811] pci 0000:00:16.3: res[13]=[io  0x1000-0x1fff] res_to_dev_res add_size 1000 min_align 1000
[    0.303812] pci 0000:00:16.4: res[13]=[io  0x1000-0x0fff] res_to_dev_res add_size 1000 min_align 1000
[    0.303814] pci 0000:00:16.4: res[13]=[io  0x1000-0x1fff] res_to_dev_res add_size 1000 min_align 1000
[    0.303816] pci 0000:00:16.5: res[13]=[io  0x1000-0x0fff] res_to_dev_res add_size 1000 min_align 1000
[    0.303817] pci 0000:00:16.5: res[13]=[io  0x1000-0x1fff] res_to_dev_res add_size 1000 min_align 1000
[    0.303819] pci 0000:00:16.6: res[13]=[io  0x1000-0x0fff] res_to_dev_res add_size 1000 min_align 1000
[    0.303821] pci 0000:00:16.6: res[13]=[io  0x1000-0x1fff] res_to_dev_res add_size 1000 min_align 1000
[    0.303823] pci 0000:00:16.7: res[13]=[io  0x1000-0x0fff] res_to_dev_res add_size 1000 min_align 1000
[    0.303824] pci 0000:00:16.7: res[13]=[io  0x1000-0x1fff] res_to_dev_res add_size 1000 min_align 1000
[    0.303826] pci 0000:00:17.3: res[13]=[io  0x1000-0x0fff] res_to_dev_res add_size 1000 min_align 1000
[    0.303828] pci 0000:00:17.3: res[13]=[io  0x1000-0x1fff] res_to_dev_res add_size 1000 min_align 1000
[    0.303829] pci 0000:00:17.4: res[13]=[io  0x1000-0x0fff] res_to_dev_res add_size 1000 min_align 1000
[    0.303831] pci 0000:00:17.4: res[13]=[io  0x1000-0x1fff] res_to_dev_res add_size 1000 min_align 1000
[    0.303833] pci 0000:00:17.5: res[13]=[io  0x1000-0x0fff] res_to_dev_res add_size 1000 min_align 1000
[    0.303834] pci 0000:00:17.5: res[13]=[io  0x1000-0x1fff] res_to_dev_res add_size 1000 min_align 1000
[    0.303836] pci 0000:00:17.6: res[13]=[io  0x1000-0x0fff] res_to_dev_res add_size 1000 min_align 1000
[    0.303838] pci 0000:00:17.6: res[13]=[io  0x1000-0x1fff] res_to_dev_res add_size 1000 min_align 1000
[    0.303840] pci 0000:00:17.7: res[13]=[io  0x1000-0x0fff] res_to_dev_res add_size 1000 min_align 1000
[    0.303841] pci 0000:00:17.7: res[13]=[io  0x1000-0x1fff] res_to_dev_res add_size 1000 min_align 1000
[    0.303843] pci 0000:00:18.2: res[13]=[io  0x1000-0x0fff] res_to_dev_res add_size 1000 min_align 1000
[    0.303845] pci 0000:00:18.2: res[13]=[io  0x1000-0x1fff] res_to_dev_res add_size 1000 min_align 1000
[    0.303846] pci 0000:00:18.3: res[13]=[io  0x1000-0x0fff] res_to_dev_res add_size 1000 min_align 1000
[    0.303848] pci 0000:00:18.3: res[13]=[io  0x1000-0x1fff] res_to_dev_res add_size 1000 min_align 1000
[    0.303850] pci 0000:00:18.4: res[13]=[io  0x1000-0x0fff] res_to_dev_res add_size 1000 min_align 1000
[    0.303851] pci 0000:00:18.4: res[13]=[io  0x1000-0x1fff] res_to_dev_res add_size 1000 min_align 1000
[    0.303853] pci 0000:00:18.5: res[13]=[io  0x1000-0x0fff] res_to_dev_res add_size 1000 min_align 1000
[    0.303855] pci 0000:00:18.5: res[13]=[io  0x1000-0x1fff] res_to_dev_res add_size 1000 min_align 1000
[    0.303857] pci 0000:00:18.6: res[13]=[io  0x1000-0x0fff] res_to_dev_res add_size 1000 min_align 1000
[    0.303858] pci 0000:00:18.6: res[13]=[io  0x1000-0x1fff] res_to_dev_res add_size 1000 min_align 1000
[    0.303860] pci 0000:00:18.7: res[13]=[io  0x1000-0x0fff] res_to_dev_res add_size 1000 min_align 1000
[    0.303862] pci 0000:00:18.7: res[13]=[io  0x1000-0x1fff] res_to_dev_res add_size 1000 min_align 1000
[    0.303868] pci 0000:00:0f.0: BAR 6: assigned [mem 0xc0000000-0xc0007fff pref]
[    0.303871] pci 0000:00:10.0: BAR 6: assigned [mem 0xc0008000-0xc000bfff pref]
[    0.303875] pci 0000:00:15.3: BAR 13: no space for [io  size 0x1000]
[    0.303877] pci 0000:00:15.3: BAR 13: failed to assign [io  size 0x1000]
[    0.303879] pci 0000:00:15.4: BAR 13: no space for [io  size 0x1000]
[    0.303881] pci 0000:00:15.4: BAR 13: failed to assign [io  size 0x1000]
[    0.303883] pci 0000:00:15.5: BAR 13: no space for [io  size 0x1000]
[    0.303885] pci 0000:00:15.5: BAR 13: failed to assign [io  size 0x1000]
[    0.303887] pci 0000:00:15.6: BAR 13: no space for [io  size 0x1000]
[    0.303889] pci 0000:00:15.6: BAR 13: failed to assign [io  size 0x1000]
[    0.303891] pci 0000:00:15.7: BAR 13: no space for [io  size 0x1000]
[    0.303893] pci 0000:00:15.7: BAR 13: failed to assign [io  size 0x1000]
[    0.303895] pci 0000:00:16.3: BAR 13: no space for [io  size 0x1000]
[    0.303897] pci 0000:00:16.3: BAR 13: failed to assign [io  size 0x1000]
[    0.303899] pci 0000:00:16.4: BAR 13: no space for [io  size 0x1000]
[    0.303901] pci 0000:00:16.4: BAR 13: failed to assign [io  size 0x1000]
[    0.303903] pci 0000:00:16.5: BAR 13: no space for [io  size 0x1000]
[    0.303905] pci 0000:00:16.5: BAR 13: failed to assign [io  size 0x1000]
[    0.303907] pci 0000:00:16.6: BAR 13: no space for [io  size 0x1000]
[    0.303909] pci 0000:00:16.6: BAR 13: failed to assign [io  size 0x1000]
[    0.303911] pci 0000:00:16.7: BAR 13: no space for [io  size 0x1000]
[    0.303913] pci 0000:00:16.7: BAR 13: failed to assign [io  size 0x1000]
[    0.303915] pci 0000:00:17.3: BAR 13: no space for [io  size 0x1000]
[    0.303917] pci 0000:00:17.3: BAR 13: failed to assign [io  size 0x1000]
[    0.303919] pci 0000:00:17.4: BAR 13: no space for [io  size 0x1000]
[    0.303921] pci 0000:00:17.4: BAR 13: failed to assign [io  size 0x1000]
[    0.303923] pci 0000:00:17.5: BAR 13: no space for [io  size 0x1000]
[    0.303925] pci 0000:00:17.5: BAR 13: failed to assign [io  size 0x1000]
[    0.303927] pci 0000:00:17.6: BAR 13: no space for [io  size 0x1000]
[    0.303929] pci 0000:00:17.6: BAR 13: failed to assign [io  size 0x1000]
[    0.303931] pci 0000:00:17.7: BAR 13: no space for [io  size 0x1000]
[    0.303933] pci 0000:00:17.7: BAR 13: failed to assign [io  size 0x1000]
[    0.303935] pci 0000:00:18.2: BAR 13: no space for [io  size 0x1000]
[    0.303937] pci 0000:00:18.2: BAR 13: failed to assign [io  size 0x1000]
[    0.303939] pci 0000:00:18.3: BAR 13: no space for [io  size 0x1000]
[    0.303940] pci 0000:00:18.3: BAR 13: failed to assign [io  size 0x1000]
[    0.303946] pci 0000:00:18.4: BAR 13: no space for [io  size 0x1000]
[    0.303948] pci 0000:00:18.4: BAR 13: failed to assign [io  size 0x1000]
[    0.303950] pci 0000:00:18.5: BAR 13: no space for [io  size 0x1000]
[    0.303952] pci 0000:00:18.5: BAR 13: failed to assign [io  size 0x1000]
[    0.303954] pci 0000:00:18.6: BAR 13: no space for [io  size 0x1000]
[    0.303956] pci 0000:00:18.6: BAR 13: failed to assign [io  size 0x1000]
[    0.303958] pci 0000:00:18.7: BAR 13: no space for [io  size 0x1000]
[    0.303960] pci 0000:00:18.7: BAR 13: failed to assign [io  size 0x1000]
[    0.303965] pci 0000:00:18.7: BAR 13: no space for [io  size 0x1000]
[    0.303966] pci 0000:00:18.7: BAR 13: failed to assign [io  size 0x1000]
[    0.303969] pci 0000:00:18.6: BAR 13: no space for [io  size 0x1000]
[    0.303970] pci 0000:00:18.6: BAR 13: failed to assign [io  size 0x1000]
[    0.303973] pci 0000:00:18.5: BAR 13: no space for [io  size 0x1000]
[    0.303974] pci 0000:00:18.5: BAR 13: failed to assign [io  size 0x1000]
[    0.303977] pci 0000:00:18.4: BAR 13: no space for [io  size 0x1000]
[    0.303978] pci 0000:00:18.4: BAR 13: failed to assign [io  size 0x1000]
[    0.303981] pci 0000:00:18.3: BAR 13: no space for [io  size 0x1000]
[    0.303982] pci 0000:00:18.3: BAR 13: failed to assign [io  size 0x1000]
[    0.303985] pci 0000:00:18.2: BAR 13: no space for [io  size 0x1000]
[    0.303986] pci 0000:00:18.2: BAR 13: failed to assign [io  size 0x1000]
[    0.303989] pci 0000:00:17.7: BAR 13: no space for [io  size 0x1000]
[    0.303990] pci 0000:00:17.7: BAR 13: failed to assign [io  size 0x1000]
[    0.303993] pci 0000:00:17.6: BAR 13: no space for [io  size 0x1000]
[    0.303994] pci 0000:00:17.6: BAR 13: failed to assign [io  size 0x1000]
[    0.303997] pci 0000:00:17.5: BAR 13: no space for [io  size 0x1000]
[    0.303998] pci 0000:00:17.5: BAR 13: failed to assign [io  size 0x1000]
[    0.304000] pci 0000:00:17.4: BAR 13: no space for [io  size 0x1000]
[    0.304002] pci 0000:00:17.4: BAR 13: failed to assign [io  size 0x1000]
[    0.304004] pci 0000:00:17.3: BAR 13: no space for [io  size 0x1000]
[    0.304006] pci 0000:00:17.3: BAR 13: failed to assign [io  size 0x1000]
[    0.304008] pci 0000:00:16.7: BAR 13: no space for [io  size 0x1000]
[    0.304010] pci 0000:00:16.7: BAR 13: failed to assign [io  size 0x1000]
[    0.304012] pci 0000:00:16.6: BAR 13: no space for [io  size 0x1000]
[    0.304014] pci 0000:00:16.6: BAR 13: failed to assign [io  size 0x1000]
[    0.304016] pci 0000:00:16.5: BAR 13: no space for [io  size 0x1000]
[    0.304018] pci 0000:00:16.5: BAR 13: failed to assign [io  size 0x1000]
[    0.304020] pci 0000:00:16.4: BAR 13: no space for [io  size 0x1000]
[    0.304022] pci 0000:00:16.4: BAR 13: failed to assign [io  size 0x1000]
[    0.304024] pci 0000:00:16.3: BAR 13: no space for [io  size 0x1000]
[    0.304026] pci 0000:00:16.3: BAR 13: failed to assign [io  size 0x1000]
[    0.304028] pci 0000:00:15.7: BAR 13: no space for [io  size 0x1000]
[    0.304029] pci 0000:00:15.7: BAR 13: failed to assign [io  size 0x1000]
[    0.304032] pci 0000:00:15.6: BAR 13: no space for [io  size 0x1000]
[    0.304033] pci 0000:00:15.6: BAR 13: failed to assign [io  size 0x1000]
[    0.304036] pci 0000:00:15.5: BAR 13: no space for [io  size 0x1000]
[    0.304037] pci 0000:00:15.5: BAR 13: failed to assign [io  size 0x1000]
[    0.304040] pci 0000:00:15.4: BAR 13: no space for [io  size 0x1000]
[    0.304041] pci 0000:00:15.4: BAR 13: failed to assign [io  size 0x1000]
[    0.304044] pci 0000:00:15.3: BAR 13: no space for [io  size 0x1000]
[    0.304045] pci 0000:00:15.3: BAR 13: failed to assign [io  size 0x1000]
[    0.304048] pci 0000:00:01.0: PCI bridge to [bus 01]
[    0.304131] pci 0000:02:01.0: BAR 6: assigned [mem 0xfd500000-0xfd50ffff pref]
[    0.304133] pci 0000:00:11.0: PCI bridge to [bus 02]
[    0.304144] pci 0000:00:11.0:   bridge window [io  0x2000-0x3fff]
[    0.304181] pci 0000:00:11.0:   bridge window [mem 0xfd500000-0xfdffffff]
[    0.304202] pci 0000:00:11.0:   bridge window [mem 0xe7b00000-0xe7ffffff 64bit pref]
[    0.304243] pci 0000:00:15.0: PCI bridge to [bus 03]
[    0.304260] pci 0000:00:15.0:   bridge window [io  0x4000-0x4fff]
[    0.304298] pci 0000:00:15.0:   bridge window [mem 0xfd400000-0xfd4fffff]
[    0.304321] pci 0000:00:15.0:   bridge window [mem 0xe7a00000-0xe7afffff 64bit pref]
[    0.304423] pci 0000:00:15.1: PCI bridge to [bus 04]
[    0.304435] pci 0000:00:15.1:   bridge window [io  0x8000-0x8fff]
[    0.304462] pci 0000:00:15.1:   bridge window [mem 0xfd000000-0xfd0fffff]
[    0.304482] pci 0000:00:15.1:   bridge window [mem 0xe7600000-0xe76fffff 64bit pref]
[    0.304532] pci 0000:00:15.2: PCI bridge to [bus 05]
[    0.304544] pci 0000:00:15.2:   bridge window [io  0xc000-0xcfff]
[    0.304572] pci 0000:00:15.2:   bridge window [mem 0xfcc00000-0xfccfffff]
[    0.304591] pci 0000:00:15.2:   bridge window [mem 0xe7200000-0xe72fffff 64bit pref]
[    0.304640] pci 0000:00:15.3: PCI bridge to [bus 06]
[    0.304669] pci 0000:00:15.3:   bridge window [mem 0xfc800000-0xfc8fffff]
[    0.304688] pci 0000:00:15.3:   bridge window [mem 0xe6e00000-0xe6efffff 64bit pref]
[    0.304736] pci 0000:00:15.4: PCI bridge to [bus 07]
[    0.304765] pci 0000:00:15.4:   bridge window [mem 0xfc400000-0xfc4fffff]
[    0.304784] pci 0000:00:15.4:   bridge window [mem 0xe6a00000-0xe6afffff 64bit pref]
[    0.304833] pci 0000:00:15.5: PCI bridge to [bus 08]
[    0.304861] pci 0000:00:15.5:   bridge window [mem 0xfc000000-0xfc0fffff]
[    0.304881] pci 0000:00:15.5:   bridge window [mem 0xe6600000-0xe66fffff 64bit pref]
[    0.304929] pci 0000:00:15.6: PCI bridge to [bus 09]
[    0.304957] pci 0000:00:15.6:   bridge window [mem 0xfbc00000-0xfbcfffff]
[    0.304977] pci 0000:00:15.6:   bridge window [mem 0xe6200000-0xe62fffff 64bit pref]
[    0.305025] pci 0000:00:15.7: PCI bridge to [bus 0a]
[    0.305053] pci 0000:00:15.7:   bridge window [mem 0xfb800000-0xfb8fffff]
[    0.305072] pci 0000:00:15.7:   bridge window [mem 0xe5e00000-0xe5efffff 64bit pref]
[    0.305120] pci 0000:00:16.0: PCI bridge to [bus 0b]
[    0.305132] pci 0000:00:16.0:   bridge window [io  0x5000-0x5fff]
[    0.305160] pci 0000:00:16.0:   bridge window [mem 0xfd300000-0xfd3fffff]
[    0.305179] pci 0000:00:16.0:   bridge window [mem 0xe7900000-0xe79fffff 64bit pref]
[    0.305227] pci 0000:00:16.1: PCI bridge to [bus 0c]
[    0.305239] pci 0000:00:16.1:   bridge window [io  0x9000-0x9fff]
[    0.305278] pci 0000:00:16.1:   bridge window [mem 0xfcf00000-0xfcffffff]
[    0.305302] pci 0000:00:16.1:   bridge window [mem 0xe7500000-0xe75fffff 64bit pref]
[    0.305370] pci 0000:00:16.2: PCI bridge to [bus 0d]
[    0.305382] pci 0000:00:16.2:   bridge window [io  0xd000-0xdfff]
[    0.305410] pci 0000:00:16.2:   bridge window [mem 0xfcb00000-0xfcbfffff]
[    0.305429] pci 0000:00:16.2:   bridge window [mem 0xe7100000-0xe71fffff 64bit pref]
[    0.305477] pci 0000:00:16.3: PCI bridge to [bus 0e]
[    0.305506] pci 0000:00:16.3:   bridge window [mem 0xfc700000-0xfc7fffff]
[    0.305525] pci 0000:00:16.3:   bridge window [mem 0xe6d00000-0xe6dfffff 64bit pref]
[    0.305573] pci 0000:00:16.4: PCI bridge to [bus 0f]
[    0.305611] pci 0000:00:16.4:   bridge window [mem 0xfc300000-0xfc3fffff]
[    0.305631] pci 0000:00:16.4:   bridge window [mem 0xe6900000-0xe69fffff 64bit pref]
[    0.305683] pci 0000:00:16.5: PCI bridge to [bus 10]
[    0.305713] pci 0000:00:16.5:   bridge window [mem 0xfbf00000-0xfbffffff]
[    0.305733] pci 0000:00:16.5:   bridge window [mem 0xe6500000-0xe65fffff 64bit pref]
[    0.305785] pci 0000:00:16.6: PCI bridge to [bus 11]
[    0.305815] pci 0000:00:16.6:   bridge window [mem 0xfbb00000-0xfbbfffff]
[    0.305836] pci 0000:00:16.6:   bridge window [mem 0xe6100000-0xe61fffff 64bit pref]
[    0.305888] pci 0000:00:16.7: PCI bridge to [bus 12]
[    0.305918] pci 0000:00:16.7:   bridge window [mem 0xfb700000-0xfb7fffff]
[    0.305939] pci 0000:00:16.7:   bridge window [mem 0xe5d00000-0xe5dfffff 64bit pref]
[    0.305991] pci 0000:00:17.0: PCI bridge to [bus 13]
[    0.306004] pci 0000:00:17.0:   bridge window [io  0x6000-0x6fff]
[    0.306041] pci 0000:00:17.0:   bridge window [mem 0xfd200000-0xfd2fffff]
[    0.306060] pci 0000:00:17.0:   bridge window [mem 0xe7800000-0xe78fffff 64bit pref]
[    0.306109] pci 0000:00:17.1: PCI bridge to [bus 14]
[    0.306121] pci 0000:00:17.1:   bridge window [io  0xa000-0xafff]
[    0.306149] pci 0000:00:17.1:   bridge window [mem 0xfce00000-0xfcefffff]
[    0.306168] pci 0000:00:17.1:   bridge window [mem 0xe7400000-0xe74fffff 64bit pref]
[    0.306216] pci 0000:00:17.2: PCI bridge to [bus 15]
[    0.306228] pci 0000:00:17.2:   bridge window [io  0xe000-0xefff]
[    0.306275] pci 0000:00:17.2:   bridge window [mem 0xfca00000-0xfcafffff]
[    0.306303] pci 0000:00:17.2:   bridge window [mem 0xe7000000-0xe70fffff 64bit pref]
[    0.306347] pci 0000:00:17.3: PCI bridge to [bus 16]
[    0.306379] pci 0000:00:17.3:   bridge window [mem 0xfc600000-0xfc6fffff]
[    0.306400] pci 0000:00:17.3:   bridge window [mem 0xe6c00000-0xe6cfffff 64bit pref]
[    0.306452] pci 0000:00:17.4: PCI bridge to [bus 17]
[    0.306483] pci 0000:00:17.4:   bridge window [mem 0xfc200000-0xfc2fffff]
[    0.306503] pci 0000:00:17.4:   bridge window [mem 0xe6800000-0xe68fffff 64bit pref]
[    0.306566] pci 0000:00:17.5: PCI bridge to [bus 18]
[    0.306595] pci 0000:00:17.5:   bridge window [mem 0xfbe00000-0xfbefffff]
[    0.306614] pci 0000:00:17.5:   bridge window [mem 0xe6400000-0xe64fffff 64bit pref]
[    0.306666] pci 0000:00:17.6: PCI bridge to [bus 19]
[    0.306695] pci 0000:00:17.6:   bridge window [mem 0xfba00000-0xfbafffff]
[    0.306714] pci 0000:00:17.6:   bridge window [mem 0xe6000000-0xe60fffff 64bit pref]
[    0.306763] pci 0000:00:17.7: PCI bridge to [bus 1a]
[    0.306791] pci 0000:00:17.7:   bridge window [mem 0xfb600000-0xfb6fffff]
[    0.306811] pci 0000:00:17.7:   bridge window [mem 0xe5c00000-0xe5cfffff 64bit pref]
[    0.306859] pci 0000:00:18.0: PCI bridge to [bus 1b]
[    0.306871] pci 0000:00:18.0:   bridge window [io  0x7000-0x7fff]
[    0.306898] pci 0000:00:18.0:   bridge window [mem 0xfd100000-0xfd1fffff]
[    0.306917] pci 0000:00:18.0:   bridge window [mem 0xe7700000-0xe77fffff 64bit pref]
[    0.306966] pci 0000:00:18.1: PCI bridge to [bus 1c]
[    0.306978] pci 0000:00:18.1:   bridge window [io  0xb000-0xbfff]
[    0.307006] pci 0000:00:18.1:   bridge window [mem 0xfcd00000-0xfcdfffff]
[    0.307025] pci 0000:00:18.1:   bridge window [mem 0xe7300000-0xe73fffff 64bit pref]
[    0.307074] pci 0000:00:18.2: PCI bridge to [bus 1d]
[    0.307102] pci 0000:00:18.2:   bridge window [mem 0xfc900000-0xfc9fffff]
[    0.307121] pci 0000:00:18.2:   bridge window [mem 0xe6f00000-0xe6ffffff 64bit pref]
[    0.307170] pci 0000:00:18.3: PCI bridge to [bus 1e]
[    0.307198] pci 0000:00:18.3:   bridge window [mem 0xfc500000-0xfc5fffff]
[    0.307226] pci 0000:00:18.3:   bridge window [mem 0xe6b00000-0xe6bfffff 64bit pref]
[    0.307301] pci 0000:00:18.4: PCI bridge to [bus 1f]
[    0.307330] pci 0000:00:18.4:   bridge window [mem 0xfc100000-0xfc1fffff]
[    0.307355] pci 0000:00:18.4:   bridge window [mem 0xe6700000-0xe67fffff 64bit pref]
[    0.307405] pci 0000:00:18.5: PCI bridge to [bus 20]
[    0.307433] pci 0000:00:18.5:   bridge window [mem 0xfbd00000-0xfbdfffff]
[    0.307452] pci 0000:00:18.5:   bridge window [mem 0xe6300000-0xe63fffff 64bit pref]
[    0.307501] pci 0000:00:18.6: PCI bridge to [bus 21]
[    0.307530] pci 0000:00:18.6:   bridge window [mem 0xfb900000-0xfb9fffff]
[    0.307549] pci 0000:00:18.6:   bridge window [mem 0xe5f00000-0xe5ffffff 64bit pref]
[    0.307597] pci 0000:00:18.7: PCI bridge to [bus 22]
[    0.307625] pci 0000:00:18.7:   bridge window [mem 0xfb500000-0xfb5fffff]
[    0.307645] pci 0000:00:18.7:   bridge window [mem 0xe5b00000-0xe5bfffff 64bit pref]
[    0.307694] pci_bus 0000:00: resource 4 [mem 0x000a0000-0x000bffff window]
[    0.307696] pci_bus 0000:00: resource 5 [mem 0x000cc000-0x000cffff window]
[    0.307698] pci_bus 0000:00: resource 6 [mem 0x000d0000-0x000d3fff window]
[    0.307699] pci_bus 0000:00: resource 7 [mem 0x000d4000-0x000d7fff window]
[    0.307701] pci_bus 0000:00: resource 8 [mem 0x000d8000-0x000dbfff window]
[    0.307703] pci_bus 0000:00: resource 9 [mem 0xc0000000-0xfebfffff window]
[    0.307705] pci_bus 0000:00: resource 10 [io  0x0000-0x0cf7 window]
[    0.307706] pci_bus 0000:00: resource 11 [io  0x0d00-0xfeff window]
[    0.307709] pci_bus 0000:02: resource 0 [io  0x2000-0x3fff]
[    0.307711] pci_bus 0000:02: resource 1 [mem 0xfd500000-0xfdffffff]
[    0.307712] pci_bus 0000:02: resource 2 [mem 0xe7b00000-0xe7ffffff 64bit pref]
[    0.307714] pci_bus 0000:02: resource 4 [mem 0x000a0000-0x000bffff window]
[    0.307716] pci_bus 0000:02: resource 5 [mem 0x000cc000-0x000cffff window]
[    0.307717] pci_bus 0000:02: resource 6 [mem 0x000d0000-0x000d3fff window]
[    0.307719] pci_bus 0000:02: resource 7 [mem 0x000d4000-0x000d7fff window]
[    0.307721] pci_bus 0000:02: resource 8 [mem 0x000d8000-0x000dbfff window]
[    0.307722] pci_bus 0000:02: resource 9 [mem 0xc0000000-0xfebfffff window]
[    0.307724] pci_bus 0000:02: resource 10 [io  0x0000-0x0cf7 window]
[    0.307725] pci_bus 0000:02: resource 11 [io  0x0d00-0xfeff window]
[    0.307728] pci_bus 0000:03: resource 0 [io  0x4000-0x4fff]
[    0.307729] pci_bus 0000:03: resource 1 [mem 0xfd400000-0xfd4fffff]
[    0.307731] pci_bus 0000:03: resource 2 [mem 0xe7a00000-0xe7afffff 64bit pref]
[    0.307733] pci_bus 0000:04: resource 0 [io  0x8000-0x8fff]
[    0.307734] pci_bus 0000:04: resource 1 [mem 0xfd000000-0xfd0fffff]
[    0.307736] pci_bus 0000:04: resource 2 [mem 0xe7600000-0xe76fffff 64bit pref]
[    0.307738] pci_bus 0000:05: resource 0 [io  0xc000-0xcfff]
[    0.307739] pci_bus 0000:05: resource 1 [mem 0xfcc00000-0xfccfffff]
[    0.307741] pci_bus 0000:05: resource 2 [mem 0xe7200000-0xe72fffff 64bit pref]
[    0.307743] pci_bus 0000:06: resource 1 [mem 0xfc800000-0xfc8fffff]
[    0.307744] pci_bus 0000:06: resource 2 [mem 0xe6e00000-0xe6efffff 64bit pref]
[    0.307746] pci_bus 0000:07: resource 1 [mem 0xfc400000-0xfc4fffff]
[    0.307748] pci_bus 0000:07: resource 2 [mem 0xe6a00000-0xe6afffff 64bit pref]
[    0.307750] pci_bus 0000:08: resource 1 [mem 0xfc000000-0xfc0fffff]
[    0.307751] pci_bus 0000:08: resource 2 [mem 0xe6600000-0xe66fffff 64bit pref]
[    0.307753] pci_bus 0000:09: resource 1 [mem 0xfbc00000-0xfbcfffff]
[    0.307755] pci_bus 0000:09: resource 2 [mem 0xe6200000-0xe62fffff 64bit pref]
[    0.307756] pci_bus 0000:0a: resource 1 [mem 0xfb800000-0xfb8fffff]
[    0.307758] pci_bus 0000:0a: resource 2 [mem 0xe5e00000-0xe5efffff 64bit pref]
[    0.307760] pci_bus 0000:0b: resource 0 [io  0x5000-0x5fff]
[    0.307761] pci_bus 0000:0b: resource 1 [mem 0xfd300000-0xfd3fffff]
[    0.307763] pci_bus 0000:0b: resource 2 [mem 0xe7900000-0xe79fffff 64bit pref]
[    0.307765] pci_bus 0000:0c: resource 0 [io  0x9000-0x9fff]
[    0.307766] pci_bus 0000:0c: resource 1 [mem 0xfcf00000-0xfcffffff]
[    0.307768] pci_bus 0000:0c: resource 2 [mem 0xe7500000-0xe75fffff 64bit pref]
[    0.307770] pci_bus 0000:0d: resource 0 [io  0xd000-0xdfff]
[    0.307771] pci_bus 0000:0d: resource 1 [mem 0xfcb00000-0xfcbfffff]
[    0.307773] pci_bus 0000:0d: resource 2 [mem 0xe7100000-0xe71fffff 64bit pref]
[    0.307775] pci_bus 0000:0e: resource 1 [mem 0xfc700000-0xfc7fffff]
[    0.307777] pci_bus 0000:0e: resource 2 [mem 0xe6d00000-0xe6dfffff 64bit pref]
[    0.307778] pci_bus 0000:0f: resource 1 [mem 0xfc300000-0xfc3fffff]
[    0.307780] pci_bus 0000:0f: resource 2 [mem 0xe6900000-0xe69fffff 64bit pref]
[    0.307782] pci_bus 0000:10: resource 1 [mem 0xfbf00000-0xfbffffff]
[    0.307783] pci_bus 0000:10: resource 2 [mem 0xe6500000-0xe65fffff 64bit pref]
[    0.307785] pci_bus 0000:11: resource 1 [mem 0xfbb00000-0xfbbfffff]
[    0.307787] pci_bus 0000:11: resource 2 [mem 0xe6100000-0xe61fffff 64bit pref]
[    0.307788] pci_bus 0000:12: resource 1 [mem 0xfb700000-0xfb7fffff]
[    0.307790] pci_bus 0000:12: resource 2 [mem 0xe5d00000-0xe5dfffff 64bit pref]
[    0.307792] pci_bus 0000:13: resource 0 [io  0x6000-0x6fff]
[    0.307793] pci_bus 0000:13: resource 1 [mem 0xfd200000-0xfd2fffff]
[    0.307795] pci_bus 0000:13: resource 2 [mem 0xe7800000-0xe78fffff 64bit pref]
[    0.307797] pci_bus 0000:14: resource 0 [io  0xa000-0xafff]
[    0.307798] pci_bus 0000:14: resource 1 [mem 0xfce00000-0xfcefffff]
[    0.307800] pci_bus 0000:14: resource 2 [mem 0xe7400000-0xe74fffff 64bit pref]
[    0.307802] pci_bus 0000:15: resource 0 [io  0xe000-0xefff]
[    0.307803] pci_bus 0000:15: resource 1 [mem 0xfca00000-0xfcafffff]
[    0.307805] pci_bus 0000:15: resource 2 [mem 0xe7000000-0xe70fffff 64bit pref]
[    0.307807] pci_bus 0000:16: resource 1 [mem 0xfc600000-0xfc6fffff]
[    0.307808] pci_bus 0000:16: resource 2 [mem 0xe6c00000-0xe6cfffff 64bit pref]
[    0.307810] pci_bus 0000:17: resource 1 [mem 0xfc200000-0xfc2fffff]
[    0.307812] pci_bus 0000:17: resource 2 [mem 0xe6800000-0xe68fffff 64bit pref]
[    0.307813] pci_bus 0000:18: resource 1 [mem 0xfbe00000-0xfbefffff]
[    0.307815] pci_bus 0000:18: resource 2 [mem 0xe6400000-0xe64fffff 64bit pref]
[    0.307817] pci_bus 0000:19: resource 1 [mem 0xfba00000-0xfbafffff]
[    0.307818] pci_bus 0000:19: resource 2 [mem 0xe6000000-0xe60fffff 64bit pref]
[    0.307820] pci_bus 0000:1a: resource 1 [mem 0xfb600000-0xfb6fffff]
[    0.307822] pci_bus 0000:1a: resource 2 [mem 0xe5c00000-0xe5cfffff 64bit pref]
[    0.307823] pci_bus 0000:1b: resource 0 [io  0x7000-0x7fff]
[    0.307825] pci_bus 0000:1b: resource 1 [mem 0xfd100000-0xfd1fffff]
[    0.307827] pci_bus 0000:1b: resource 2 [mem 0xe7700000-0xe77fffff 64bit pref]
[    0.307828] pci_bus 0000:1c: resource 0 [io  0xb000-0xbfff]
[    0.307830] pci_bus 0000:1c: resource 1 [mem 0xfcd00000-0xfcdfffff]
[    0.307832] pci_bus 0000:1c: resource 2 [mem 0xe7300000-0xe73fffff 64bit pref]
[    0.307833] pci_bus 0000:1d: resource 1 [mem 0xfc900000-0xfc9fffff]
[    0.307835] pci_bus 0000:1d: resource 2 [mem 0xe6f00000-0xe6ffffff 64bit pref]
[    0.307837] pci_bus 0000:1e: resource 1 [mem 0xfc500000-0xfc5fffff]
[    0.307838] pci_bus 0000:1e: resource 2 [mem 0xe6b00000-0xe6bfffff 64bit pref]
[    0.307840] pci_bus 0000:1f: resource 1 [mem 0xfc100000-0xfc1fffff]
[    0.307842] pci_bus 0000:1f: resource 2 [mem 0xe6700000-0xe67fffff 64bit pref]
[    0.307843] pci_bus 0000:20: resource 1 [mem 0xfbd00000-0xfbdfffff]
[    0.307845] pci_bus 0000:20: resource 2 [mem 0xe6300000-0xe63fffff 64bit pref]
[    0.307847] pci_bus 0000:21: resource 1 [mem 0xfb900000-0xfb9fffff]
[    0.307848] pci_bus 0000:21: resource 2 [mem 0xe5f00000-0xe5ffffff 64bit pref]
[    0.307850] pci_bus 0000:22: resource 1 [mem 0xfb500000-0xfb5fffff]
[    0.307852] pci_bus 0000:22: resource 2 [mem 0xe5b00000-0xe5bfffff 64bit pref]
[    0.307905] NET: Registered protocol family 2
[    0.308500] TCP established hash table entries: 16384 (order: 5, 131072 bytes)
[    0.308577] TCP bind hash table entries: 16384 (order: 6, 262144 bytes)
[    0.309482] TCP: Hash tables configured (established 16384 bind 16384)
[    0.309573] TCP: reno registered
[    0.309615] UDP hash table entries: 1024 (order: 3, 32768 bytes)
[    0.309632] UDP-Lite hash table entries: 1024 (order: 3, 32768 bytes)
[    0.310125] NET: Registered protocol family 1
[    0.310140] pci 0000:00:00.0: Limiting direct PCI/PCI transfers
[    0.310224] pci 0000:00:0f.0: Boot video device
[    0.311900] PCI: CLS mismatch (32 != 64), using 64 bytes
[    0.311954] Unpacking initramfs...
[    0.545547] Freeing initrd memory: 19836k freed
[    0.546596] RAPL PMU: API unit is 2^-32 Joules, 3 fixed counters, 10737418240 ms ovfl timer
[    0.546599] RAPL PMU: hw unit of domain pp0-core 2^-0 Joules
[    0.546601] RAPL PMU: hw unit of domain package 2^-0 Joules
[    0.546602] RAPL PMU: hw unit of domain pp1-gpu 2^-0 Joules
[    0.546649] Simple Boot Flag at 0x36 set to 0x80
[    0.546728] Switched to clocksource tsc
[    0.546963] sha1_ssse3: Using AVX optimized SHA-1 implementation
[    0.547080] sha256_ssse3: Using AVX optimized SHA-256 implementation
[    0.548058] futex hash table entries: 32768 (order: 9, 2097152 bytes)
[    0.549500] Initialise system trusted keyring
[    0.549553] audit: initializing netlink socket (disabled)
[    0.549579] type=2000 audit(1494484781.539:1): initialized
[    0.572867] HugeTLB registered 2 MB page size, pre-allocated 0 pages
[    0.574333] zpool: loaded
[    0.574334] zbud: loaded
[    0.574662] VFS: Disk quotas dquot_6.5.2
[    0.574731] Dquot-cache hash table entries: 512 (order 0, 4096 bytes)
[    0.575099] msgmni has been set to 3643
[    0.575267] Key type big_key registered
[    0.575273] SELinux:  Registering netfilter hooks
[    0.576209] NET: Registered protocol family 38
[    0.576220] Key type asymmetric registered
[    0.576226] Asymmetric key parser 'x509' registered
[    0.576285] Block layer SCSI generic (bsg) driver version 0.4 loaded (major 251)
[    0.576423] io scheduler noop registered
[    0.576429] io scheduler deadline registered (default)
[    0.576467] io scheduler cfq registered
[    0.576882] pcieport 0000:00:15.0: irq 24 for MSI/MSI-X
[    0.577473] pcieport 0000:00:15.1: irq 25 for MSI/MSI-X
[    0.577658] pcieport 0000:00:15.2: irq 26 for MSI/MSI-X
[    0.577875] pcieport 0000:00:15.3: irq 27 for MSI/MSI-X
[    0.578467] pcieport 0000:00:15.4: irq 28 for MSI/MSI-X
[    0.578764] pcieport 0000:00:15.5: irq 29 for MSI/MSI-X
[    0.579615] pcieport 0000:00:15.6: irq 30 for MSI/MSI-X
[    0.580602] pcieport 0000:00:15.7: irq 31 for MSI/MSI-X
[    0.581462] pcieport 0000:00:16.0: irq 32 for MSI/MSI-X
[    0.581570] pcieport 0000:00:16.1: irq 33 for MSI/MSI-X
[    0.582487] pcieport 0000:00:16.2: irq 34 for MSI/MSI-X
[    0.583573] pcieport 0000:00:16.3: irq 35 for MSI/MSI-X
[    0.584402] pcieport 0000:00:16.4: irq 36 for MSI/MSI-X
[    0.584590] pcieport 0000:00:16.5: irq 37 for MSI/MSI-X
[    0.585404] pcieport 0000:00:16.6: irq 38 for MSI/MSI-X
[    0.585513] pcieport 0000:00:16.7: irq 39 for MSI/MSI-X
[    0.585785] pcieport 0000:00:17.0: irq 40 for MSI/MSI-X
[    0.586468] pcieport 0000:00:17.1: irq 41 for MSI/MSI-X
[    0.586576] pcieport 0000:00:17.2: irq 42 for MSI/MSI-X
[    0.587449] pcieport 0000:00:17.3: irq 43 for MSI/MSI-X
[    0.587638] pcieport 0000:00:17.4: irq 44 for MSI/MSI-X
[    0.588487] pcieport 0000:00:17.5: irq 45 for MSI/MSI-X
[    0.588670] pcieport 0000:00:17.6: irq 46 for MSI/MSI-X
[    0.589467] pcieport 0000:00:17.7: irq 47 for MSI/MSI-X
[    0.589575] pcieport 0000:00:18.0: irq 48 for MSI/MSI-X
[    0.590467] pcieport 0000:00:18.1: irq 49 for MSI/MSI-X
[    0.591384] pcieport 0000:00:18.2: irq 50 for MSI/MSI-X
[    0.591657] pcieport 0000:00:18.3: irq 51 for MSI/MSI-X
[    0.592467] pcieport 0000:00:18.4: irq 52 for MSI/MSI-X
[    0.592675] pcieport 0000:00:18.5: irq 53 for MSI/MSI-X
[    0.593468] pcieport 0000:00:18.6: irq 54 for MSI/MSI-X
[    0.593661] pcieport 0000:00:18.7: irq 55 for MSI/MSI-X
[    0.594376] pcieport 0000:00:15.0: Signaling PME through PCIe PME interrupt
[    0.594409] pcie_pme 0000:00:15.0:pcie01: service driver pcie_pme loaded
[    0.594518] pcieport 0000:00:15.1: Signaling PME through PCIe PME interrupt
[    0.594550] pcie_pme 0000:00:15.1:pcie01: service driver pcie_pme loaded
[    0.594658] pcieport 0000:00:15.2: Signaling PME through PCIe PME interrupt
[    0.594690] pcie_pme 0000:00:15.2:pcie01: service driver pcie_pme loaded
[    0.594812] pcieport 0000:00:15.3: Signaling PME through PCIe PME interrupt
[    0.594844] pcie_pme 0000:00:15.3:pcie01: service driver pcie_pme loaded
[    0.594952] pcieport 0000:00:15.4: Signaling PME through PCIe PME interrupt
[    0.594986] pcie_pme 0000:00:15.4:pcie01: service driver pcie_pme loaded
[    0.595094] pcieport 0000:00:15.5: Signaling PME through PCIe PME interrupt
[    0.595127] pcie_pme 0000:00:15.5:pcie01: service driver pcie_pme loaded
[    0.595235] pcieport 0000:00:15.6: Signaling PME through PCIe PME interrupt
[    0.595267] pcie_pme 0000:00:15.6:pcie01: service driver pcie_pme loaded
[    0.595370] pcieport 0000:00:15.7: Signaling PME through PCIe PME interrupt
[    0.595403] pcie_pme 0000:00:15.7:pcie01: service driver pcie_pme loaded
[    0.595511] pcieport 0000:00:16.0: Signaling PME through PCIe PME interrupt
[    0.595544] pcie_pme 0000:00:16.0:pcie01: service driver pcie_pme loaded
[    0.595663] pcieport 0000:00:16.1: Signaling PME through PCIe PME interrupt
[    0.595695] pcie_pme 0000:00:16.1:pcie01: service driver pcie_pme loaded
[    0.595803] pcieport 0000:00:16.2: Signaling PME through PCIe PME interrupt
[    0.595845] pcie_pme 0000:00:16.2:pcie01: service driver pcie_pme loaded
[    0.595966] pcieport 0000:00:16.3: Signaling PME through PCIe PME interrupt
[    0.596008] pcie_pme 0000:00:16.3:pcie01: service driver pcie_pme loaded
[    0.596116] pcieport 0000:00:16.4: Signaling PME through PCIe PME interrupt
[    0.596147] pcie_pme 0000:00:16.4:pcie01: service driver pcie_pme loaded
[    0.596256] pcieport 0000:00:16.5: Signaling PME through PCIe PME interrupt
[    0.596287] pcie_pme 0000:00:16.5:pcie01: service driver pcie_pme loaded
[    0.596467] pcieport 0000:00:16.6: Signaling PME through PCIe PME interrupt
[    0.596499] pcie_pme 0000:00:16.6:pcie01: service driver pcie_pme loaded
[    0.596619] pcieport 0000:00:16.7: Signaling PME through PCIe PME interrupt
[    0.596728] pcie_pme 0000:00:16.7:pcie01: service driver pcie_pme loaded
[    0.596836] pcieport 0000:00:17.0: Signaling PME through PCIe PME interrupt
[    0.596868] pcie_pme 0000:00:17.0:pcie01: service driver pcie_pme loaded
[    0.596977] pcieport 0000:00:17.1: Signaling PME through PCIe PME interrupt
[    0.597008] pcie_pme 0000:00:17.1:pcie01: service driver pcie_pme loaded
[    0.597117] pcieport 0000:00:17.2: Signaling PME through PCIe PME interrupt
[    0.597148] pcie_pme 0000:00:17.2:pcie01: service driver pcie_pme loaded
[    0.597256] pcieport 0000:00:17.3: Signaling PME through PCIe PME interrupt
[    0.597287] pcie_pme 0000:00:17.3:pcie01: service driver pcie_pme loaded
[    0.597458] pcieport 0000:00:17.4: Signaling PME through PCIe PME interrupt
[    0.597499] pcie_pme 0000:00:17.4:pcie01: service driver pcie_pme loaded
[    0.597621] pcieport 0000:00:17.5: Signaling PME through PCIe PME interrupt
[    0.597650] pcie_pme 0000:00:17.5:pcie01: service driver pcie_pme loaded
[    0.597759] pcieport 0000:00:17.6: Signaling PME through PCIe PME interrupt
[    0.597789] pcie_pme 0000:00:17.6:pcie01: service driver pcie_pme loaded
[    0.597897] pcieport 0000:00:17.7: Signaling PME through PCIe PME interrupt
[    0.597926] pcie_pme 0000:00:17.7:pcie01: service driver pcie_pme loaded
[    0.598035] pcieport 0000:00:18.0: Signaling PME through PCIe PME interrupt
[    0.598064] pcie_pme 0000:00:18.0:pcie01: service driver pcie_pme loaded
[    0.598172] pcieport 0000:00:18.1: Signaling PME through PCIe PME interrupt
[    0.598201] pcie_pme 0000:00:18.1:pcie01: service driver pcie_pme loaded
[    0.598219] pcieport 0000:00:18.2: Signaling PME through PCIe PME interrupt
[    0.598376] pcie_pme 0000:00:18.2:pcie01: service driver pcie_pme loaded
[    0.598495] pcieport 0000:00:18.3: Signaling PME through PCIe PME interrupt
[    0.598524] pcie_pme 0000:00:18.3:pcie01: service driver pcie_pme loaded
[    0.598633] pcieport 0000:00:18.4: Signaling PME through PCIe PME interrupt
[    0.598662] pcie_pme 0000:00:18.4:pcie01: service driver pcie_pme loaded
[    0.598777] pcieport 0000:00:18.5: Signaling PME through PCIe PME interrupt
[    0.598806] pcie_pme 0000:00:18.5:pcie01: service driver pcie_pme loaded
[    0.598914] pcieport 0000:00:18.6: Signaling PME through PCIe PME interrupt
[    0.598943] pcie_pme 0000:00:18.6:pcie01: service driver pcie_pme loaded
[    0.599051] pcieport 0000:00:18.7: Signaling PME through PCIe PME interrupt
[    0.599080] pcie_pme 0000:00:18.7:pcie01: service driver pcie_pme loaded
[    0.599136] pci_hotplug: PCI Hot Plug PCI Core version: 0.5
[    0.599190] pciehp 0000:00:15.0:pcie04: Slot #160 AttnBtn+ PwrCtrl+ MRL- AttnInd- PwrInd- HotPlug+ Surprise- Interlock- NoCompl+ LLActRep+
[    0.599319] pciehp 0000:00:15.0:pcie04: service driver pciehp loaded
[    0.599375] pciehp 0000:00:15.1:pcie04: Slot #161 AttnBtn+ PwrCtrl+ MRL- AttnInd- PwrInd- HotPlug+ Surprise- Interlock- NoCompl+ LLActRep+
[    0.599470] pciehp 0000:00:15.1:pcie04: service driver pciehp loaded
[    0.599516] pciehp 0000:00:15.2:pcie04: Slot #162 AttnBtn+ PwrCtrl+ MRL- AttnInd- PwrInd- HotPlug+ Surprise- Interlock- NoCompl+ LLActRep+
[    0.599610] pciehp 0000:00:15.2:pcie04: service driver pciehp loaded
[    0.599656] pciehp 0000:00:15.3:pcie04: Slot #163 AttnBtn+ PwrCtrl+ MRL- AttnInd- PwrInd- HotPlug+ Surprise- Interlock- NoCompl+ LLActRep+
[    0.599755] pciehp 0000:00:15.3:pcie04: service driver pciehp loaded
[    0.599804] pciehp 0000:00:15.4:pcie04: Slot #164 AttnBtn+ PwrCtrl+ MRL- AttnInd- PwrInd- HotPlug+ Surprise- Interlock- NoCompl+ LLActRep+
[    0.599896] pciehp 0000:00:15.4:pcie04: service driver pciehp loaded
