[    0.000000] Initializing cgroup subsys cpuset
[    0.000000] Initializing cgroup subsys cpu
[    0.000000] Initializing cgroup subsys cpuacct
[    0.000000] Linux version 3.10.0-514.16.1.el7.x86_64 (builder@kbuilder.dev.centos.org) (gcc version 4.8.5 20150623 (Red Hat 4.8.5-11) (GCC) ) #1 SMP Wed Apr 12 15:04:24 UTC 2017
[    0.000000] Command line: BOOT_IMAGE=/vmlinuz-3.10.0-514.16.1.el7.x86_64 root=/dev/mapper/cl-root ro crashkernel=auto rd.lvm.lv=cl/root rd.lvm.lv=cl/swap rhgb quiet LANG=en_US.UTF-8
[    0.000000] Disabled fast string operations
[    0.000000] e820: BIOS-provided physical RAM map:
[    0.000000] BIOS-e820: [mem 0x0000000000000000-0x000000000009ebff] usable
[    0.000000] BIOS-e820: [mem 0x000000000009ec00-0x000000000009ffff] reserved
[    0.000000] BIOS-e820: [mem 0x00000000000dc000-0x00000000000fffff] reserved
[    0.000000] BIOS-e820: [mem 0x0000000000100000-0x000000007fedffff] usable
[    0.000000] BIOS-e820: [mem 0x000000007fee0000-0x000000007fefefff] ACPI data
[    0.000000] BIOS-e820: [mem 0x000000007feff000-0x000000007fefffff] ACPI NVS
[    0.000000] BIOS-e820: [mem 0x000000007ff00000-0x000000007fffffff] usable
[    0.000000] BIOS-e820: [mem 0x00000000f0000000-0x00000000f7ffffff] reserved
[    0.000000] BIOS-e820: [mem 0x00000000fec00000-0x00000000fec0ffff] reserved
[    0.000000] BIOS-e820: [mem 0x00000000fee00000-0x00000000fee00fff] reserved
[    0.000000] BIOS-e820: [mem 0x00000000fffe0000-0x00000000ffffffff] reserved
[    0.000000] NX (Execute Disable) protection: active
[    0.000000] SMBIOS 2.7 present.
[    0.000000] DMI: VMware, Inc. VMware Virtual Platform/440BX Desktop Reference Platform, BIOS 6.00 07/02/2015
[    0.000000] Hypervisor detected: VMware
[    0.000000] e820: update [mem 0x00000000-0x00000fff] usable ==> reserved
[    0.000000] e820: remove [mem 0x000a0000-0x000fffff] usable
[    0.000000] e820: last_pfn = 0x80000 max_arch_pfn = 0x400000000
[    0.000000] MTRR default type: uncachable
[    0.000000] MTRR fixed ranges enabled:
[    0.000000]   00000-9FFFF write-back
[    0.000000]   A0000-BFFFF uncachable
[    0.000000]   C0000-CBFFF write-protect
[    0.000000]   CC000-EFFFF uncachable
[    0.000000]   F0000-FFFFF write-protect
[    0.000000] MTRR variable ranges enabled:
[    0.000000]   0 base 000C0000000 mask 3FFC0000000 uncachable
[    0.000000]   1 base 00000000000 mask 3FF00000000 write-back
[    0.000000]   2 disabled
[    0.000000]   3 disabled
[    0.000000]   4 disabled
[    0.000000]   5 disabled
[    0.000000]   6 disabled
[    0.000000]   7 disabled
[    0.000000] x86 PAT enabled: cpu 0, old 0x7040600070406, new 0x7010600070106
[    0.000000] original variable MTRRs
[    0.000000] reg 0, base: 3GB, range: 1GB, type UC
[    0.000000] reg 1, base: 0GB, range: 4GB, type WB
[    0.000000] total RAM covered: 3072M
[    0.000000] Found optimal setting for mtrr clean up
[    0.000000]  gran_size: 64K 	chunk_size: 64K 	num_reg: 2  	lose cover RAM: 0G
[    0.000000] New variable MTRRs
[    0.000000] reg 0, base: 0GB, range: 2GB, type WB
[    0.000000] reg 1, base: 2GB, range: 1GB, type WB
[    0.000000] found SMP MP-table at [mem 0x000f6a80-0x000f6a8f] mapped at [ffff8800000f6a80]
[    0.000000] Base memory trampoline at [ffff880000098000] 98000 size 24576
[    0.000000] BRK [0x01f9f000, 0x01f9ffff] PGTABLE
[    0.000000] BRK [0x01fa0000, 0x01fa0fff] PGTABLE
[    0.000000] BRK [0x01fa1000, 0x01fa1fff] PGTABLE
[    0.000000] BRK [0x01fa2000, 0x01fa2fff] PGTABLE
[    0.000000] BRK [0x01fa3000, 0x01fa3fff] PGTABLE
[    0.000000] RAMDISK: [mem 0x35933000-0x36c91fff]
[    0.000000] ACPI: RSDP 00000000000f6a10 00024 (v02 PTLTD )
[    0.000000] ACPI: XSDT 000000007feea65b 0005C (v01 INTEL  440BX    06040000 VMW  01324272)
[    0.000000] ACPI: FACP 000000007fefee73 000F4 (v04 INTEL  440BX    06040000 PTL  000F4240)
[    0.000000] ACPI: DSDT 000000007feec749 1272A (v01 PTLTD  Custom   06040000 MSFT 03000001)
[    0.000000] ACPI: FACS 000000007fefffc0 00040
[    0.000000] ACPI: BOOT 000000007feec721 00028 (v01 PTLTD  $SBFTBL$ 06040000  LTP 00000001)
[    0.000000] ACPI: APIC 000000007feeb8bd 00742 (v01 PTLTD  ? APIC   06040000  LTP 00000000)
[    0.000000] ACPI: MCFG 000000007feeb881 0003C (v01 PTLTD  $PCITBL$ 06040000  LTP 00000001)
[    0.000000] ACPI: SRAT 000000007feea757 008A8 (v02 VMWARE MEMPLUG  06040000 VMW  00000001)
[    0.000000] ACPI: HPET 000000007feea71f 00038 (v01 VMWARE VMW HPET 06040000 VMW  00000001)
[    0.000000] ACPI: WAET 000000007feea6f7 00028 (v01 VMWARE VMW WAET 06040000 VMW  00000001)
[    0.000000] ACPI: Local APIC address 0xfee00000
[    0.000000] system APIC only can use physical flat
[    0.000000] Setting APIC routing to physical flat.
[    0.000000] SRAT: PXM 0 -> APIC 0x00 -> Node 0
[    0.000000] SRAT: PXM 0 -> APIC 0x02 -> Node 0
[    0.000000] SRAT: PXM 0 -> APIC 0x04 -> Node 0
[    0.000000] SRAT: PXM 0 -> APIC 0x06 -> Node 0
[    0.000000] SRAT: PXM 0 -> APIC 0x08 -> Node 0
[    0.000000] SRAT: PXM 0 -> APIC 0x0a -> Node 0
[    0.000000] SRAT: PXM 0 -> APIC 0x0c -> Node 0
[    0.000000] SRAT: PXM 0 -> APIC 0x0e -> Node 0
[    0.000000] SRAT: PXM 0 -> APIC 0x10 -> Node 0
[    0.000000] SRAT: PXM 0 -> APIC 0x12 -> Node 0
[    0.000000] SRAT: PXM 0 -> APIC 0x14 -> Node 0
[    0.000000] SRAT: PXM 0 -> APIC 0x16 -> Node 0
[    0.000000] SRAT: PXM 0 -> APIC 0x18 -> Node 0
[    0.000000] SRAT: PXM 0 -> APIC 0x1a -> Node 0
[    0.000000] SRAT: PXM 0 -> APIC 0x1c -> Node 0
[    0.000000] SRAT: PXM 0 -> APIC 0x1e -> Node 0
[    0.000000] SRAT: PXM 0 -> APIC 0x20 -> Node 0
[    0.000000] SRAT: PXM 0 -> APIC 0x22 -> Node 0
[    0.000000] SRAT: PXM 0 -> APIC 0x24 -> Node 0
[    0.000000] SRAT: PXM 0 -> APIC 0x26 -> Node 0
[    0.000000] SRAT: PXM 0 -> APIC 0x28 -> Node 0
[    0.000000] SRAT: PXM 0 -> APIC 0x2a -> Node 0
[    0.000000] SRAT: PXM 0 -> APIC 0x2c -> Node 0
[    0.000000] SRAT: PXM 0 -> APIC 0x2e -> Node 0
[    0.000000] SRAT: PXM 0 -> APIC 0x30 -> Node 0
[    0.000000] SRAT: PXM 0 -> APIC 0x32 -> Node 0
[    0.000000] SRAT: PXM 0 -> APIC 0x34 -> Node 0
[    0.000000] SRAT: PXM 0 -> APIC 0x36 -> Node 0
[    0.000000] SRAT: PXM 0 -> APIC 0x38 -> Node 0
[    0.000000] SRAT: PXM 0 -> APIC 0x3a -> Node 0
[    0.000000] SRAT: PXM 0 -> APIC 0x3c -> Node 0
[    0.000000] SRAT: PXM 0 -> APIC 0x3e -> Node 0
[    0.000000] SRAT: PXM 0 -> APIC 0x40 -> Node 0
[    0.000000] SRAT: PXM 0 -> APIC 0x42 -> Node 0
[    0.000000] SRAT: PXM 0 -> APIC 0x44 -> Node 0
[    0.000000] SRAT: PXM 0 -> APIC 0x46 -> Node 0
[    0.000000] SRAT: PXM 0 -> APIC 0x48 -> Node 0
[    0.000000] SRAT: PXM 0 -> APIC 0x4a -> Node 0
[    0.000000] SRAT: PXM 0 -> APIC 0x4c -> Node 0
[    0.000000] SRAT: PXM 0 -> APIC 0x4e -> Node 0
[    0.000000] SRAT: PXM 0 -> APIC 0x50 -> Node 0
[    0.000000] SRAT: PXM 0 -> APIC 0x52 -> Node 0
[    0.000000] SRAT: PXM 0 -> APIC 0x54 -> Node 0
[    0.000000] SRAT: PXM 0 -> APIC 0x56 -> Node 0
[    0.000000] SRAT: PXM 0 -> APIC 0x58 -> Node 0
[    0.000000] SRAT: PXM 0 -> APIC 0x5a -> Node 0
[    0.000000] SRAT: PXM 0 -> APIC 0x5c -> Node 0
[    0.000000] SRAT: PXM 0 -> APIC 0x5e -> Node 0
[    0.000000] SRAT: PXM 0 -> APIC 0x60 -> Node 0
[    0.000000] SRAT: PXM 0 -> APIC 0x62 -> Node 0
[    0.000000] SRAT: PXM 0 -> APIC 0x64 -> Node 0
[    0.000000] SRAT: PXM 0 -> APIC 0x66 -> Node 0
[    0.000000] SRAT: PXM 0 -> APIC 0x68 -> Node 0
[    0.000000] SRAT: PXM 0 -> APIC 0x6a -> Node 0
[    0.000000] SRAT: PXM 0 -> APIC 0x6c -> Node 0
[    0.000000] SRAT: PXM 0 -> APIC 0x6e -> Node 0
[    0.000000] SRAT: PXM 0 -> APIC 0x70 -> Node 0
[    0.000000] SRAT: PXM 0 -> APIC 0x72 -> Node 0
[    0.000000] SRAT: PXM 0 -> APIC 0x74 -> Node 0
[    0.000000] SRAT: PXM 0 -> APIC 0x76 -> Node 0
[    0.000000] SRAT: PXM 0 -> APIC 0x78 -> Node 0
[    0.000000] SRAT: PXM 0 -> APIC 0x7a -> Node 0
[    0.000000] SRAT: PXM 0 -> APIC 0x7c -> Node 0
[    0.000000] SRAT: PXM 0 -> APIC 0x7e -> Node 0
[    0.000000] SRAT: PXM 0 -> APIC 0x80 -> Node 0
[    0.000000] SRAT: PXM 0 -> APIC 0x82 -> Node 0
[    0.000000] SRAT: PXM 0 -> APIC 0x84 -> Node 0
[    0.000000] SRAT: PXM 0 -> APIC 0x86 -> Node 0
[    0.000000] SRAT: PXM 0 -> APIC 0x88 -> Node 0
[    0.000000] SRAT: PXM 0 -> APIC 0x8a -> Node 0
[    0.000000] SRAT: PXM 0 -> APIC 0x8c -> Node 0
[    0.000000] SRAT: PXM 0 -> APIC 0x8e -> Node 0
[    0.000000] SRAT: PXM 0 -> APIC 0x90 -> Node 0
[    0.000000] SRAT: PXM 0 -> APIC 0x92 -> Node 0
[    0.000000] SRAT: PXM 0 -> APIC 0x94 -> Node 0
[    0.000000] SRAT: PXM 0 -> APIC 0x96 -> Node 0
[    0.000000] SRAT: PXM 0 -> APIC 0x98 -> Node 0
[    0.000000] SRAT: PXM 0 -> APIC 0x9a -> Node 0
[    0.000000] SRAT: PXM 0 -> APIC 0x9c -> Node 0
[    0.000000] SRAT: PXM 0 -> APIC 0x9e -> Node 0
[    0.000000] SRAT: PXM 0 -> APIC 0xa0 -> Node 0
[    0.000000] SRAT: PXM 0 -> APIC 0xa2 -> Node 0
[    0.000000] SRAT: PXM 0 -> APIC 0xa4 -> Node 0
[    0.000000] SRAT: PXM 0 -> APIC 0xa6 -> Node 0
[    0.000000] SRAT: PXM 0 -> APIC 0xa8 -> Node 0
[    0.000000] SRAT: PXM 0 -> APIC 0xaa -> Node 0
[    0.000000] SRAT: PXM 0 -> APIC 0xac -> Node 0
[    0.000000] SRAT: PXM 0 -> APIC 0xae -> Node 0
[    0.000000] SRAT: PXM 0 -> APIC 0xb0 -> Node 0
[    0.000000] SRAT: PXM 0 -> APIC 0xb2 -> Node 0
[    0.000000] SRAT: PXM 0 -> APIC 0xb4 -> Node 0
[    0.000000] SRAT: PXM 0 -> APIC 0xb6 -> Node 0
[    0.000000] SRAT: PXM 0 -> APIC 0xb8 -> Node 0
[    0.000000] SRAT: PXM 0 -> APIC 0xba -> Node 0
[    0.000000] SRAT: PXM 0 -> APIC 0xbc -> Node 0
[    0.000000] SRAT: PXM 0 -> APIC 0xbe -> Node 0
[    0.000000] SRAT: PXM 0 -> APIC 0xc0 -> Node 0
[    0.000000] SRAT: PXM 0 -> APIC 0xc2 -> Node 0
[    0.000000] SRAT: PXM 0 -> APIC 0xc4 -> Node 0
[    0.000000] SRAT: PXM 0 -> APIC 0xc6 -> Node 0
[    0.000000] SRAT: PXM 0 -> APIC 0xc8 -> Node 0
[    0.000000] SRAT: PXM 0 -> APIC 0xca -> Node 0
[    0.000000] SRAT: PXM 0 -> APIC 0xcc -> Node 0
[    0.000000] SRAT: PXM 0 -> APIC 0xce -> Node 0
[    0.000000] SRAT: PXM 0 -> APIC 0xd0 -> Node 0
[    0.000000] SRAT: PXM 0 -> APIC 0xd2 -> Node 0
[    0.000000] SRAT: PXM 0 -> APIC 0xd4 -> Node 0
[    0.000000] SRAT: PXM 0 -> APIC 0xd6 -> Node 0
[    0.000000] SRAT: PXM 0 -> APIC 0xd8 -> Node 0
[    0.000000] SRAT: PXM 0 -> APIC 0xda -> Node 0
[    0.000000] SRAT: PXM 0 -> APIC 0xdc -> Node 0
[    0.000000] SRAT: PXM 0 -> APIC 0xde -> Node 0
[    0.000000] SRAT: PXM 0 -> APIC 0xe0 -> Node 0
[    0.000000] SRAT: PXM 0 -> APIC 0xe2 -> Node 0
[    0.000000] SRAT: PXM 0 -> APIC 0xe4 -> Node 0
[    0.000000] SRAT: PXM 0 -> APIC 0xe6 -> Node 0
[    0.000000] SRAT: PXM 0 -> APIC 0xe8 -> Node 0
[    0.000000] SRAT: PXM 0 -> APIC 0xea -> Node 0
[    0.000000] SRAT: PXM 0 -> APIC 0xec -> Node 0
[    0.000000] SRAT: PXM 0 -> APIC 0xee -> Node 0
[    0.000000] SRAT: PXM 0 -> APIC 0xf0 -> Node 0
[    0.000000] SRAT: PXM 0 -> APIC 0xf2 -> Node 0
[    0.000000] SRAT: PXM 0 -> APIC 0xf4 -> Node 0
[    0.000000] SRAT: PXM 0 -> APIC 0xf6 -> Node 0
[    0.000000] SRAT: PXM 0 -> APIC 0xf8 -> Node 0
[    0.000000] SRAT: PXM 0 -> APIC 0xfa -> Node 0
[    0.000000] SRAT: PXM 0 -> APIC 0xfc -> Node 0
[    0.000000] SRAT: PXM 0 -> APIC 0xfe -> Node 0
[    0.000000] SRAT: Node 0 PXM 0 [mem 0x00000000-0x0009ffff]
[    0.000000] SRAT: Node 0 PXM 0 [mem 0x00100000-0x7fffffff]
[    0.000000] SRAT: Node 0 PXM 0 [mem 0x80000000-0xbfffffff] hotplug
[    0.000000] NUMA: Node 0 [mem 0x00000000-0x0009ffff] + [mem 0x00100000-0x7fffffff] -> [mem 0x00000000-0x7fffffff]
[    0.000000] Initmem setup node 0 [mem 0x00000000-0x7fffffff]
[    0.000000]   NODE_DATA [mem 0x7ffd9000-0x7fffffff]
[    0.000000] Reserving 161MB of memory at 688MB for crashkernel (System RAM: 2047MB)
[    0.000000] Zone ranges:
[    0.000000]   DMA      [mem 0x00001000-0x00ffffff]
[    0.000000]   DMA32    [mem 0x01000000-0xffffffff]
[    0.000000]   Normal   empty
[    0.000000] Movable zone start for each node
[    0.000000] Early memory node ranges
[    0.000000]   node   0: [mem 0x00001000-0x0009dfff]
[    0.000000]   node   0: [mem 0x00100000-0x7fedffff]
[    0.000000]   node   0: [mem 0x7ff00000-0x7fffffff]
[    0.000000] On node 0 totalpages: 524157
[    0.000000]   DMA zone: 64 pages used for memmap
[    0.000000]   DMA zone: 21 pages reserved
[    0.000000]   DMA zone: 3997 pages, LIFO batch:0
[    0.000000]   DMA32 zone: 8128 pages used for memmap
[    0.000000]   DMA32 zone: 520160 pages, LIFO batch:31
[    0.000000] ACPI: PM-Timer IO Port: 0x1008
[    0.000000] ACPI: Local APIC address 0xfee00000
[    0.000000] system APIC only can use physical flat
[    0.000000] ACPI: LAPIC (acpi_id[0x00] lapic_id[0x00] enabled)
[    0.000000] ACPI: LAPIC (acpi_id[0x01] lapic_id[0x02] disabled)
[    0.000000] ACPI: LAPIC (acpi_id[0x02] lapic_id[0x04] disabled)
[    0.000000] ACPI: LAPIC (acpi_id[0x03] lapic_id[0x06] disabled)
[    0.000000] ACPI: LAPIC (acpi_id[0x04] lapic_id[0x08] disabled)
[    0.000000] ACPI: LAPIC (acpi_id[0x05] lapic_id[0x0a] disabled)
[    0.000000] ACPI: LAPIC (acpi_id[0x06] lapic_id[0x0c] disabled)
[    0.000000] ACPI: LAPIC (acpi_id[0x07] lapic_id[0x0e] disabled)
[    0.000000] ACPI: LAPIC (acpi_id[0x08] lapic_id[0x10] disabled)
[    0.000000] ACPI: LAPIC (acpi_id[0x09] lapic_id[0x12] disabled)
[    0.000000] ACPI: LAPIC (acpi_id[0x0a] lapic_id[0x14] disabled)
[    0.000000] ACPI: LAPIC (acpi_id[0x0b] lapic_id[0x16] disabled)
[    0.000000] ACPI: LAPIC (acpi_id[0x0c] lapic_id[0x18] disabled)
[    0.000000] ACPI: LAPIC (acpi_id[0x0d] lapic_id[0x1a] disabled)
[    0.000000] ACPI: LAPIC (acpi_id[0x0e] lapic_id[0x1c] disabled)
[    0.000000] ACPI: LAPIC (acpi_id[0x0f] lapic_id[0x1e] disabled)
[    0.000000] ACPI: LAPIC (acpi_id[0x10] lapic_id[0x20] disabled)
[    0.000000] ACPI: LAPIC (acpi_id[0x11] lapic_id[0x22] disabled)
[    0.000000] ACPI: LAPIC (acpi_id[0x12] lapic_id[0x24] disabled)
[    0.000000] ACPI: LAPIC (acpi_id[0x13] lapic_id[0x26] disabled)
[    0.000000] ACPI: LAPIC (acpi_id[0x14] lapic_id[0x28] disabled)
[    0.000000] ACPI: LAPIC (acpi_id[0x15] lapic_id[0x2a] disabled)
[    0.000000] ACPI: LAPIC (acpi_id[0x16] lapic_id[0x2c] disabled)
[    0.000000] ACPI: LAPIC (acpi_id[0x17] lapic_id[0x2e] disabled)
[    0.000000] ACPI: LAPIC (acpi_id[0x18] lapic_id[0x30] disabled)
[    0.000000] ACPI: LAPIC (acpi_id[0x19] lapic_id[0x32] disabled)
[    0.000000] ACPI: LAPIC (acpi_id[0x1a] lapic_id[0x34] disabled)
[    0.000000] ACPI: LAPIC (acpi_id[0x1b] lapic_id[0x36] disabled)
[    0.000000] ACPI: LAPIC (acpi_id[0x1c] lapic_id[0x38] disabled)
[    0.000000] ACPI: LAPIC (acpi_id[0x1d] lapic_id[0x3a] disabled)
[    0.000000] ACPI: LAPIC (acpi_id[0x1e] lapic_id[0x3c] disabled)
[    0.000000] ACPI: LAPIC (acpi_id[0x1f] lapic_id[0x3e] disabled)
[    0.000000] ACPI: LAPIC (acpi_id[0x20] lapic_id[0x40] disabled)
[    0.000000] ACPI: LAPIC (acpi_id[0x21] lapic_id[0x42] disabled)
[    0.000000] ACPI: LAPIC (acpi_id[0x22] lapic_id[0x44] disabled)
[    0.000000] ACPI: LAPIC (acpi_id[0x23] lapic_id[0x46] disabled)
[    0.000000] ACPI: LAPIC (acpi_id[0x24] lapic_id[0x48] disabled)
[    0.000000] ACPI: LAPIC (acpi_id[0x25] lapic_id[0x4a] disabled)
[    0.000000] ACPI: LAPIC (acpi_id[0x26] lapic_id[0x4c] disabled)
[    0.000000] ACPI: LAPIC (acpi_id[0x27] lapic_id[0x4e] disabled)
[    0.000000] ACPI: LAPIC (acpi_id[0x28] lapic_id[0x50] disabled)
[    0.000000] ACPI: LAPIC (acpi_id[0x29] lapic_id[0x52] disabled)
[    0.000000] ACPI: LAPIC (acpi_id[0x2a] lapic_id[0x54] disabled)
[    0.000000] ACPI: LAPIC (acpi_id[0x2b] lapic_id[0x56] disabled)
[    0.000000] ACPI: LAPIC (acpi_id[0x2c] lapic_id[0x58] disabled)
[    0.000000] ACPI: LAPIC (acpi_id[0x2d] lapic_id[0x5a] disabled)
[    0.000000] ACPI: LAPIC (acpi_id[0x2e] lapic_id[0x5c] disabled)
[    0.000000] ACPI: LAPIC (acpi_id[0x2f] lapic_id[0x5e] disabled)
[    0.000000] ACPI: LAPIC (acpi_id[0x30] lapic_id[0x60] disabled)
[    0.000000] ACPI: LAPIC (acpi_id[0x31] lapic_id[0x62] disabled)
[    0.000000] ACPI: LAPIC (acpi_id[0x32] lapic_id[0x64] disabled)
[    0.000000] ACPI: LAPIC (acpi_id[0x33] lapic_id[0x66] disabled)
[    0.000000] ACPI: LAPIC (acpi_id[0x34] lapic_id[0x68] disabled)
[    0.000000] ACPI: LAPIC (acpi_id[0x35] lapic_id[0x6a] disabled)
[    0.000000] ACPI: LAPIC (acpi_id[0x36] lapic_id[0x6c] disabled)
[    0.000000] ACPI: LAPIC (acpi_id[0x37] lapic_id[0x6e] disabled)
[    0.000000] ACPI: LAPIC (acpi_id[0x38] lapic_id[0x70] disabled)
[    0.000000] ACPI: LAPIC (acpi_id[0x39] lapic_id[0x72] disabled)
[    0.000000] ACPI: LAPIC (acpi_id[0x3a] lapic_id[0x74] disabled)
[    0.000000] ACPI: LAPIC (acpi_id[0x3b] lapic_id[0x76] disabled)
[    0.000000] ACPI: LAPIC (acpi_id[0x3c] lapic_id[0x78] disabled)
[    0.000000] ACPI: LAPIC (acpi_id[0x3d] lapic_id[0x7a] disabled)
[    0.000000] ACPI: LAPIC (acpi_id[0x3e] lapic_id[0x7c] disabled)
[    0.000000] ACPI: LAPIC (acpi_id[0x3f] lapic_id[0x7e] disabled)
[    0.000000] ACPI: LAPIC (acpi_id[0x40] lapic_id[0x80] disabled)
[    0.000000] ACPI: LAPIC (acpi_id[0x41] lapic_id[0x82] disabled)
[    0.000000] ACPI: LAPIC (acpi_id[0x42] lapic_id[0x84] disabled)
[    0.000000] ACPI: LAPIC (acpi_id[0x43] lapic_id[0x86] disabled)
[    0.000000] ACPI: LAPIC (acpi_id[0x44] lapic_id[0x88] disabled)
[    0.000000] ACPI: LAPIC (acpi_id[0x45] lapic_id[0x8a] disabled)
[    0.000000] ACPI: LAPIC (acpi_id[0x46] lapic_id[0x8c] disabled)
[    0.000000] ACPI: LAPIC (acpi_id[0x47] lapic_id[0x8e] disabled)
[    0.000000] ACPI: LAPIC (acpi_id[0x48] lapic_id[0x90] disabled)
[    0.000000] ACPI: LAPIC (acpi_id[0x49] lapic_id[0x92] disabled)
[    0.000000] ACPI: LAPIC (acpi_id[0x4a] lapic_id[0x94] disabled)
[    0.000000] ACPI: LAPIC (acpi_id[0x4b] lapic_id[0x96] disabled)
[    0.000000] ACPI: LAPIC (acpi_id[0x4c] lapic_id[0x98] disabled)
[    0.000000] ACPI: LAPIC (acpi_id[0x4d] lapic_id[0x9a] disabled)
[    0.000000] ACPI: LAPIC (acpi_id[0x4e] lapic_id[0x9c] disabled)
[    0.000000] ACPI: LAPIC (acpi_id[0x4f] lapic_id[0x9e] disabled)
[    0.000000] ACPI: LAPIC (acpi_id[0x50] lapic_id[0xa0] disabled)
[    0.000000] ACPI: LAPIC (acpi_id[0x51] lapic_id[0xa2] disabled)
[    0.000000] ACPI: LAPIC (acpi_id[0x52] lapic_id[0xa4] disabled)
[    0.000000] ACPI: LAPIC (acpi_id[0x53] lapic_id[0xa6] disabled)
[    0.000000] ACPI: LAPIC (acpi_id[0x54] lapic_id[0xa8] disabled)
[    0.000000] ACPI: LAPIC (acpi_id[0x55] lapic_id[0xaa] disabled)
[    0.000000] ACPI: LAPIC (acpi_id[0x56] lapic_id[0xac] disabled)
[    0.000000] ACPI: LAPIC (acpi_id[0x57] lapic_id[0xae] disabled)
[    0.000000] ACPI: LAPIC (acpi_id[0x58] lapic_id[0xb0] disabled)
[    0.000000] ACPI: LAPIC (acpi_id[0x59] lapic_id[0xb2] disabled)
[    0.000000] ACPI: LAPIC (acpi_id[0x5a] lapic_id[0xb4] disabled)
[    0.000000] ACPI: LAPIC (acpi_id[0x5b] lapic_id[0xb6] disabled)
[    0.000000] ACPI: LAPIC (acpi_id[0x5c] lapic_id[0xb8] disabled)
[    0.000000] ACPI: LAPIC (acpi_id[0x5d] lapic_id[0xba] disabled)
[    0.000000] ACPI: LAPIC (acpi_id[0x5e] lapic_id[0xbc] disabled)
[    0.000000] ACPI: LAPIC (acpi_id[0x5f] lapic_id[0xbe] disabled)
[    0.000000] ACPI: LAPIC (acpi_id[0x60] lapic_id[0xc0] disabled)
[    0.000000] ACPI: LAPIC (acpi_id[0x61] lapic_id[0xc2] disabled)
[    0.000000] ACPI: LAPIC (acpi_id[0x62] lapic_id[0xc4] disabled)
[    0.000000] ACPI: LAPIC (acpi_id[0x63] lapic_id[0xc6] disabled)
[    0.000000] ACPI: LAPIC (acpi_id[0x64] lapic_id[0xc8] disabled)
[    0.000000] ACPI: LAPIC (acpi_id[0x65] lapic_id[0xca] disabled)
[    0.000000] ACPI: LAPIC (acpi_id[0x66] lapic_id[0xcc] disabled)
[    0.000000] ACPI: LAPIC (acpi_id[0x67] lapic_id[0xce] disabled)
[    0.000000] ACPI: LAPIC (acpi_id[0x68] lapic_id[0xd0] disabled)
[    0.000000] ACPI: LAPIC (acpi_id[0x69] lapic_id[0xd2] disabled)
[    0.000000] ACPI: LAPIC (acpi_id[0x6a] lapic_id[0xd4] disabled)
[    0.000000] ACPI: LAPIC (acpi_id[0x6b] lapic_id[0xd6] disabled)
[    0.000000] ACPI: LAPIC (acpi_id[0x6c] lapic_id[0xd8] disabled)
[    0.000000] ACPI: LAPIC (acpi_id[0x6d] lapic_id[0xda] disabled)
[    0.000000] ACPI: LAPIC (acpi_id[0x6e] lapic_id[0xdc] disabled)
[    0.000000] ACPI: LAPIC (acpi_id[0x6f] lapic_id[0xde] disabled)
[    0.000000] ACPI: LAPIC (acpi_id[0x70] lapic_id[0xe0] disabled)
[    0.000000] ACPI: LAPIC (acpi_id[0x71] lapic_id[0xe2] disabled)
[    0.000000] ACPI: LAPIC (acpi_id[0x72] lapic_id[0xe4] disabled)
[    0.000000] ACPI: LAPIC (acpi_id[0x73] lapic_id[0xe6] disabled)
[    0.000000] ACPI: LAPIC (acpi_id[0x74] lapic_id[0xe8] disabled)
[    0.000000] ACPI: LAPIC (acpi_id[0x75] lapic_id[0xea] disabled)
[    0.000000] ACPI: LAPIC (acpi_id[0x76] lapic_id[0xec] disabled)
[    0.000000] ACPI: LAPIC (acpi_id[0x77] lapic_id[0xee] disabled)
[    0.000000] ACPI: LAPIC (acpi_id[0x78] lapic_id[0xf0] disabled)
[    0.000000] ACPI: LAPIC (acpi_id[0x79] lapic_id[0xf2] disabled)
[    0.000000] ACPI: LAPIC (acpi_id[0x7a] lapic_id[0xf4] disabled)
[    0.000000] ACPI: LAPIC (acpi_id[0x7b] lapic_id[0xf6] disabled)
[    0.000000] ACPI: LAPIC (acpi_id[0x7c] lapic_id[0xf8] disabled)
[    0.000000] ACPI: LAPIC (acpi_id[0x7d] lapic_id[0xfa] disabled)
[    0.000000] ACPI: LAPIC (acpi_id[0x7e] lapic_id[0xfc] disabled)
[    0.000000] ACPI: LAPIC (acpi_id[0x7f] lapic_id[0xfe] disabled)
[    0.000000] ACPI: LAPIC_NMI (acpi_id[0x00] high edge lint[0x1])
[    0.000000] ACPI: LAPIC_NMI (acpi_id[0x01] high edge lint[0x1])
[    0.000000] ACPI: LAPIC_NMI (acpi_id[0x02] high edge lint[0x1])
[    0.000000] ACPI: LAPIC_NMI (acpi_id[0x03] high edge lint[0x1])
[    0.000000] ACPI: LAPIC_NMI (acpi_id[0x04] high edge lint[0x1])
[    0.000000] ACPI: LAPIC_NMI (acpi_id[0x05] high edge lint[0x1])
[    0.000000] ACPI: LAPIC_NMI (acpi_id[0x06] high edge lint[0x1])
[    0.000000] ACPI: LAPIC_NMI (acpi_id[0x07] high edge lint[0x1])
[    0.000000] ACPI: LAPIC_NMI (acpi_id[0x08] high edge lint[0x1])
[    0.000000] ACPI: LAPIC_NMI (acpi_id[0x09] high edge lint[0x1])
[    0.000000] ACPI: LAPIC_NMI (acpi_id[0x0a] high edge lint[0x1])
[    0.000000] ACPI: LAPIC_NMI (acpi_id[0x0b] high edge lint[0x1])
[    0.000000] ACPI: LAPIC_NMI (acpi_id[0x0c] high edge lint[0x1])
[    0.000000] ACPI: LAPIC_NMI (acpi_id[0x0d] high edge lint[0x1])
[    0.000000] ACPI: LAPIC_NMI (acpi_id[0x0e] high edge lint[0x1])
[    0.000000] ACPI: LAPIC_NMI (acpi_id[0x0f] high edge lint[0x1])
[    0.000000] ACPI: LAPIC_NMI (acpi_id[0x10] high edge lint[0x1])
[    0.000000] ACPI: LAPIC_NMI (acpi_id[0x11] high edge lint[0x1])
[    0.000000] ACPI: LAPIC_NMI (acpi_id[0x12] high edge lint[0x1])
[    0.000000] ACPI: LAPIC_NMI (acpi_id[0x13] high edge lint[0x1])
[    0.000000] ACPI: LAPIC_NMI (acpi_id[0x14] high edge lint[0x1])
[    0.000000] ACPI: LAPIC_NMI (acpi_id[0x15] high edge lint[0x1])
[    0.000000] ACPI: LAPIC_NMI (acpi_id[0x16] high edge lint[0x1])
[    0.000000] ACPI: LAPIC_NMI (acpi_id[0x17] high edge lint[0x1])
[    0.000000] ACPI: LAPIC_NMI (acpi_id[0x18] high edge lint[0x1])
[    0.000000] ACPI: LAPIC_NMI (acpi_id[0x19] high edge lint[0x1])
[    0.000000] ACPI: LAPIC_NMI (acpi_id[0x1a] high edge lint[0x1])
[    0.000000] ACPI: LAPIC_NMI (acpi_id[0x1b] high edge lint[0x1])
[    0.000000] ACPI: LAPIC_NMI (acpi_id[0x1c] high edge lint[0x1])
[    0.000000] ACPI: LAPIC_NMI (acpi_id[0x1d] high edge lint[0x1])
[    0.000000] ACPI: LAPIC_NMI (acpi_id[0x1e] high edge lint[0x1])
[    0.000000] ACPI: LAPIC_NMI (acpi_id[0x1f] high edge lint[0x1])
[    0.000000] ACPI: LAPIC_NMI (acpi_id[0x20] high edge lint[0x1])
[    0.000000] ACPI: LAPIC_NMI (acpi_id[0x21] high edge lint[0x1])
[    0.000000] ACPI: LAPIC_NMI (acpi_id[0x22] high edge lint[0x1])
[    0.000000] ACPI: LAPIC_NMI (acpi_id[0x23] high edge lint[0x1])
[    0.000000] ACPI: LAPIC_NMI (acpi_id[0x24] high edge lint[0x1])
[    0.000000] ACPI: LAPIC_NMI (acpi_id[0x25] high edge lint[0x1])
[    0.000000] ACPI: LAPIC_NMI (acpi_id[0x26] high edge lint[0x1])
[    0.000000] ACPI: LAPIC_NMI (acpi_id[0x27] high edge lint[0x1])
[    0.000000] ACPI: LAPIC_NMI (acpi_id[0x28] high edge lint[0x1])
[    0.000000] ACPI: LAPIC_NMI (acpi_id[0x29] high edge lint[0x1])
[    0.000000] ACPI: LAPIC_NMI (acpi_id[0x2a] high edge lint[0x1])
[    0.000000] ACPI: LAPIC_NMI (acpi_id[0x2b] high edge lint[0x1])
[    0.000000] ACPI: LAPIC_NMI (acpi_id[0x2c] high edge lint[0x1])
[    0.000000] ACPI: LAPIC_NMI (acpi_id[0x2d] high edge lint[0x1])
[    0.000000] ACPI: LAPIC_NMI (acpi_id[0x2e] high edge lint[0x1])
[    0.000000] ACPI: LAPIC_NMI (acpi_id[0x2f] high edge lint[0x1])
[    0.000000] ACPI: LAPIC_NMI (acpi_id[0x30] high edge lint[0x1])
[    0.000000] ACPI: LAPIC_NMI (acpi_id[0x31] high edge lint[0x1])
[    0.000000] ACPI: LAPIC_NMI (acpi_id[0x32] high edge lint[0x1])
[    0.000000] ACPI: LAPIC_NMI (acpi_id[0x33] high edge lint[0x1])
[    0.000000] ACPI: LAPIC_NMI (acpi_id[0x34] high edge lint[0x1])
[    0.000000] ACPI: LAPIC_NMI (acpi_id[0x35] high edge lint[0x1])
[    0.000000] ACPI: LAPIC_NMI (acpi_id[0x36] high edge lint[0x1])
[    0.000000] ACPI: LAPIC_NMI (acpi_id[0x37] high edge lint[0x1])
[    0.000000] ACPI: LAPIC_NMI (acpi_id[0x38] high edge lint[0x1])
[    0.000000] ACPI: LAPIC_NMI (acpi_id[0x39] high edge lint[0x1])
[    0.000000] ACPI: LAPIC_NMI (acpi_id[0x3a] high edge lint[0x1])
[    0.000000] ACPI: LAPIC_NMI (acpi_id[0x3b] high edge lint[0x1])
[    0.000000] ACPI: LAPIC_NMI (acpi_id[0x3c] high edge lint[0x1])
[    0.000000] ACPI: LAPIC_NMI (acpi_id[0x3d] high edge lint[0x1])
[    0.000000] ACPI: LAPIC_NMI (acpi_id[0x3e] high edge lint[0x1])
[    0.000000] ACPI: LAPIC_NMI (acpi_id[0x3f] high edge lint[0x1])
[    0.000000] ACPI: LAPIC_NMI (acpi_id[0x40] high edge lint[0x1])
[    0.000000] ACPI: LAPIC_NMI (acpi_id[0x41] high edge lint[0x1])
[    0.000000] ACPI: LAPIC_NMI (acpi_id[0x42] high edge lint[0x1])
[    0.000000] ACPI: LAPIC_NMI (acpi_id[0x43] high edge lint[0x1])
[    0.000000] ACPI: LAPIC_NMI (acpi_id[0x44] high edge lint[0x1])
[    0.000000] ACPI: LAPIC_NMI (acpi_id[0x45] high edge lint[0x1])
[    0.000000] ACPI: LAPIC_NMI (acpi_id[0x46] high edge lint[0x1])
[    0.000000] ACPI: LAPIC_NMI (acpi_id[0x47] high edge lint[0x1])
[    0.000000] ACPI: LAPIC_NMI (acpi_id[0x48] high edge lint[0x1])
[    0.000000] ACPI: LAPIC_NMI (acpi_id[0x49] high edge lint[0x1])
[    0.000000] ACPI: LAPIC_NMI (acpi_id[0x4a] high edge lint[0x1])
[    0.000000] ACPI: LAPIC_NMI (acpi_id[0x4b] high edge lint[0x1])
[    0.000000] ACPI: LAPIC_NMI (acpi_id[0x4c] high edge lint[0x1])
[    0.000000] ACPI: LAPIC_NMI (acpi_id[0x4d] high edge lint[0x1])
[    0.000000] ACPI: LAPIC_NMI (acpi_id[0x4e] high edge lint[0x1])
[    0.000000] ACPI: LAPIC_NMI (acpi_id[0x4f] high edge lint[0x1])
[    0.000000] ACPI: LAPIC_NMI (acpi_id[0x50] high edge lint[0x1])
[    0.000000] ACPI: LAPIC_NMI (acpi_id[0x51] high edge lint[0x1])
[    0.000000] ACPI: LAPIC_NMI (acpi_id[0x52] high edge lint[0x1])
[    0.000000] ACPI: LAPIC_NMI (acpi_id[0x53] high edge lint[0x1])
[    0.000000] ACPI: LAPIC_NMI (acpi_id[0x54] high edge lint[0x1])
[    0.000000] ACPI: LAPIC_NMI (acpi_id[0x55] high edge lint[0x1])
[    0.000000] ACPI: LAPIC_NMI (acpi_id[0x56] high edge lint[0x1])
[    0.000000] ACPI: LAPIC_NMI (acpi_id[0x57] high edge lint[0x1])
[    0.000000] ACPI: LAPIC_NMI (acpi_id[0x58] high edge lint[0x1])
[    0.000000] ACPI: LAPIC_NMI (acpi_id[0x59] high edge lint[0x1])
[    0.000000] ACPI: LAPIC_NMI (acpi_id[0x5a] high edge lint[0x1])
[    0.000000] ACPI: LAPIC_NMI (acpi_id[0x5b] high edge lint[0x1])
[    0.000000] ACPI: LAPIC_NMI (acpi_id[0x5c] high edge lint[0x1])
[    0.000000] ACPI: LAPIC_NMI (acpi_id[0x5d] high edge lint[0x1])
[    0.000000] ACPI: LAPIC_NMI (acpi_id[0x5e] high edge lint[0x1])
[    0.000000] ACPI: LAPIC_NMI (acpi_id[0x5f] high edge lint[0x1])
[    0.000000] ACPI: LAPIC_NMI (acpi_id[0x60] high edge lint[0x1])
[    0.000000] ACPI: LAPIC_NMI (acpi_id[0x61] high edge lint[0x1])
[    0.000000] ACPI: LAPIC_NMI (acpi_id[0x62] high edge lint[0x1])
[    0.000000] ACPI: LAPIC_NMI (acpi_id[0x63] high edge lint[0x1])
[    0.000000] ACPI: LAPIC_NMI (acpi_id[0x64] high edge lint[0x1])
[    0.000000] ACPI: LAPIC_NMI (acpi_id[0x65] high edge lint[0x1])
[    0.000000] ACPI: LAPIC_NMI (acpi_id[0x66] high edge lint[0x1])
[    0.000000] ACPI: LAPIC_NMI (acpi_id[0x67] high edge lint[0x1])
[    0.000000] ACPI: LAPIC_NMI (acpi_id[0x68] high edge lint[0x1])
[    0.000000] ACPI: LAPIC_NMI (acpi_id[0x69] high edge lint[0x1])
[    0.000000] ACPI: LAPIC_NMI (acpi_id[0x6a] high edge lint[0x1])
[    0.000000] ACPI: LAPIC_NMI (acpi_id[0x6b] high edge lint[0x1])
[    0.000000] ACPI: LAPIC_NMI (acpi_id[0x6c] high edge lint[0x1])
[    0.000000] ACPI: LAPIC_NMI (acpi_id[0x6d] high edge lint[0x1])
[    0.000000] ACPI: LAPIC_NMI (acpi_id[0x6e] high edge lint[0x1])
[    0.000000] ACPI: LAPIC_NMI (acpi_id[0x6f] high edge lint[0x1])
[    0.000000] ACPI: LAPIC_NMI (acpi_id[0x70] high edge lint[0x1])
[    0.000000] ACPI: LAPIC_NMI (acpi_id[0x71] high edge lint[0x1])
[    0.000000] ACPI: LAPIC_NMI (acpi_id[0x72] high edge lint[0x1])
[    0.000000] ACPI: LAPIC_NMI (acpi_id[0x73] high edge lint[0x1])
[    0.000000] ACPI: LAPIC_NMI (acpi_id[0x74] high edge lint[0x1])
[    0.000000] ACPI: LAPIC_NMI (acpi_id[0x75] high edge lint[0x1])
[    0.000000] ACPI: LAPIC_NMI (acpi_id[0x76] high edge lint[0x1])
[    0.000000] ACPI: LAPIC_NMI (acpi_id[0x77] high edge lint[0x1])
[    0.000000] ACPI: LAPIC_NMI (acpi_id[0x78] high edge lint[0x1])
[    0.000000] ACPI: LAPIC_NMI (acpi_id[0x79] high edge lint[0x1])
[    0.000000] ACPI: LAPIC_NMI (acpi_id[0x7a] high edge lint[0x1])
[    0.000000] ACPI: LAPIC_NMI (acpi_id[0x7b] high edge lint[0x1])
[    0.000000] ACPI: LAPIC_NMI (acpi_id[0x7c] high edge lint[0x1])
[    0.000000] ACPI: LAPIC_NMI (acpi_id[0x7d] high edge lint[0x1])
[    0.000000] ACPI: LAPIC_NMI (acpi_id[0x7e] high edge lint[0x1])
[    0.000000] ACPI: LAPIC_NMI (acpi_id[0x7f] high edge lint[0x1])
[    0.000000] ACPI: IOAPIC (id[0x01] address[0xfec00000] gsi_base[0])
[    0.000000] IOAPIC[0]: apic_id 1, version 17, address 0xfec00000, GSI 0-23
[    0.000000] ACPI: INT_SRC_OVR (bus 0 bus_irq 0 global_irq 2 high edge)
[    0.000000] ACPI: IRQ0 used by override.
[    0.000000] ACPI: IRQ9 used by override.
[    0.000000] Using ACPI (MADT) for SMP configuration information
[    0.000000] ACPI: HPET id: 0x8086af01 base: 0xfed00000
[    0.000000] smpboot: Allowing 128 CPUs, 127 hotplug CPUs
[    0.000000] PM: Registered nosave memory: [mem 0x0009e000-0x0009efff]
[    0.000000] PM: Registered nosave memory: [mem 0x0009f000-0x0009ffff]
[    0.000000] PM: Registered nosave memory: [mem 0x000a0000-0x000dbfff]
[    0.000000] PM: Registered nosave memory: [mem 0x000dc000-0x000fffff]
[    0.000000] PM: Registered nosave memory: [mem 0x7fee0000-0x7fefefff]
[    0.000000] PM: Registered nosave memory: [mem 0x7feff000-0x7fefffff]
[    0.000000] e820: [mem 0x80000000-0xefffffff] available for PCI devices
[    0.000000] Booting paravirtualized kernel on bare hardware
[    0.000000] setup_percpu: NR_CPUS:5120 nr_cpumask_bits:128 nr_cpu_ids:128 nr_node_ids:1
[    0.000000] PERCPU: Embedded 33 pages/cpu @ffff88007b600000 s96728 r8192 d30248 u262144
[    0.000000] pcpu-alloc: s96728 r8192 d30248 u262144 alloc=1*2097152
[    0.000000] pcpu-alloc: [0] 000 001 002 003 004 005 006 007 
[    0.000000] pcpu-alloc: [0] 008 009 010 011 012 013 014 015 
[    0.000000] pcpu-alloc: [0] 016 017 018 019 020 021 022 023 
[    0.000000] pcpu-alloc: [0] 024 025 026 027 028 029 030 031 
[    0.000000] pcpu-alloc: [0] 032 033 034 035 036 037 038 039 
[    0.000000] pcpu-alloc: [0] 040 041 042 043 044 045 046 047 
[    0.000000] pcpu-alloc: [0] 048 049 050 051 052 053 054 055 
[    0.000000] pcpu-alloc: [0] 056 057 058 059 060 061 062 063 
[    0.000000] pcpu-alloc: [0] 064 065 066 067 068 069 070 071 
[    0.000000] pcpu-alloc: [0] 072 073 074 075 076 077 078 079 
[    0.000000] pcpu-alloc: [0] 080 081 082 083 084 085 086 087 
[    0.000000] pcpu-alloc: [0] 088 089 090 091 092 093 094 095 
[    0.000000] pcpu-alloc: [0] 096 097 098 099 100 101 102 103 
[    0.000000] pcpu-alloc: [0] 104 105 106 107 108 109 110 111 
[    0.000000] pcpu-alloc: [0] 112 113 114 115 116 117 118 119 
[    0.000000] pcpu-alloc: [0] 120 121 122 123 124 125 126 127 
[    0.000000] Built 1 zonelists in Node order, mobility grouping on.  Total pages: 515944
[    0.000000] Policy zone: DMA32
[    0.000000] Kernel command line: BOOT_IMAGE=/vmlinuz-3.10.0-514.16.1.el7.x86_64 root=/dev/mapper/cl-root ro crashkernel=auto rd.lvm.lv=cl/root rd.lvm.lv=cl/swap rhgb quiet LANG=en_US.UTF-8
[    0.000000] PID hash table entries: 4096 (order: 3, 32768 bytes)
[    0.000000] x86/fpu: xstate_offset[2]: 0240, xstate_sizes[2]: 0100
[    0.000000] xsave: enabled xstate_bv 0x7, cntxt size 0x340 using standard form
[    0.000000] Memory: 1845748k/2097152k available (6767k kernel code, 524k absent, 250880k reserved, 4430k data, 1680k init)
[    0.000000] SLUB: HWalign=64, Order=0-3, MinObjects=0, CPUs=128, Nodes=1
[    0.000000] Hierarchical RCU implementation.
[    0.000000] 	RCU restricting CPUs from NR_CPUS=5120 to nr_cpu_ids=128.
[    0.000000] NR_IRQS:327936 nr_irqs:1448 0
[    0.000000] Console: colour VGA+ 80x25
[    0.000000] console [tty0] enabled
[    0.000000] allocated 8388608 bytes of page_cgroup
[    0.000000] please try 'cgroup_disable=memory' option if you don't want memory cgroups
[    0.000000] hpet clockevent registered
[    0.000000] tsc: Fast TSC calibration using PIT
[    0.000000] TSC freq read from hypervisor : 2601.000 MHz
[    0.000000] tsc: Detected 2600.215 MHz processor
[    0.000122] Calibrating delay loop (skipped) preset value.. 5202.00 BogoMIPS (lpj=2601000)
[    0.000131] pid_max: default: 131072 minimum: 1024
[    0.000147] Security Framework initialized
[    0.000154] SELinux:  Initializing.
[    0.000167] SELinux:  Starting in permissive mode
[    0.000270] Dentry cache hash table entries: 262144 (order: 9, 2097152 bytes)
[    0.000286] Inode-cache hash table entries: 131072 (order: 8, 1048576 bytes)
[    0.000301] Mount-cache hash table entries: 4096
[    0.000434] Initializing cgroup subsys memory
[    0.000447] Initializing cgroup subsys devices
[    0.000450] Initializing cgroup subsys freezer
[    0.000452] Initializing cgroup subsys net_cls
[    0.000453] Initializing cgroup subsys blkio
[    0.000455] Initializing cgroup subsys perf_event
[    0.000460] Initializing cgroup subsys hugetlb
[    0.000461] Initializing cgroup subsys pids
[    0.000463] Initializing cgroup subsys net_prio
[    0.000482] Disabled fast string operations
[    0.000487] CPU: Physical Processor ID: 0
[    0.000497] ENERGY_PERF_BIAS: Set to 'normal', was 'performance'
[    0.000498] ENERGY_PERF_BIAS: View and update with x86_energy_perf_policy(8)
[    0.000514] mce: CPU supports 0 MCE banks
[    0.000545] Last level iTLB entries: 4KB 512, 2MB 0, 4MB 0
[    0.000547] Last level dTLB entries: 4KB 512, 2MB 32, 4MB 32
[    0.000549] tlb_flushall_shift: 2
[    0.012280] ACPI: Core revision 20130517
[    0.013962] ACPI: All ACPI Tables successfully acquired
[    0.014283] ftrace: allocating 25812 entries in 101 pages
[    0.028383] smpboot: APIC(0) Converting physical 0 to logical package 0
[    0.028387] smpboot: Max logical packages: 128
[    0.028529] Enabling x2apic
[    0.028545] Enabled x2apic
[    0.028560] Switched APIC routing to physical x2apic.
[    0.028799] ..TIMER: vector=0x30 apic1=0 pin1=2 apic2=-1 pin2=-1
[    0.038816] smpboot: CPU0: Intel(R) Core(TM) i5-3230M CPU @ 2.60GHz (fam: 06, model: 3a, stepping: 09)
[    0.038840] TSC deadline timer enabled
[    0.038890] Performance Events: 16-deep LBR, IvyBridge events, core PMU driver.
[    0.038921] core: CPUID marked event: 'cpu cycles' unavailable
[    0.038922] core: CPUID marked event: 'instructions' unavailable
[    0.038924] core: CPUID marked event: 'bus cycles' unavailable
[    0.038925] core: CPUID marked event: 'cache references' unavailable
[    0.038926] core: CPUID marked event: 'cache misses' unavailable
[    0.038927] core: CPUID marked event: 'branch instructions' unavailable
[    0.038929] core: CPUID marked event: 'branch misses' unavailable
[    0.038932] ... version:                1
[    0.038933] ... bit width:              48
[    0.038934] ... generic registers:      4
[    0.038936] ... value mask:             0000ffffffffffff
[    0.038937] ... max period:             000000007fffffff
[    0.038938] ... fixed-purpose events:   0
[    0.038939] ... event mask:             000000000000000f
[    0.041259] Brought up 1 CPUs
[    0.041265] smpboot: Total of 1 processors activated (5202.00 BogoMIPS)
[    0.041817] NMI watchdog: disabled (cpu0): hardware events not enabled
[    0.041823] NMI watchdog: Shutting down hard lockup detector on all cpus
[    0.042009] devtmpfs: initialized
[    0.043043] EVM: security.selinux
[    0.043046] EVM: security.ima
[    0.043048] EVM: security.capability
[    0.043138] PM: Registering ACPI NVS region [mem 0x7feff000-0x7fefffff] (4096 bytes)
[    0.043756] atomic64 test passed for x86-64 platform with CX8 and with SSE
[    0.043762] pinctrl core: initialized pinctrl subsystem
[    0.043808] NET: Registered protocol family 16
[    0.044015] ACPI: bus type PCI registered
[    0.044018] acpiphp: ACPI Hot Plug PCI Controller Driver version: 0.5
[    0.044086] PCI: MMCONFIG for domain 0000 [bus 00-7f] at [mem 0xf0000000-0xf7ffffff] (base 0xf0000000)
[    0.044089] PCI: MMCONFIG at [mem 0xf0000000-0xf7ffffff] reserved in E820
[    0.044095] PCI: Using configuration type 1 for base access
[    0.044149] core: PMU erratum BJ122, BV98, HSD29 workaround disabled, HT off
[    0.044925] ACPI: Added _OSI(Module Device)
[    0.044929] ACPI: Added _OSI(Processor Device)
[    0.044931] ACPI: Added _OSI(3.0 _SCP Extensions)
[    0.044934] ACPI: Added _OSI(Processor Aggregator Device)
[    0.045959] ACPI: EC: Look up EC in DSDT
[    0.048090] [Firmware Bug]: ACPI: BIOS _OSI(Linux) query ignored
[    0.060048] ACPI: Interpreter enabled
[    0.060064] ACPI: (supports S0 S1 S4 S5)
[    0.060066] ACPI: Using IOAPIC for interrupt routing
[    0.060091] PCI: Using host bridge windows from ACPI; if necessary, use "pci=nocrs" and report a bug
[    0.087308] ACPI: PCI Root Bridge [PCI0] (domain 0000 [bus 00-7f])
[    0.087316] acpi PNP0A03:00: _OSC: OS supports [ExtendedConfig ASPM ClockPM Segments MSI]
[    0.087380] acpi PNP0A03:00: _OSC: platform does not support [AER]
[    0.087443] acpi PNP0A03:00: _OSC: OS now controls [PCIeHotplug PME PCIeCapability]
[    0.088232] PCI host bridge to bus 0000:00
[    0.088238] pci_bus 0000:00: root bus resource [bus 00-7f]
[    0.088242] pci_bus 0000:00: root bus resource [mem 0x000a0000-0x000bffff window]
[    0.088246] pci_bus 0000:00: root bus resource [mem 0x000cc000-0x000cffff window]
[    0.088249] pci_bus 0000:00: root bus resource [mem 0x000d0000-0x000d3fff window]
[    0.088252] pci_bus 0000:00: root bus resource [mem 0x000d4000-0x000d7fff window]
[    0.088255] pci_bus 0000:00: root bus resource [mem 0x000d8000-0x000dbfff window]
[    0.088258] pci_bus 0000:00: root bus resource [mem 0xc0000000-0xfebfffff window]
[    0.088261] pci_bus 0000:00: root bus resource [io  0x0000-0x0cf7 window]
[    0.088263] pci_bus 0000:00: root bus resource [io  0x0d00-0xfeff window]
[    0.088321] pci 0000:00:00.0: [8086:7190] type 00 class 0x060000
[    0.088448] pci 0000:00:01.0: [8086:7191] type 01 class 0x060400
[    0.088575] pci 0000:00:07.0: [8086:7110] type 00 class 0x060100
[    0.088687] pci 0000:00:07.1: [8086:7111] type 00 class 0x01018a
[    0.089257] pci 0000:00:07.1: reg 0x20: [io  0x1060-0x106f]
[    0.089321] pci 0000:00:07.1: legacy IDE quirk: reg 0x10: [io  0x01f0-0x01f7]
[    0.089323] pci 0000:00:07.1: legacy IDE quirk: reg 0x14: [io  0x03f6]
[    0.089325] pci 0000:00:07.1: legacy IDE quirk: reg 0x18: [io  0x0170-0x0177]
[    0.089326] pci 0000:00:07.1: legacy IDE quirk: reg 0x1c: [io  0x0376]
[    0.089459] pci 0000:00:07.3: [8086:7113] type 00 class 0x068000
[    0.090264] pci 0000:00:07.3: quirk: [io  0x1000-0x103f] claimed by PIIX4 ACPI
[    0.090281] pci 0000:00:07.3: quirk: [io  0x1040-0x104f] claimed by PIIX4 SMB
[    0.090408] pci 0000:00:07.7: [15ad:0740] type 00 class 0x088000
[    0.090472] pci 0000:00:07.7: reg 0x10: [io  0x1080-0x10bf]
[    0.090536] pci 0000:00:07.7: reg 0x14: [mem 0xfebfe000-0xfebfffff 64bit]
[    0.092279] pci 0000:00:0f.0: [15ad:0405] type 00 class 0x030000
[    0.093229] pci 0000:00:0f.0: reg 0x10: [io  0x1070-0x107f]
[    0.094241] pci 0000:00:0f.0: reg 0x14: [mem 0xe8000000-0xefffffff pref]
[    0.095302] pci 0000:00:0f.0: reg 0x18: [mem 0xfe000000-0xfe7fffff]
[    0.099284] pci 0000:00:0f.0: reg 0x30: [mem 0x00000000-0x00007fff pref]
[    0.099411] pci 0000:00:10.0: [1000:0030] type 00 class 0x010000
[    0.100286] pci 0000:00:10.0: reg 0x10: [io  0x1400-0x14ff]
[    0.100349] pci 0000:00:10.0: reg 0x14: [mem 0xfeba0000-0xfebbffff 64bit]
[    0.100413] pci 0000:00:10.0: reg 0x1c: [mem 0xfebc0000-0xfebdffff 64bit]
[    0.101346] pci 0000:00:10.0: reg 0x30: [mem 0x00000000-0x00003fff pref]
[    0.101536] pci 0000:00:11.0: [15ad:0790] type 01 class 0x060401
[    0.101600] pci 0000:00:11.0: System wakeup disabled by ACPI
[    0.101668] pci 0000:00:15.0: [15ad:07a0] type 01 class 0x060400
[    0.101732] pci 0000:00:15.0: PME# supported from D0 D3hot D3cold
[    0.101848] pci 0000:00:15.0: System wakeup disabled by ACPI
[    0.101915] pci 0000:00:15.1: [15ad:07a0] type 01 class 0x060400
[    0.102352] pci 0000:00:15.1: PME# supported from D0 D3hot D3cold
[    0.102415] pci 0000:00:15.1: System wakeup disabled by ACPI
[    0.102494] pci 0000:00:15.2: [15ad:07a0] type 01 class 0x060400
[    0.102557] pci 0000:00:15.2: PME# supported from D0 D3hot D3cold
[    0.102621] pci 0000:00:15.2: System wakeup disabled by ACPI
[    0.102700] pci 0000:00:15.3: [15ad:07a0] type 01 class 0x060400
[    0.102763] pci 0000:00:15.3: PME# supported from D0 D3hot D3cold
[    0.102827] pci 0000:00:15.3: System wakeup disabled by ACPI
[    0.102898] pci 0000:00:15.4: [15ad:07a0] type 01 class 0x060400
[    0.103357] pci 0000:00:15.4: PME# supported from D0 D3hot D3cold
[    0.103420] pci 0000:00:15.4: System wakeup disabled by ACPI
[    0.103491] pci 0000:00:15.5: [15ad:07a0] type 01 class 0x060400
[    0.103554] pci 0000:00:15.5: PME# supported from D0 D3hot D3cold
[    0.103618] pci 0000:00:15.5: System wakeup disabled by ACPI
[    0.103687] pci 0000:00:15.6: [15ad:07a0] type 01 class 0x060400
[    0.103751] pci 0000:00:15.6: PME# supported from D0 D3hot D3cold
[    0.103814] pci 0000:00:15.6: System wakeup disabled by ACPI
[    0.103883] pci 0000:00:15.7: [15ad:07a0] type 01 class 0x060400
[    0.104362] pci 0000:00:15.7: PME# supported from D0 D3hot D3cold
[    0.104426] pci 0000:00:15.7: System wakeup disabled by ACPI
[    0.104495] pci 0000:00:16.0: [15ad:07a0] type 01 class 0x060400
[    0.104558] pci 0000:00:16.0: PME# supported from D0 D3hot D3cold
[    0.104622] pci 0000:00:16.0: System wakeup disabled by ACPI
[    0.104692] pci 0000:00:16.1: [15ad:07a0] type 01 class 0x060400
[    0.104756] pci 0000:00:16.1: PME# supported from D0 D3hot D3cold
[    0.104876] pci 0000:00:16.1: System wakeup disabled by ACPI
[    0.104950] pci 0000:00:16.2: [15ad:07a0] type 01 class 0x060400
[    0.105370] pci 0000:00:16.2: PME# supported from D0 D3hot D3cold
[    0.105433] pci 0000:00:16.2: System wakeup disabled by ACPI
[    0.105530] pci 0000:00:16.3: [15ad:07a0] type 01 class 0x060400
[    0.105593] pci 0000:00:16.3: PME# supported from D0 D3hot D3cold
[    0.105657] pci 0000:00:16.3: System wakeup disabled by ACPI
[    0.105728] pci 0000:00:16.4: [15ad:07a0] type 01 class 0x060400
[    0.105792] pci 0000:00:16.4: PME# supported from D0 D3hot D3cold
[    0.105855] pci 0000:00:16.4: System wakeup disabled by ACPI
[    0.105925] pci 0000:00:16.5: [15ad:07a0] type 01 class 0x060400
[    0.106375] pci 0000:00:16.5: PME# supported from D0 D3hot D3cold
[    0.106439] pci 0000:00:16.5: System wakeup disabled by ACPI
[    0.106509] pci 0000:00:16.6: [15ad:07a0] type 01 class 0x060400
[    0.106572] pci 0000:00:16.6: PME# supported from D0 D3hot D3cold
[    0.106699] pci 0000:00:16.6: System wakeup disabled by ACPI
[    0.106774] pci 0000:00:16.7: [15ad:07a0] type 01 class 0x060400
[    0.107384] pci 0000:00:16.7: PME# supported from D0 D3hot D3cold
[    0.107447] pci 0000:00:16.7: System wakeup disabled by ACPI
[    0.107517] pci 0000:00:17.0: [15ad:07a0] type 01 class 0x060400
[    0.107580] pci 0000:00:17.0: PME# supported from D0 D3hot D3cold
[    0.107667] pci 0000:00:17.0: System wakeup disabled by ACPI
[    0.107759] pci 0000:00:17.1: [15ad:07a0] type 01 class 0x060400
[    0.108390] pci 0000:00:17.1: PME# supported from D0 D3hot D3cold
[    0.108453] pci 0000:00:17.1: System wakeup disabled by ACPI
[    0.108533] pci 0000:00:17.2: [15ad:07a0] type 01 class 0x060400
[    0.108596] pci 0000:00:17.2: PME# supported from D0 D3hot D3cold
[    0.108660] pci 0000:00:17.2: System wakeup disabled by ACPI
[    0.108751] pci 0000:00:17.3: [15ad:07a0] type 01 class 0x060400
[    0.109398] pci 0000:00:17.3: PME# supported from D0 D3hot D3cold
[    0.109461] pci 0000:00:17.3: System wakeup disabled by ACPI
[    0.109539] pci 0000:00:17.4: [15ad:07a0] type 01 class 0x060400
[    0.109602] pci 0000:00:17.4: PME# supported from D0 D3hot D3cold
[    0.109666] pci 0000:00:17.4: System wakeup disabled by ACPI
[    0.109738] pci 0000:00:17.5: [15ad:07a0] type 01 class 0x060400
[    0.109801] pci 0000:00:17.5: PME# supported from D0 D3hot D3cold
[    0.109865] pci 0000:00:17.5: System wakeup disabled by ACPI
[    0.109934] pci 0000:00:17.6: [15ad:07a0] type 01 class 0x060400
[    0.110405] pci 0000:00:17.6: PME# supported from D0 D3hot D3cold
[    0.110468] pci 0000:00:17.6: System wakeup disabled by ACPI
[    0.110536] pci 0000:00:17.7: [15ad:07a0] type 01 class 0x060400
[    0.110599] pci 0000:00:17.7: PME# supported from D0 D3hot D3cold
[    0.110673] pci 0000:00:17.7: System wakeup disabled by ACPI
[    0.110748] pci 0000:00:18.0: [15ad:07a0] type 01 class 0x060400
[    0.110811] pci 0000:00:18.0: PME# supported from D0 D3hot D3cold
[    0.110875] pci 0000:00:18.0: System wakeup disabled by ACPI
[    0.110949] pci 0000:00:18.1: [15ad:07a0] type 01 class 0x060400
[    0.111412] pci 0000:00:18.1: PME# supported from D0 D3hot D3cold
[    0.111476] pci 0000:00:18.1: System wakeup disabled by ACPI
[    0.111582] pci 0000:00:18.2: [15ad:07a0] type 01 class 0x060400
[    0.112420] pci 0000:00:18.2: PME# supported from D0 D3hot D3cold
[    0.112484] pci 0000:00:18.2: System wakeup disabled by ACPI
[    0.112577] pci 0000:00:18.3: [15ad:07a0] type 01 class 0x060400
[    0.112641] pci 0000:00:18.3: PME# supported from D0 D3hot D3cold
[    0.112704] pci 0000:00:18.3: System wakeup disabled by ACPI
[    0.112775] pci 0000:00:18.4: [15ad:07a0] type 01 class 0x060400
[    0.113369] pci 0000:00:18.4: PME# supported from D0 D3hot D3cold
[    0.113449] pci 0000:00:18.4: System wakeup disabled by ACPI
[    0.113521] pci 0000:00:18.5: [15ad:07a0] type 01 class 0x060400
[    0.113584] pci 0000:00:18.5: PME# supported from D0 D3hot D3cold
[    0.113648] pci 0000:00:18.5: System wakeup disabled by ACPI
[    0.113716] pci 0000:00:18.6: [15ad:07a0] type 01 class 0x060400
[    0.113780] pci 0000:00:18.6: PME# supported from D0 D3hot D3cold
[    0.113843] pci 0000:00:18.6: System wakeup disabled by ACPI
[    0.113924] pci 0000:00:18.7: [15ad:07a0] type 01 class 0x060400
[    0.114435] pci 0000:00:18.7: PME# supported from D0 D3hot D3cold
[    0.114499] pci 0000:00:18.7: System wakeup disabled by ACPI
[    0.114577] pci 0000:00:01.0: PCI bridge to [bus 01]
[    0.114787] acpiphp: Slot [32] registered
[    0.114809] acpiphp: Slot [33] registered
[    0.114829] acpiphp: Slot [34] registered
[    0.114853] acpiphp: Slot [35] registered
[    0.114873] acpiphp: Slot [36] registered
[    0.114891] acpiphp: Slot [37] registered
[    0.114915] acpiphp: Slot [38] registered
[    0.114934] acpiphp: Slot [39] registered
[    0.114953] acpiphp: Slot [40] registered
[    0.114972] acpiphp: Slot [41] registered
[    0.114995] acpiphp: Slot [42] registered
[    0.115014] acpiphp: Slot [43] registered
[    0.115033] acpiphp: Slot [44] registered
[    0.115051] acpiphp: Slot [45] registered
[    0.115082] acpiphp: Slot [46] registered
[    0.115102] acpiphp: Slot [47] registered
[    0.115121] acpiphp: Slot [48] registered
[    0.115145] acpiphp: Slot [49] registered
[    0.115164] acpiphp: Slot [50] registered
[    0.115182] acpiphp: Slot [51] registered
[    0.115201] acpiphp: Slot [52] registered
[    0.115219] acpiphp: Slot [53] registered
[    0.115238] acpiphp: Slot [54] registered
[    0.115256] acpiphp: Slot [55] registered
[    0.115279] acpiphp: Slot [56] registered
[    0.115298] acpiphp: Slot [57] registered
[    0.115360] acpiphp: Slot [58] registered
[    0.115394] acpiphp: Slot [59] registered
[    0.115422] acpiphp: Slot [60] registered
[    0.115452] acpiphp: Slot [61] registered
[    0.115476] acpiphp: Slot [62] registered
[    0.115503] acpiphp: Slot [63] registered
[    0.115566] pci 0000:02:00.0: [15ad:0774] type 00 class 0x0c0300
[    0.116447] pci 0000:02:00.0: reg 0x20: [io  0x2080-0x209f]
[    0.116510] pci 0000:02:00.0: System wakeup disabled by ACPI
[    0.116586] pci 0000:02:01.0: [8086:100f] type 00 class 0x020000
[    0.117396] pci 0000:02:01.0: reg 0x10: [mem 0xfd5c0000-0xfd5dffff 64bit]
[    0.118461] pci 0000:02:01.0: reg 0x18: [mem 0xfdff0000-0xfdffffff 64bit]
[    0.118525] pci 0000:02:01.0: reg 0x20: [io  0x2000-0x203f]
[    0.119468] pci 0000:02:01.0: reg 0x30: [mem 0x00000000-0x0000ffff pref]
[    0.119531] pci 0000:02:01.0: System wakeup disabled by ACPI
[    0.119611] pci 0000:02:02.0: [1274:1371] type 00 class 0x040100
[    0.119675] pci 0000:02:02.0: reg 0x10: [io  0x2040-0x207f]
[    0.121483] pci 0000:02:02.0: System wakeup disabled by ACPI
[    0.121589] pci 0000:02:03.0: [15ad:0770] type 00 class 0x0c0320
[    0.121653] pci 0000:02:03.0: reg 0x10: [mem 0xfd5ef000-0xfd5effff]
[    0.124506] pci 0000:02:03.0: System wakeup disabled by ACPI
[    0.124588] pci 0000:00:11.0: PCI bridge to [bus 02] (subtractive decode)
[    0.124618] pci 0000:00:11.0:   bridge window [io  0x2000-0x3fff]
[    0.124645] pci 0000:00:11.0:   bridge window [mem 0xfd500000-0xfdffffff]
[    0.124695] pci 0000:00:11.0:   bridge window [mem 0xe7b00000-0xe7ffffff 64bit pref]
[    0.124699] pci 0000:00:11.0:   bridge window [mem 0x000a0000-0x000bffff window] (subtractive decode)
[    0.124703] pci 0000:00:11.0:   bridge window [mem 0x000cc000-0x000cffff window] (subtractive decode)
[    0.124706] pci 0000:00:11.0:   bridge window [mem 0x000d0000-0x000d3fff window] (subtractive decode)
[    0.124709] pci 0000:00:11.0:   bridge window [mem 0x000d4000-0x000d7fff window] (subtractive decode)
[    0.124712] pci 0000:00:11.0:   bridge window [mem 0x000d8000-0x000dbfff window] (subtractive decode)
[    0.124715] pci 0000:00:11.0:   bridge window [mem 0xc0000000-0xfebfffff window] (subtractive decode)
[    0.124718] pci 0000:00:11.0:   bridge window [io  0x0000-0x0cf7 window] (subtractive decode)
[    0.124721] pci 0000:00:11.0:   bridge window [io  0x0d00-0xfeff window] (subtractive decode)
[    0.124848] pci 0000:00:15.0: PCI bridge to [bus 03]
[    0.124876] pci 0000:00:15.0:   bridge window [io  0x4000-0x4fff]
[    0.124904] pci 0000:00:15.0:   bridge window [mem 0xfd400000-0xfd4fffff]
[    0.124955] pci 0000:00:15.0:   bridge window [mem 0xe7a00000-0xe7afffff 64bit pref]
[    0.125514] pci 0000:00:15.1: PCI bridge to [bus 04]
[    0.125545] pci 0000:00:15.1:   bridge window [io  0x8000-0x8fff]
[    0.125572] pci 0000:00:15.1:   bridge window [mem 0xfd000000-0xfd0fffff]
[    0.125622] pci 0000:00:15.1:   bridge window [mem 0xe7600000-0xe76fffff 64bit pref]
[    0.125749] pci 0000:00:15.2: PCI bridge to [bus 05]
[    0.125798] pci 0000:00:15.2:   bridge window [io  0xc000-0xcfff]
[    0.125826] pci 0000:00:15.2:   bridge window [mem 0xfcc00000-0xfccfffff]
[    0.125877] pci 0000:00:15.2:   bridge window [mem 0xe7200000-0xe72fffff 64bit pref]
[    0.125941] pci 0000:00:15.3: PCI bridge to [bus 06]
[    0.125991] pci 0000:00:15.3:   bridge window [mem 0xfc800000-0xfc8fffff]
[    0.126042] pci 0000:00:15.3:   bridge window [mem 0xe6e00000-0xe6efffff 64bit pref]
[    0.126169] pci 0000:00:15.4: PCI bridge to [bus 07]
[    0.126218] pci 0000:00:15.4:   bridge window [mem 0xfc400000-0xfc4fffff]
[    0.126267] pci 0000:00:15.4:   bridge window [mem 0xe6a00000-0xe6afffff 64bit pref]
[    0.126581] pci 0000:00:15.5: PCI bridge to [bus 08]
[    0.126631] pci 0000:00:15.5:   bridge window [mem 0xfc000000-0xfc0fffff]
[    0.126681] pci 0000:00:15.5:   bridge window [mem 0xe6600000-0xe66fffff 64bit pref]
[    0.126808] pci 0000:00:15.6: PCI bridge to [bus 09]
[    0.126857] pci 0000:00:15.6:   bridge window [mem 0xfbc00000-0xfbcfffff]
[    0.126906] pci 0000:00:15.6:   bridge window [mem 0xe6200000-0xe62fffff 64bit pref]
[    0.126970] pci 0000:00:15.7: PCI bridge to [bus 0a]
[    0.127021] pci 0000:00:15.7:   bridge window [mem 0xfb800000-0xfb8fffff]
[    0.127072] pci 0000:00:15.7:   bridge window [mem 0xe5e00000-0xe5efffff 64bit pref]
[    0.127199] pci 0000:00:16.0: PCI bridge to [bus 0b]
[    0.127228] pci 0000:00:16.0:   bridge window [io  0x5000-0x5fff]
[    0.127256] pci 0000:00:16.0:   bridge window [mem 0xfd300000-0xfd3fffff]
[    0.127308] pci 0000:00:16.0:   bridge window [mem 0xe7900000-0xe79fffff 64bit pref]
[    0.127529] pci 0000:00:16.1: PCI bridge to [bus 0c]
[    0.127550] pci 0000:00:16.1:   bridge window [io  0x9000-0x9fff]
[    0.127569] pci 0000:00:16.1:   bridge window [mem 0xfcf00000-0xfcffffff]
[    0.127606] pci 0000:00:16.1:   bridge window [mem 0xe7500000-0xe75fffff 64bit pref]
[    0.127728] pci 0000:00:16.2: PCI bridge to [bus 0d]
[    0.127748] pci 0000:00:16.2:   bridge window [io  0xd000-0xdfff]
[    0.127768] pci 0000:00:16.2:   bridge window [mem 0xfcb00000-0xfcbfffff]
[    0.127805] pci 0000:00:16.2:   bridge window [mem 0xe7100000-0xe71fffff 64bit pref]
[    0.127869] pci 0000:00:16.3: PCI bridge to [bus 0e]
[    0.127921] pci 0000:00:16.3:   bridge window [mem 0xfc700000-0xfc7fffff]
[    0.127984] pci 0000:00:16.3:   bridge window [mem 0xe6d00000-0xe6dfffff 64bit pref]
[    0.128588] pci 0000:00:16.4: PCI bridge to [bus 0f]
[    0.128629] pci 0000:00:16.4:   bridge window [mem 0xfc300000-0xfc3fffff]
[    0.128666] pci 0000:00:16.4:   bridge window [mem 0xe6900000-0xe69fffff 64bit pref]
[    0.128730] pci 0000:00:16.5: PCI bridge to [bus 10]
[    0.128782] pci 0000:00:16.5:   bridge window [mem 0xfbf00000-0xfbffffff]
[    0.128829] pci 0000:00:16.5:   bridge window [mem 0xe6500000-0xe65fffff 64bit pref]
[    0.128953] pci 0000:00:16.6: PCI bridge to [bus 11]
[    0.128990] pci 0000:00:16.6:   bridge window [mem 0xfbb00000-0xfbbfffff]
[    0.129027] pci 0000:00:16.6:   bridge window [mem 0xe6100000-0xe61fffff 64bit pref]
[    0.129153] pci 0000:00:16.7: PCI bridge to [bus 12]
[    0.129190] pci 0000:00:16.7:   bridge window [mem 0xfb700000-0xfb7fffff]
[    0.129253] pci 0000:00:16.7:   bridge window [mem 0xe5d00000-0xe5dfffff 64bit pref]
[    0.129544] pci 0000:00:17.0: PCI bridge to [bus 13]
[    0.129565] pci 0000:00:17.0:   bridge window [io  0x6000-0x6fff]
[    0.129584] pci 0000:00:17.0:   bridge window [mem 0xfd200000-0xfd2fffff]
[    0.129621] pci 0000:00:17.0:   bridge window [mem 0xe7800000-0xe78fffff 64bit pref]
[    0.129726] pci 0000:00:17.1: PCI bridge to [bus 14]
[    0.129746] pci 0000:00:17.1:   bridge window [io  0xa000-0xafff]
[    0.129766] pci 0000:00:17.1:   bridge window [mem 0xfce00000-0xfcefffff]
[    0.129804] pci 0000:00:17.1:   bridge window [mem 0xe7400000-0xe74fffff 64bit pref]
[    0.129929] pci 0000:00:17.2: PCI bridge to [bus 15]
[    0.129949] pci 0000:00:17.2:   bridge window [io  0xe000-0xefff]
[    0.129969] pci 0000:00:17.2:   bridge window [mem 0xfca00000-0xfcafffff]
[    0.130005] pci 0000:00:17.2:   bridge window [mem 0xe7000000-0xe70fffff 64bit pref]
[    0.130120] pci 0000:00:17.3: PCI bridge to [bus 16]
[    0.130157] pci 0000:00:17.3:   bridge window [mem 0xfc600000-0xfc6fffff]
[    0.130194] pci 0000:00:17.3:   bridge window [mem 0xe6c00000-0xe6cfffff 64bit pref]
[    0.130500] pci 0000:00:17.4: PCI bridge to [bus 17]
[    0.130537] pci 0000:00:17.4:   bridge window [mem 0xfc200000-0xfc2fffff]
[    0.130573] pci 0000:00:17.4:   bridge window [mem 0xe6800000-0xe68fffff 64bit pref]
[    0.130685] pci 0000:00:17.5: PCI bridge to [bus 18]
[    0.130746] pci 0000:00:17.5:   bridge window [mem 0xfbe00000-0xfbefffff]
[    0.130784] pci 0000:00:17.5:   bridge window [mem 0xe6400000-0xe64fffff 64bit pref]
[    0.130847] pci 0000:00:17.6: PCI bridge to [bus 19]
[    0.130885] pci 0000:00:17.6:   bridge window [mem 0xfba00000-0xfbafffff]
[    0.130921] pci 0000:00:17.6:   bridge window [mem 0xe6000000-0xe60fffff 64bit pref]
[    0.131034] pci 0000:00:17.7: PCI bridge to [bus 1a]
[    0.131071] pci 0000:00:17.7:   bridge window [mem 0xfb600000-0xfb6fffff]
[    0.131107] pci 0000:00:17.7:   bridge window [mem 0xe5c00000-0xe5cfffff 64bit pref]
[    0.131171] pci 0000:00:18.0: PCI bridge to [bus 1b]
[    0.131191] pci 0000:00:18.0:   bridge window [io  0x7000-0x7fff]
[    0.131211] pci 0000:00:18.0:   bridge window [mem 0xfd100000-0xfd1fffff]
[    0.131247] pci 0000:00:18.0:   bridge window [mem 0xe7700000-0xe77fffff 64bit pref]
[    0.131585] pci 0000:00:18.1: PCI bridge to [bus 1c]
[    0.131615] pci 0000:00:18.1:   bridge window [io  0xb000-0xbfff]
[    0.131641] pci 0000:00:18.1:   bridge window [mem 0xfcd00000-0xfcdfffff]
[    0.131687] pci 0000:00:18.1:   bridge window [mem 0xe7300000-0xe73fffff 64bit pref]
[    0.131751] pci 0000:00:18.2: PCI bridge to [bus 1d]
[    0.131802] pci 0000:00:18.2:   bridge window [mem 0xfc900000-0xfc9fffff]
[    0.131855] pci 0000:00:18.2:   bridge window [mem 0xe6f00000-0xe6ffffff 64bit pref]
[    0.132039] pci 0000:00:18.3: PCI bridge to [bus 1e]
[    0.132076] pci 0000:00:18.3:   bridge window [mem 0xfc500000-0xfc5fffff]
[    0.132115] pci 0000:00:18.3:   bridge window [mem 0xe6b00000-0xe6bfffff 64bit pref]
[    0.132525] pci 0000:00:18.4: PCI bridge to [bus 1f]
[    0.132581] pci 0000:00:18.4:   bridge window [mem 0xfc100000-0xfc1fffff]
[    0.132618] pci 0000:00:18.4:   bridge window [mem 0xe6700000-0xe67fffff 64bit pref]
[    0.132738] pci 0000:00:18.5: PCI bridge to [bus 20]
[    0.132775] pci 0000:00:18.5:   bridge window [mem 0xfbd00000-0xfbdfffff]
[    0.132812] pci 0000:00:18.5:   bridge window [mem 0xe6300000-0xe63fffff 64bit pref]
[    0.132875] pci 0000:00:18.6: PCI bridge to [bus 21]
[    0.132913] pci 0000:00:18.6:   bridge window [mem 0xfb900000-0xfb9fffff]
[    0.132949] pci 0000:00:18.6:   bridge window [mem 0xe5f00000-0xe5ffffff 64bit pref]
[    0.133064] pci 0000:00:18.7: PCI bridge to [bus 22]
[    0.133101] pci 0000:00:18.7:   bridge window [mem 0xfb500000-0xfb5fffff]
[    0.133138] pci 0000:00:18.7:   bridge window [mem 0xe5b00000-0xe5bfffff 64bit pref]
[    0.135646] ACPI: PCI Interrupt Link [LNKA] (IRQs 3 4 5 6 7 *9 10 11 14 15)
[    0.135709] ACPI: PCI Interrupt Link [LNKB] (IRQs 3 4 5 6 7 9 10 *11 14 15)
[    0.135773] ACPI: PCI Interrupt Link [LNKC] (IRQs 3 4 5 6 7 9 *10 11 14 15)
[    0.135836] ACPI: PCI Interrupt Link [LNKD] (IRQs 3 4 5 6 *7 9 10 11 14 15)
[    0.145834] ACPI: Enabled 2 GPEs in block 00 to 0F
[    0.145997] vgaarb: device added: PCI:0000:00:0f.0,decodes=io+mem,owns=io+mem,locks=none
[    0.146007] vgaarb: loaded
[    0.146008] vgaarb: bridge control possible 0000:00:0f.0
[    0.146091] SCSI subsystem initialized
[    0.146114] ACPI: bus type USB registered
[    0.146127] usbcore: registered new interface driver usbfs
[    0.146133] usbcore: registered new interface driver hub
[    0.146183] usbcore: registered new device driver usb
[    0.146309] PCI: Using ACPI for IRQ routing
[    0.175830] PCI: pci_cache_line_size set to 64 bytes
[    0.176838] e820: reserve RAM buffer [mem 0x0009ec00-0x0009ffff]
[    0.176845] e820: reserve RAM buffer [mem 0x7fee0000-0x7fffffff]
[    0.177034] NetLabel: Initializing
[    0.177038] NetLabel:  domain hash size = 128
[    0.177040] NetLabel:  protocols = UNLABELED CIPSOv4
[    0.177070] NetLabel:  unlabeled traffic allowed by default
[    0.177133] hpet0: at MMIO 0xfed00000, IRQs 2, 8, 0, 0, 0, 0, 0, 0, 0, 0, 0, 0, 0, 0, 0, 0
[    0.177143] hpet0: 16 comparators, 64-bit 14.318180 MHz counter
[    0.179440] Switched to clocksource hpet
[    0.184264] pnp: PnP ACPI init
[    0.184278] ACPI: bus type PNP registered
[    0.184464] system 00:00: [io  0x1000-0x103f] could not be reserved
[    0.184467] system 00:00: [io  0x1040-0x104f] has been reserved
[    0.184470] system 00:00: [io  0x0cf0-0x0cf1] has been reserved
[    0.184474] system 00:00: Plug and Play ACPI device, IDs PNP0c02 (active)
[    0.184505] pnp 00:01: Plug and Play ACPI device, IDs PNP0b00 (active)
[    0.184526] pnp 00:02: Plug and Play ACPI device, IDs PNP0303 (active)
[    0.184551] pnp 00:03: Plug and Play ACPI device, IDs VMW0003 PNP0f13 (active)
[    0.184614] system 00:04: [mem 0xfed00000-0xfed003ff] has been reserved
[    0.184618] system 00:04: Plug and Play ACPI device, IDs PNP0103 PNP0c01 (active)
[    0.185428] pnp 00:05: Plug and Play ACPI device, IDs PNP0501 (active)
[    0.185492] system 00:06: [io  0xfce0-0xfcff] has been reserved
[    0.185496] system 00:06: [mem 0xf0000000-0xf7ffffff] has been reserved
[    0.185499] system 00:06: [mem 0xfe800000-0xfe9fffff] has been reserved
[    0.185502] system 00:06: Plug and Play ACPI device, IDs PNP0c02 (active)
[    0.191424] pnp: PnP ACPI: found 7 devices
[    0.191431] ACPI: bus type PNP unregistered
[    0.198445] pci 0000:00:15.3: bridge window [io  0x1000-0x0fff] to [bus 06] add_size 1000
[    0.198509] pci 0000:00:15.4: bridge window [io  0x1000-0x0fff] to [bus 07] add_size 1000
[    0.198572] pci 0000:00:15.5: bridge window [io  0x1000-0x0fff] to [bus 08] add_size 1000
[    0.198636] pci 0000:00:15.6: bridge window [io  0x1000-0x0fff] to [bus 09] add_size 1000
[    0.198699] pci 0000:00:15.7: bridge window [io  0x1000-0x0fff] to [bus 0a] add_size 1000
[    0.198763] pci 0000:00:16.3: bridge window [io  0x1000-0x0fff] to [bus 0e] add_size 1000
[    0.198826] pci 0000:00:16.4: bridge window [io  0x1000-0x0fff] to [bus 0f] add_size 1000
[    0.198890] pci 0000:00:16.5: bridge window [io  0x1000-0x0fff] to [bus 10] add_size 1000
[    0.198953] pci 0000:00:16.6: bridge window [io  0x1000-0x0fff] to [bus 11] add_size 1000
[    0.199017] pci 0000:00:16.7: bridge window [io  0x1000-0x0fff] to [bus 12] add_size 1000
[    0.199424] pci 0000:00:17.3: bridge window [io  0x1000-0x0fff] to [bus 16] add_size 1000
[    0.199488] pci 0000:00:17.4: bridge window [io  0x1000-0x0fff] to [bus 17] add_size 1000
[    0.199551] pci 0000:00:17.5: bridge window [io  0x1000-0x0fff] to [bus 18] add_size 1000
[    0.199615] pci 0000:00:17.6: bridge window [io  0x1000-0x0fff] to [bus 19] add_size 1000
[    0.199678] pci 0000:00:17.7: bridge window [io  0x1000-0x0fff] to [bus 1a] add_size 1000
[    0.200425] pci 0000:00:18.2: bridge window [io  0x1000-0x0fff] to [bus 1d] add_size 1000
[    0.200488] pci 0000:00:18.3: bridge window [io  0x1000-0x0fff] to [bus 1e] add_size 1000
[    0.200552] pci 0000:00:18.4: bridge window [io  0x1000-0x0fff] to [bus 1f] add_size 1000
[    0.200615] pci 0000:00:18.5: bridge window [io  0x1000-0x0fff] to [bus 20] add_size 1000
[    0.200679] pci 0000:00:18.6: bridge window [io  0x1000-0x0fff] to [bus 21] add_size 1000
[    0.200742] pci 0000:00:18.7: bridge window [io  0x1000-0x0fff] to [bus 22] add_size 1000
[    0.200791] pci 0000:00:15.3: res[13]=[io  0x1000-0x0fff] res_to_dev_res add_size 1000 min_align 1000
[    0.200796] pci 0000:00:15.3: res[13]=[io  0x1000-0x1fff] res_to_dev_res add_size 1000 min_align 1000
[    0.200799] pci 0000:00:15.4: res[13]=[io  0x1000-0x0fff] res_to_dev_res add_size 1000 min_align 1000
[    0.200803] pci 0000:00:15.4: res[13]=[io  0x1000-0x1fff] res_to_dev_res add_size 1000 min_align 1000
[    0.200816] pci 0000:00:15.5: res[13]=[io  0x1000-0x0fff] res_to_dev_res add_size 1000 min_align 1000
[    0.200820] pci 0000:00:15.5: res[13]=[io  0x1000-0x1fff] res_to_dev_res add_size 1000 min_align 1000
[    0.200823] pci 0000:00:15.6: res[13]=[io  0x1000-0x0fff] res_to_dev_res add_size 1000 min_align 1000
[    0.200826] pci 0000:00:15.6: res[13]=[io  0x1000-0x1fff] res_to_dev_res add_size 1000 min_align 1000
[    0.200829] pci 0000:00:15.7: res[13]=[io  0x1000-0x0fff] res_to_dev_res add_size 1000 min_align 1000
[    0.200833] pci 0000:00:15.7: res[13]=[io  0x1000-0x1fff] res_to_dev_res add_size 1000 min_align 1000
[    0.200836] pci 0000:00:16.3: res[13]=[io  0x1000-0x0fff] res_to_dev_res add_size 1000 min_align 1000
[    0.200839] pci 0000:00:16.3: res[13]=[io  0x1000-0x1fff] res_to_dev_res add_size 1000 min_align 1000
[    0.200842] pci 0000:00:16.4: res[13]=[io  0x1000-0x0fff] res_to_dev_res add_size 1000 min_align 1000
[    0.200845] pci 0000:00:16.4: res[13]=[io  0x1000-0x1fff] res_to_dev_res add_size 1000 min_align 1000
[    0.200848] pci 0000:00:16.5: res[13]=[io  0x1000-0x0fff] res_to_dev_res add_size 1000 min_align 1000
[    0.200851] pci 0000:00:16.5: res[13]=[io  0x1000-0x1fff] res_to_dev_res add_size 1000 min_align 1000
[    0.200865] pci 0000:00:16.6: res[13]=[io  0x1000-0x0fff] res_to_dev_res add_size 1000 min_align 1000
[    0.200869] pci 0000:00:16.6: res[13]=[io  0x1000-0x1fff] res_to_dev_res add_size 1000 min_align 1000
[    0.200872] pci 0000:00:16.7: res[13]=[io  0x1000-0x0fff] res_to_dev_res add_size 1000 min_align 1000
[    0.200892] pci 0000:00:16.7: res[13]=[io  0x1000-0x1fff] res_to_dev_res add_size 1000 min_align 1000
[    0.200897] pci 0000:00:17.3: res[13]=[io  0x1000-0x0fff] res_to_dev_res add_size 1000 min_align 1000
[    0.200900] pci 0000:00:17.3: res[13]=[io  0x1000-0x1fff] res_to_dev_res add_size 1000 min_align 1000
[    0.200903] pci 0000:00:17.4: res[13]=[io  0x1000-0x0fff] res_to_dev_res add_size 1000 min_align 1000
[    0.200907] pci 0000:00:17.4: res[13]=[io  0x1000-0x1fff] res_to_dev_res add_size 1000 min_align 1000
[    0.200910] pci 0000:00:17.5: res[13]=[io  0x1000-0x0fff] res_to_dev_res add_size 1000 min_align 1000
[    0.200913] pci 0000:00:17.5: res[13]=[io  0x1000-0x1fff] res_to_dev_res add_size 1000 min_align 1000
[    0.200916] pci 0000:00:17.6: res[13]=[io  0x1000-0x0fff] res_to_dev_res add_size 1000 min_align 1000
[    0.200919] pci 0000:00:17.6: res[13]=[io  0x1000-0x1fff] res_to_dev_res add_size 1000 min_align 1000
[    0.200922] pci 0000:00:17.7: res[13]=[io  0x1000-0x0fff] res_to_dev_res add_size 1000 min_align 1000
[    0.200936] pci 0000:00:17.7: res[13]=[io  0x1000-0x1fff] res_to_dev_res add_size 1000 min_align 1000
[    0.200940] pci 0000:00:18.2: res[13]=[io  0x1000-0x0fff] res_to_dev_res add_size 1000 min_align 1000
[    0.200943] pci 0000:00:18.2: res[13]=[io  0x1000-0x1fff] res_to_dev_res add_size 1000 min_align 1000
[    0.200946] pci 0000:00:18.3: res[13]=[io  0x1000-0x0fff] res_to_dev_res add_size 1000 min_align 1000
[    0.200959] pci 0000:00:18.3: res[13]=[io  0x1000-0x1fff] res_to_dev_res add_size 1000 min_align 1000
[    0.200963] pci 0000:00:18.4: res[13]=[io  0x1000-0x0fff] res_to_dev_res add_size 1000 min_align 1000
[    0.200966] pci 0000:00:18.4: res[13]=[io  0x1000-0x1fff] res_to_dev_res add_size 1000 min_align 1000
[    0.200969] pci 0000:00:18.5: res[13]=[io  0x1000-0x0fff] res_to_dev_res add_size 1000 min_align 1000
[    0.200973] pci 0000:00:18.5: res[13]=[io  0x1000-0x1fff] res_to_dev_res add_size 1000 min_align 1000
[    0.200976] pci 0000:00:18.6: res[13]=[io  0x1000-0x0fff] res_to_dev_res add_size 1000 min_align 1000
[    0.200979] pci 0000:00:18.6: res[13]=[io  0x1000-0x1fff] res_to_dev_res add_size 1000 min_align 1000
[    0.200982] pci 0000:00:18.7: res[13]=[io  0x1000-0x0fff] res_to_dev_res add_size 1000 min_align 1000
[    0.200985] pci 0000:00:18.7: res[13]=[io  0x1000-0x1fff] res_to_dev_res add_size 1000 min_align 1000
[    0.200993] pci 0000:00:0f.0: BAR 6: assigned [mem 0xc0000000-0xc0007fff pref]
[    0.200999] pci 0000:00:10.0: BAR 6: assigned [mem 0xc0008000-0xc000bfff pref]
[    0.201017] pci 0000:00:15.3: BAR 13: no space for [io  size 0x1000]
[    0.201020] pci 0000:00:15.3: BAR 13: failed to assign [io  size 0x1000]
[    0.201036] pci 0000:00:15.4: BAR 13: no space for [io  size 0x1000]
[    0.201039] pci 0000:00:15.4: BAR 13: failed to assign [io  size 0x1000]
[    0.201044] pci 0000:00:15.5: BAR 13: no space for [io  size 0x1000]
[    0.201047] pci 0000:00:15.5: BAR 13: failed to assign [io  size 0x1000]
[    0.201062] pci 0000:00:15.6: BAR 13: no space for [io  size 0x1000]
[    0.201066] pci 0000:00:15.6: BAR 13: failed to assign [io  size 0x1000]
[    0.201070] pci 0000:00:15.7: BAR 13: no space for [io  size 0x1000]
[    0.201073] pci 0000:00:15.7: BAR 13: failed to assign [io  size 0x1000]
[    0.201078] pci 0000:00:16.3: BAR 13: no space for [io  size 0x1000]
[    0.201081] pci 0000:00:16.3: BAR 13: failed to assign [io  size 0x1000]
[    0.201085] pci 0000:00:16.4: BAR 13: no space for [io  size 0x1000]
[    0.201088] pci 0000:00:16.4: BAR 13: failed to assign [io  size 0x1000]
[    0.201093] pci 0000:00:16.5: BAR 13: no space for [io  size 0x1000]
[    0.201095] pci 0000:00:16.5: BAR 13: failed to assign [io  size 0x1000]
[    0.201111] pci 0000:00:16.6: BAR 13: no space for [io  size 0x1000]
[    0.201114] pci 0000:00:16.6: BAR 13: failed to assign [io  size 0x1000]
[    0.201119] pci 0000:00:16.7: BAR 13: no space for [io  size 0x1000]
[    0.201132] pci 0000:00:16.7: BAR 13: failed to assign [io  size 0x1000]
[    0.201137] pci 0000:00:17.3: BAR 13: no space for [io  size 0x1000]
[    0.201140] pci 0000:00:17.3: BAR 13: failed to assign [io  size 0x1000]
[    0.201144] pci 0000:00:17.4: BAR 13: no space for [io  size 0x1000]
[    0.201147] pci 0000:00:17.4: BAR 13: failed to assign [io  size 0x1000]
[    0.201151] pci 0000:00:17.5: BAR 13: no space for [io  size 0x1000]
[    0.201154] pci 0000:00:17.5: BAR 13: failed to assign [io  size 0x1000]
[    0.201158] pci 0000:00:17.6: BAR 13: no space for [io  size 0x1000]
[    0.201161] pci 0000:00:17.6: BAR 13: failed to assign [io  size 0x1000]
[    0.201165] pci 0000:00:17.7: BAR 13: no space for [io  size 0x1000]
[    0.201179] pci 0000:00:17.7: BAR 13: failed to assign [io  size 0x1000]
[    0.201183] pci 0000:00:18.2: BAR 13: no space for [io  size 0x1000]
[    0.201186] pci 0000:00:18.2: BAR 13: failed to assign [io  size 0x1000]
[    0.201200] pci 0000:00:18.3: BAR 13: no space for [io  size 0x1000]
[    0.201203] pci 0000:00:18.3: BAR 13: failed to assign [io  size 0x1000]
[    0.201215] pci 0000:00:18.4: BAR 13: no space for [io  size 0x1000]
[    0.201218] pci 0000:00:18.4: BAR 13: failed to assign [io  size 0x1000]
[    0.201222] pci 0000:00:18.5: BAR 13: no space for [io  size 0x1000]
[    0.201225] pci 0000:00:18.5: BAR 13: failed to assign [io  size 0x1000]
[    0.201229] pci 0000:00:18.6: BAR 13: no space for [io  size 0x1000]
[    0.201231] pci 0000:00:18.6: BAR 13: failed to assign [io  size 0x1000]
[    0.201246] pci 0000:00:18.7: BAR 13: no space for [io  size 0x1000]
[    0.201249] pci 0000:00:18.7: BAR 13: failed to assign [io  size 0x1000]
[    0.201269] pci 0000:00:18.7: BAR 13: no space for [io  size 0x1000]
[    0.201272] pci 0000:00:18.7: BAR 13: failed to assign [io  size 0x1000]
[    0.201277] pci 0000:00:18.6: BAR 13: no space for [io  size 0x1000]
[    0.201280] pci 0000:00:18.6: BAR 13: failed to assign [io  size 0x1000]
[    0.201284] pci 0000:00:18.5: BAR 13: no space for [io  size 0x1000]
[    0.201286] pci 0000:00:18.5: BAR 13: failed to assign [io  size 0x1000]
[    0.201290] pci 0000:00:18.4: BAR 13: no space for [io  size 0x1000]
[    0.201293] pci 0000:00:18.4: BAR 13: failed to assign [io  size 0x1000]
[    0.201298] pci 0000:00:18.3: BAR 13: no space for [io  size 0x1000]
[    0.201300] pci 0000:00:18.3: BAR 13: failed to assign [io  size 0x1000]
[    0.201304] pci 0000:00:18.2: BAR 13: no space for [io  size 0x1000]
[    0.201307] pci 0000:00:18.2: BAR 13: failed to assign [io  size 0x1000]
[    0.201311] pci 0000:00:17.7: BAR 13: no space for [io  size 0x1000]
[    0.201314] pci 0000:00:17.7: BAR 13: failed to assign [io  size 0x1000]
[    0.201318] pci 0000:00:17.6: BAR 13: no space for [io  size 0x1000]
[    0.201321] pci 0000:00:17.6: BAR 13: failed to assign [io  size 0x1000]
[    0.201335] pci 0000:00:17.5: BAR 13: no space for [io  size 0x1000]
[    0.201339] pci 0000:00:17.5: BAR 13: failed to assign [io  size 0x1000]
[    0.201340] pci 0000:00:17.4: BAR 13: no space for [io  size 0x1000]
[    0.201340] pci 0000:00:17.4: BAR 13: failed to assign [io  size 0x1000]
[    0.201340] pci 0000:00:17.3: BAR 13: no space for [io  size 0x1000]
[    0.201341] pci 0000:00:17.3: BAR 13: failed to assign [io  size 0x1000]
[    0.201341] pci 0000:00:16.7: BAR 13: no space for [io  size 0x1000]
[    0.201341] pci 0000:00:16.7: BAR 13: failed to assign [io  size 0x1000]
[    0.201341] pci 0000:00:16.6: BAR 13: no space for [io  size 0x1000]
[    0.201342] pci 0000:00:16.6: BAR 13: failed to assign [io  size 0x1000]
[    0.201342] pci 0000:00:16.5: BAR 13: no space for [io  size 0x1000]
[    0.201342] pci 0000:00:16.5: BAR 13: failed to assign [io  size 0x1000]
[    0.201347] pci 0000:00:16.4: BAR 13: no space for [io  size 0x1000]
[    0.201373] pci 0000:00:16.4: BAR 13: failed to assign [io  size 0x1000]
[    0.201389] pci 0000:00:16.3: BAR 13: no space for [io  size 0x1000]
[    0.201392] pci 0000:00:16.3: BAR 13: failed to assign [io  size 0x1000]
[    0.201397] pci 0000:00:15.7: BAR 13: no space for [io  size 0x1000]
[    0.201400] pci 0000:00:15.7: BAR 13: failed to assign [io  size 0x1000]
[    0.201404] pci 0000:00:15.6: BAR 13: no space for [io  size 0x1000]
[    0.201407] pci 0000:00:15.6: BAR 13: failed to assign [io  size 0x1000]
[    0.201411] pci 0000:00:15.5: BAR 13: no space for [io  size 0x1000]
[    0.201413] pci 0000:00:15.5: BAR 13: failed to assign [io  size 0x1000]
[    0.201418] pci 0000:00:15.4: BAR 13: no space for [io  size 0x1000]
[    0.201420] pci 0000:00:15.4: BAR 13: failed to assign [io  size 0x1000]
[    0.201424] pci 0000:00:15.3: BAR 13: no space for [io  size 0x1000]
[    0.201427] pci 0000:00:15.3: BAR 13: failed to assign [io  size 0x1000]
[    0.201432] pci 0000:00:01.0: PCI bridge to [bus 01]
[    0.201496] pci 0000:02:01.0: BAR 6: assigned [mem 0xfd500000-0xfd50ffff pref]
[    0.201501] pci 0000:00:11.0: PCI bridge to [bus 02]
[    0.201537] pci 0000:00:11.0:   bridge window [io  0x2000-0x3fff]
[    0.201590] pci 0000:00:11.0:   bridge window [mem 0xfd500000-0xfdffffff]
[    0.201636] pci 0000:00:11.0:   bridge window [mem 0xe7b00000-0xe7ffffff 64bit pref]
[    0.201700] pci 0000:00:15.0: PCI bridge to [bus 03]
[    0.201718] pci 0000:00:15.0:   bridge window [io  0x4000-0x4fff]
[    0.201781] pci 0000:00:15.0:   bridge window [mem 0xfd400000-0xfd4fffff]
[    0.201818] pci 0000:00:15.0:   bridge window [mem 0xe7a00000-0xe7afffff 64bit pref]
[    0.201882] pci 0000:00:15.1: PCI bridge to [bus 04]
[    0.201907] pci 0000:00:15.1:   bridge window [io  0x8000-0x8fff]
[    0.201957] pci 0000:00:15.1:   bridge window [mem 0xfd000000-0xfd0fffff]
[    0.202017] pci 0000:00:15.1:   bridge window [mem 0xe7600000-0xe76fffff 64bit pref]
[    0.202346] pci 0000:00:15.2: PCI bridge to [bus 05]
[    0.202416] pci 0000:00:15.2:   bridge window [io  0xc000-0xcfff]
[    0.202466] pci 0000:00:15.2:   bridge window [mem 0xfcc00000-0xfccfffff]
[    0.202514] pci 0000:00:15.2:   bridge window [mem 0xe7200000-0xe72fffff 64bit pref]
[    0.202577] pci 0000:00:15.3: PCI bridge to [bus 06]
[    0.202631] pci 0000:00:15.3:   bridge window [mem 0xfc800000-0xfc8fffff]
[    0.202669] pci 0000:00:15.3:   bridge window [mem 0xe6e00000-0xe6efffff 64bit pref]
[    0.202733] pci 0000:00:15.4: PCI bridge to [bus 07]
[    0.202793] pci 0000:00:15.4:   bridge window [mem 0xfc400000-0xfc4fffff]
[    0.202849] pci 0000:00:15.4:   bridge window [mem 0xe6a00000-0xe6afffff 64bit pref]
[    0.202912] pci 0000:00:15.5: PCI bridge to [bus 08]
[    0.202976] pci 0000:00:15.5:   bridge window [mem 0xfc000000-0xfc0fffff]
[    0.203009] pci 0000:00:15.5:   bridge window [mem 0xe6600000-0xe66fffff 64bit pref]
[    0.203073] pci 0000:00:15.6: PCI bridge to [bus 09]
[    0.203118] pci 0000:00:15.6:   bridge window [mem 0xfbc00000-0xfbcfffff]
[    0.203158] pci 0000:00:15.6:   bridge window [mem 0xe6200000-0xe62fffff 64bit pref]
[    0.203222] pci 0000:00:15.7: PCI bridge to [bus 0a]
[    0.203284] pci 0000:00:15.7:   bridge window [mem 0xfb800000-0xfb8fffff]
[    0.203322] pci 0000:00:15.7:   bridge window [mem 0xe5e00000-0xe5efffff 64bit pref]
[    0.203422] pci 0000:00:16.0: PCI bridge to [bus 0b]
[    0.203441] pci 0000:00:16.0:   bridge window [io  0x5000-0x5fff]
[    0.203481] pci 0000:00:16.0:   bridge window [mem 0xfd300000-0xfd3fffff]
[    0.203511] pci 0000:00:16.0:   bridge window [mem 0xe7900000-0xe79fffff 64bit pref]
[    0.203574] pci 0000:00:16.1: PCI bridge to [bus 0c]
[    0.203594] pci 0000:00:16.1:   bridge window [io  0x9000-0x9fff]
[    0.203647] pci 0000:00:16.1:   bridge window [mem 0xfcf00000-0xfcffffff]
[    0.203675] pci 0000:00:16.1:   bridge window [mem 0xe7500000-0xe75fffff 64bit pref]
[    0.203739] pci 0000:00:16.2: PCI bridge to [bus 0d]
[    0.203768] pci 0000:00:16.2:   bridge window [io  0xd000-0xdfff]
[    0.203820] pci 0000:00:16.2:   bridge window [mem 0xfcb00000-0xfcbfffff]
[    0.203850] pci 0000:00:16.2:   bridge window [mem 0xe7100000-0xe71fffff 64bit pref]
[    0.203913] pci 0000:00:16.3: PCI bridge to [bus 0e]
[    0.203958] pci 0000:00:16.3:   bridge window [mem 0xfc700000-0xfc7fffff]
[    0.204005] pci 0000:00:16.3:   bridge window [mem 0xe6d00000-0xe6dfffff 64bit pref]
[    0.204069] pci 0000:00:16.4: PCI bridge to [bus 0f]
[    0.204112] pci 0000:00:16.4:   bridge window [mem 0xfc300000-0xfc3fffff]
[    0.204143] pci 0000:00:16.4:   bridge window [mem 0xe6900000-0xe69fffff 64bit pref]
[    0.204206] pci 0000:00:16.5: PCI bridge to [bus 10]
[    0.204260] pci 0000:00:16.5:   bridge window [mem 0xfbf00000-0xfbffffff]
[    0.204290] pci 0000:00:16.5:   bridge window [mem 0xe6500000-0xe65fffff 64bit pref]
[    0.204369] pci 0000:00:16.6: PCI bridge to [bus 11]
[    0.204423] pci 0000:00:16.6:   bridge window [mem 0xfbb00000-0xfbbfffff]
[    0.204454] pci 0000:00:16.6:   bridge window [mem 0xe6100000-0xe61fffff 64bit pref]
[    0.204518] pci 0000:00:16.7: PCI bridge to [bus 12]
[    0.204581] pci 0000:00:16.7:   bridge window [mem 0xfb700000-0xfb7fffff]
[    0.204617] pci 0000:00:16.7:   bridge window [mem 0xe5d00000-0xe5dfffff 64bit pref]
[    0.204681] pci 0000:00:17.0: PCI bridge to [bus 13]
[    0.204699] pci 0000:00:17.0:   bridge window [io  0x6000-0x6fff]
[    0.204741] pci 0000:00:17.0:   bridge window [mem 0xfd200000-0xfd2fffff]
[    0.204780] pci 0000:00:17.0:   bridge window [mem 0xe7800000-0xe78fffff 64bit pref]
[    0.204843] pci 0000:00:17.1: PCI bridge to [bus 14]
[    0.204872] pci 0000:00:17.1:   bridge window [io  0xa000-0xafff]
[    0.204935] pci 0000:00:17.1:   bridge window [mem 0xfce00000-0xfcefffff]
[    0.204999] pci 0000:00:17.1:   bridge window [mem 0xe7400000-0xe74fffff 64bit pref]
[    0.205062] pci 0000:00:17.2: PCI bridge to [bus 15]
[    0.205081] pci 0000:00:17.2:   bridge window [io  0xe000-0xefff]
[    0.205133] pci 0000:00:17.2:   bridge window [mem 0xfca00000-0xfcafffff]
[    0.205190] pci 0000:00:17.2:   bridge window [mem 0xe7000000-0xe70fffff 64bit pref]
[    0.205254] pci 0000:00:17.3: PCI bridge to [bus 16]
[    0.205298] pci 0000:00:17.3:   bridge window [mem 0xfc600000-0xfc6fffff]
[    0.205304] pci 0000:00:17.3:   bridge window [mem 0xe6c00000-0xe6cfffff 64bit pref]
[    0.205426] pci 0000:00:17.4: PCI bridge to [bus 17]
[    0.205471] pci 0000:00:17.4:   bridge window [mem 0xfc200000-0xfc2fffff]
[    0.205499] pci 0000:00:17.4:   bridge window [mem 0xe6800000-0xe68fffff 64bit pref]
[    0.205563] pci 0000:00:17.5: PCI bridge to [bus 18]
[    0.205607] pci 0000:00:17.5:   bridge window [mem 0xfbe00000-0xfbefffff]
[    0.205638] pci 0000:00:17.5:   bridge window [mem 0xe6400000-0xe64fffff 64bit pref]
[    0.205701] pci 0000:00:17.6: PCI bridge to [bus 19]
[    0.205744] pci 0000:00:17.6:   bridge window [mem 0xfba00000-0xfbafffff]
[    0.205773] pci 0000:00:17.6:   bridge window [mem 0xe6000000-0xe60fffff 64bit pref]
[    0.205836] pci 0000:00:17.7: PCI bridge to [bus 1a]
[    0.205888] pci 0000:00:17.7:   bridge window [mem 0xfb600000-0xfb6fffff]
[    0.205922] pci 0000:00:17.7:   bridge window [mem 0xe5c00000-0xe5cfffff 64bit pref]
[    0.205985] pci 0000:00:18.0: PCI bridge to [bus 1b]
[    0.206003] pci 0000:00:18.0:   bridge window [io  0x7000-0x7fff]
[    0.206051] pci 0000:00:18.0:   bridge window [mem 0xfd100000-0xfd1fffff]
[    0.206090] pci 0000:00:18.0:   bridge window [mem 0xe7700000-0xe77fffff 64bit pref]
[    0.206153] pci 0000:00:18.1: PCI bridge to [bus 1c]
[    0.206172] pci 0000:00:18.1:   bridge window [io  0xb000-0xbfff]
[    0.206231] pci 0000:00:18.1:   bridge window [mem 0xfcd00000-0xfcdfffff]
[    0.206259] pci 0000:00:18.1:   bridge window [mem 0xe7300000-0xe73fffff 64bit pref]
[    0.206368] pci 0000:00:18.2: PCI bridge to [bus 1d]
[    0.206411] pci 0000:00:18.2:   bridge window [mem 0xfc900000-0xfc9fffff]
[    0.206456] pci 0000:00:18.2:   bridge window [mem 0xe6f00000-0xe6ffffff 64bit pref]
[    0.206519] pci 0000:00:18.3: PCI bridge to [bus 1e]
[    0.206583] pci 0000:00:18.3:   bridge window [mem 0xfc500000-0xfc5fffff]
[    0.206613] pci 0000:00:18.3:   bridge window [mem 0xe6b00000-0xe6bfffff 64bit pref]
[    0.206677] pci 0000:00:18.4: PCI bridge to [bus 1f]
[    0.206731] pci 0000:00:18.4:   bridge window [mem 0xfc100000-0xfc1fffff]
[    0.206780] pci 0000:00:18.4:   bridge window [mem 0xe6700000-0xe67fffff 64bit pref]
[    0.206843] pci 0000:00:18.5: PCI bridge to [bus 20]
[    0.206907] pci 0000:00:18.5:   bridge window [mem 0xfbd00000-0xfbdfffff]
[    0.206947] pci 0000:00:18.5:   bridge window [mem 0xe6300000-0xe63fffff 64bit pref]
[    0.207011] pci 0000:00:18.6: PCI bridge to [bus 21]
[    0.207066] pci 0000:00:18.6:   bridge window [mem 0xfb900000-0xfb9fffff]
[    0.207095] pci 0000:00:18.6:   bridge window [mem 0xe5f00000-0xe5ffffff 64bit pref]
[    0.207159] pci 0000:00:18.7: PCI bridge to [bus 22]
[    0.207202] pci 0000:00:18.7:   bridge window [mem 0xfb500000-0xfb5fffff]
[    0.207229] pci 0000:00:18.7:   bridge window [mem 0xe5b00000-0xe5bfffff 64bit pref]
[    0.207293] pci_bus 0000:00: resource 4 [mem 0x000a0000-0x000bffff window]
[    0.207297] pci_bus 0000:00: resource 5 [mem 0x000cc000-0x000cffff window]
[    0.207300] pci_bus 0000:00: resource 6 [mem 0x000d0000-0x000d3fff window]
[    0.207302] pci_bus 0000:00: resource 7 [mem 0x000d4000-0x000d7fff window]
[    0.207305] pci_bus 0000:00: resource 8 [mem 0x000d8000-0x000dbfff window]
[    0.207308] pci_bus 0000:00: resource 9 [mem 0xc0000000-0xfebfffff window]
[    0.207311] pci_bus 0000:00: resource 10 [io  0x0000-0x0cf7 window]
[    0.207314] pci_bus 0000:00: resource 11 [io  0x0d00-0xfeff window]
[    0.207318] pci_bus 0000:02: resource 0 [io  0x2000-0x3fff]
[    0.207320] pci_bus 0000:02: resource 1 [mem 0xfd500000-0xfdffffff]
[    0.207323] pci_bus 0000:02: resource 2 [mem 0xe7b00000-0xe7ffffff 64bit pref]
[    0.207326] pci_bus 0000:02: resource 4 [mem 0x000a0000-0x000bffff window]
[    0.207329] pci_bus 0000:02: resource 5 [mem 0x000cc000-0x000cffff window]
[    0.207342] pci_bus 0000:02: resource 6 [mem 0x000d0000-0x000d3fff window]
[    0.207342] pci_bus 0000:02: resource 7 [mem 0x000d4000-0x000d7fff window]
[    0.207342] pci_bus 0000:02: resource 8 [mem 0x000d8000-0x000dbfff window]
[    0.207342] pci_bus 0000:02: resource 9 [mem 0xc0000000-0xfebfffff window]
[    0.207342] pci_bus 0000:02: resource 10 [io  0x0000-0x0cf7 window]
[    0.207342] pci_bus 0000:02: resource 11 [io  0x0d00-0xfeff window]
[    0.207342] pci_bus 0000:03: resource 0 [io  0x4000-0x4fff]
[    0.207342] pci_bus 0000:03: resource 1 [mem 0xfd400000-0xfd4fffff]
[    0.207342] pci_bus 0000:03: resource 2 [mem 0xe7a00000-0xe7afffff 64bit pref]
[    0.207342] pci_bus 0000:04: resource 0 [io  0x8000-0x8fff]
[    0.207342] pci_bus 0000:04: resource 1 [mem 0xfd000000-0xfd0fffff]
[    0.207342] pci_bus 0000:04: resource 2 [mem 0xe7600000-0xe76fffff 64bit pref]
[    0.207342] pci_bus 0000:05: resource 0 [io  0xc000-0xcfff]
[    0.207342] pci_bus 0000:05: resource 1 [mem 0xfcc00000-0xfccfffff]
[    0.207342] pci_bus 0000:05: resource 2 [mem 0xe7200000-0xe72fffff 64bit pref]
[    0.207342] pci_bus 0000:06: resource 1 [mem 0xfc800000-0xfc8fffff]
[    0.207343] pci_bus 0000:06: resource 2 [mem 0xe6e00000-0xe6efffff 64bit pref]
[    0.207343] pci_bus 0000:07: resource 1 [mem 0xfc400000-0xfc4fffff]
[    0.207369] pci_bus 0000:07: resource 2 [mem 0xe6a00000-0xe6afffff 64bit pref]
[    0.207372] pci_bus 0000:08: resource 1 [mem 0xfc000000-0xfc0fffff]
[    0.207374] pci_bus 0000:08: resource 2 [mem 0xe6600000-0xe66fffff 64bit pref]
[    0.207377] pci_bus 0000:09: resource 1 [mem 0xfbc00000-0xfbcfffff]
[    0.207381] pci_bus 0000:09: resource 2 [mem 0xe6200000-0xe62fffff 64bit pref]
[    0.207383] pci_bus 0000:0a: resource 1 [mem 0xfb800000-0xfb8fffff]
[    0.207385] pci_bus 0000:0a: resource 2 [mem 0xe5e00000-0xe5efffff 64bit pref]
[    0.207387] pci_bus 0000:0b: resource 0 [io  0x5000-0x5fff]
[    0.207388] pci_bus 0000:0b: resource 1 [mem 0xfd300000-0xfd3fffff]
[    0.207390] pci_bus 0000:0b: resource 2 [mem 0xe7900000-0xe79fffff 64bit pref]
[    0.207392] pci_bus 0000:0c: resource 0 [io  0x9000-0x9fff]
[    0.207394] pci_bus 0000:0c: resource 1 [mem 0xfcf00000-0xfcffffff]
[    0.207396] pci_bus 0000:0c: resource 2 [mem 0xe7500000-0xe75fffff 64bit pref]
[    0.207398] pci_bus 0000:0d: resource 0 [io  0xd000-0xdfff]
[    0.207399] pci_bus 0000:0d: resource 1 [mem 0xfcb00000-0xfcbfffff]
[    0.207401] pci_bus 0000:0d: resource 2 [mem 0xe7100000-0xe71fffff 64bit pref]
[    0.207403] pci_bus 0000:0e: resource 1 [mem 0xfc700000-0xfc7fffff]
[    0.207405] pci_bus 0000:0e: resource 2 [mem 0xe6d00000-0xe6dfffff 64bit pref]
[    0.207407] pci_bus 0000:0f: resource 1 [mem 0xfc300000-0xfc3fffff]
[    0.207409] pci_bus 0000:0f: resource 2 [mem 0xe6900000-0xe69fffff 64bit pref]
[    0.207411] pci_bus 0000:10: resource 1 [mem 0xfbf00000-0xfbffffff]
[    0.207412] pci_bus 0000:10: resource 2 [mem 0xe6500000-0xe65fffff 64bit pref]
[    0.207414] pci_bus 0000:11: resource 1 [mem 0xfbb00000-0xfbbfffff]
[    0.207416] pci_bus 0000:11: resource 2 [mem 0xe6100000-0xe61fffff 64bit pref]
[    0.207418] pci_bus 0000:12: resource 1 [mem 0xfb700000-0xfb7fffff]
[    0.207420] pci_bus 0000:12: resource 2 [mem 0xe5d00000-0xe5dfffff 64bit pref]
[    0.207422] pci_bus 0000:13: resource 0 [io  0x6000-0x6fff]
[    0.207423] pci_bus 0000:13: resource 1 [mem 0xfd200000-0xfd2fffff]
[    0.207425] pci_bus 0000:13: resource 2 [mem 0xe7800000-0xe78fffff 64bit pref]
[    0.207427] pci_bus 0000:14: resource 0 [io  0xa000-0xafff]
[    0.207429] pci_bus 0000:14: resource 1 [mem 0xfce00000-0xfcefffff]
[    0.207431] pci_bus 0000:14: resource 2 [mem 0xe7400000-0xe74fffff 64bit pref]
[    0.207432] pci_bus 0000:15: resource 0 [io  0xe000-0xefff]
[    0.207434] pci_bus 0000:15: resource 1 [mem 0xfca00000-0xfcafffff]
[    0.207436] pci_bus 0000:15: resource 2 [mem 0xe7000000-0xe70fffff 64bit pref]
[    0.207438] pci_bus 0000:16: resource 1 [mem 0xfc600000-0xfc6fffff]
[    0.207440] pci_bus 0000:16: resource 2 [mem 0xe6c00000-0xe6cfffff 64bit pref]
[    0.207442] pci_bus 0000:17: resource 1 [mem 0xfc200000-0xfc2fffff]
[    0.207444] pci_bus 0000:17: resource 2 [mem 0xe6800000-0xe68fffff 64bit pref]
[    0.207446] pci_bus 0000:18: resource 1 [mem 0xfbe00000-0xfbefffff]
[    0.207447] pci_bus 0000:18: resource 2 [mem 0xe6400000-0xe64fffff 64bit pref]
[    0.207449] pci_bus 0000:19: resource 1 [mem 0xfba00000-0xfbafffff]
[    0.207451] pci_bus 0000:19: resource 2 [mem 0xe6000000-0xe60fffff 64bit pref]
[    0.207453] pci_bus 0000:1a: resource 1 [mem 0xfb600000-0xfb6fffff]
[    0.207455] pci_bus 0000:1a: resource 2 [mem 0xe5c00000-0xe5cfffff 64bit pref]
[    0.207457] pci_bus 0000:1b: resource 0 [io  0x7000-0x7fff]
[    0.207458] pci_bus 0000:1b: resource 1 [mem 0xfd100000-0xfd1fffff]
[    0.207460] pci_bus 0000:1b: resource 2 [mem 0xe7700000-0xe77fffff 64bit pref]
[    0.207462] pci_bus 0000:1c: resource 0 [io  0xb000-0xbfff]
[    0.207464] pci_bus 0000:1c: resource 1 [mem 0xfcd00000-0xfcdfffff]
[    0.207465] pci_bus 0000:1c: resource 2 [mem 0xe7300000-0xe73fffff 64bit pref]
[    0.207467] pci_bus 0000:1d: resource 1 [mem 0xfc900000-0xfc9fffff]
[    0.207469] pci_bus 0000:1d: resource 2 [mem 0xe6f00000-0xe6ffffff 64bit pref]
[    0.207471] pci_bus 0000:1e: resource 1 [mem 0xfc500000-0xfc5fffff]
[    0.207473] pci_bus 0000:1e: resource 2 [mem 0xe6b00000-0xe6bfffff 64bit pref]
[    0.207475] pci_bus 0000:1f: resource 1 [mem 0xfc100000-0xfc1fffff]
[    0.207477] pci_bus 0000:1f: resource 2 [mem 0xe6700000-0xe67fffff 64bit pref]
[    0.207478] pci_bus 0000:20: resource 1 [mem 0xfbd00000-0xfbdfffff]
[    0.207480] pci_bus 0000:20: resource 2 [mem 0xe6300000-0xe63fffff 64bit pref]
[    0.207482] pci_bus 0000:21: resource 1 [mem 0xfb900000-0xfb9fffff]
[    0.207484] pci_bus 0000:21: resource 2 [mem 0xe5f00000-0xe5ffffff 64bit pref]
[    0.207485] pci_bus 0000:22: resource 1 [mem 0xfb500000-0xfb5fffff]
[    0.207487] pci_bus 0000:22: resource 2 [mem 0xe5b00000-0xe5bfffff 64bit pref]
[    0.207551] NET: Registered protocol family 2
[    0.207925] TCP established hash table entries: 16384 (order: 5, 131072 bytes)
[    0.207986] TCP bind hash table entries: 16384 (order: 6, 262144 bytes)
[    0.208050] TCP: Hash tables configured (established 16384 bind 16384)
[    0.208096] TCP: reno registered
[    0.208109] UDP hash table entries: 1024 (order: 3, 32768 bytes)
[    0.208123] UDP-Lite hash table entries: 1024 (order: 3, 32768 bytes)
[    0.208634] NET: Registered protocol family 1
[    0.208652] pci 0000:00:00.0: Limiting direct PCI/PCI transfers
[    0.208716] pci 0000:00:0f.0: Boot video device
[    0.209422] PCI: CLS mismatch (32 != 64), using 64 bytes
[    0.209486] Unpacking initramfs...
[    0.398107] Freeing initrd memory: 19836k freed
[    0.399482] RAPL PMU: API unit is 2^-32 Joules, 3 fixed counters, 10737418240 ms ovfl timer
[    0.399486] RAPL PMU: hw unit of domain pp0-core 2^-0 Joules
[    0.399487] RAPL PMU: hw unit of domain package 2^-0 Joules
[    0.399489] RAPL PMU: hw unit of domain pp1-gpu 2^-0 Joules
[    0.399529] Simple Boot Flag at 0x36 set to 0x80
[    0.399619] Switched to clocksource tsc
[    0.399847] sha1_ssse3: Using AVX optimized SHA-1 implementation
[    0.399932] sha256_ssse3: Using AVX optimized SHA-256 implementation
[    0.400385] futex hash table entries: 32768 (order: 9, 2097152 bytes)
[    0.400463] Initialise system trusted keyring
[    0.400499] audit: initializing netlink socket (disabled)
[    0.400514] type=2000 audit(1495477009.388:1): initialized
[    0.417728] HugeTLB registered 2 MB page size, pre-allocated 0 pages
[    0.418385] zpool: loaded
[    0.418385] zbud: loaded
[    0.418385] VFS: Disk quotas dquot_6.5.2
[    0.418385] Dquot-cache hash table entries: 512 (order 0, 4096 bytes)
[    0.418605] msgmni has been set to 3643
[    0.418671] Key type big_key registered
[    0.418674] SELinux:  Registering netfilter hooks
[    0.419144] NET: Registered protocol family 38
[    0.419152] Key type asymmetric registered
[    0.419155] Asymmetric key parser 'x509' registered
[    0.419188] Block layer SCSI generic (bsg) driver version 0.4 loaded (major 251)
[    0.419256] io scheduler noop registered
[    0.419260] io scheduler deadline registered (default)
[    0.419283] io scheduler cfq registered
[    0.419521] pcieport 0000:00:15.0: irq 24 for MSI/MSI-X
[    0.419584] pcieport 0000:00:15.1: irq 25 for MSI/MSI-X
[    0.419708] pcieport 0000:00:15.2: irq 26 for MSI/MSI-X
[    0.420433] pcieport 0000:00:15.3: irq 27 for MSI/MSI-X
[    0.420500] pcieport 0000:00:15.4: irq 28 for MSI/MSI-X
[    0.420666] pcieport 0000:00:15.5: irq 29 for MSI/MSI-X
[    0.420729] pcieport 0000:00:15.6: irq 30 for MSI/MSI-X
[    0.420839] pcieport 0000:00:15.7: irq 31 for MSI/MSI-X
[    0.420950] pcieport 0000:00:16.0: irq 32 for MSI/MSI-X
[    0.421489] pcieport 0000:00:16.1: irq 33 for MSI/MSI-X
[    0.421555] pcieport 0000:00:16.2: irq 34 for MSI/MSI-X
[    0.421715] pcieport 0000:00:16.3: irq 35 for MSI/MSI-X
[    0.421778] pcieport 0000:00:16.4: irq 36 for MSI/MSI-X
[    0.421846] pcieport 0000:00:16.5: irq 37 for MSI/MSI-X
[    0.421958] pcieport 0000:00:16.6: irq 38 for MSI/MSI-X
[    0.422515] pcieport 0000:00:16.7: irq 39 for MSI/MSI-X
[    0.422635] pcieport 0000:00:17.0: irq 40 for MSI/MSI-X
[    0.422747] pcieport 0000:00:17.1: irq 41 for MSI/MSI-X
[    0.422811] pcieport 0000:00:17.2: irq 42 for MSI/MSI-X
[    0.423536] pcieport 0000:00:17.3: irq 43 for MSI/MSI-X
[    0.423674] pcieport 0000:00:17.4: irq 44 for MSI/MSI-X
[    0.423793] pcieport 0000:00:17.5: irq 45 for MSI/MSI-X
[    0.423906] pcieport 0000:00:17.6: irq 46 for MSI/MSI-X
[    0.424480] pcieport 0000:00:17.7: irq 47 for MSI/MSI-X
[    0.424607] pcieport 0000:00:18.0: irq 48 for MSI/MSI-X
[    0.424716] pcieport 0000:00:18.1: irq 49 for MSI/MSI-X
[    0.425522] pcieport 0000:00:18.2: irq 50 for MSI/MSI-X
[    0.425649] pcieport 0000:00:18.3: irq 51 for MSI/MSI-X
[    0.426451] pcieport 0000:00:18.4: irq 52 for MSI/MSI-X
[    0.426573] pcieport 0000:00:18.5: irq 53 for MSI/MSI-X
[    0.427470] pcieport 0000:00:18.6: irq 54 for MSI/MSI-X
[    0.427596] pcieport 0000:00:18.7: irq 55 for MSI/MSI-X
[    0.427711] pcieport 0000:00:15.0: Signaling PME through PCIe PME interrupt
[    0.427733] pcie_pme 0000:00:15.0:pcie01: service driver pcie_pme loaded
[    0.427796] pcieport 0000:00:15.1: Signaling PME through PCIe PME interrupt
[    0.427817] pcie_pme 0000:00:15.1:pcie01: service driver pcie_pme loaded
[    0.427881] pcieport 0000:00:15.2: Signaling PME through PCIe PME interrupt
[    0.427902] pcie_pme 0000:00:15.2:pcie01: service driver pcie_pme loaded
[    0.427973] pcieport 0000:00:15.3: Signaling PME through PCIe PME interrupt
[    0.427994] pcie_pme 0000:00:15.3:pcie01: service driver pcie_pme loaded
[    0.428057] pcieport 0000:00:15.4: Signaling PME through PCIe PME interrupt
[    0.428078] pcie_pme 0000:00:15.4:pcie01: service driver pcie_pme loaded
[    0.428141] pcieport 0000:00:15.5: Signaling PME through PCIe PME interrupt
[    0.428162] pcie_pme 0000:00:15.5:pcie01: service driver pcie_pme loaded
[    0.428226] pcieport 0000:00:15.6: Signaling PME through PCIe PME interrupt
[    0.428247] pcie_pme 0000:00:15.6:pcie01: service driver pcie_pme loaded
[    0.428310] pcieport 0000:00:15.7: Signaling PME through PCIe PME interrupt
[    0.428331] pcie_pme 0000:00:15.7:pcie01: service driver pcie_pme loaded
[    0.428407] pcieport 0000:00:16.0: Signaling PME through PCIe PME interrupt
[    0.428439] pcie_pme 0000:00:16.0:pcie01: service driver pcie_pme loaded
[    0.428509] pcieport 0000:00:16.1: Signaling PME through PCIe PME interrupt
[    0.428530] pcie_pme 0000:00:16.1:pcie01: service driver pcie_pme loaded
[    0.428593] pcieport 0000:00:16.2: Signaling PME through PCIe PME interrupt
[    0.428614] pcie_pme 0000:00:16.2:pcie01: service driver pcie_pme loaded
[    0.428687] pcieport 0000:00:16.3: Signaling PME through PCIe PME interrupt
[    0.428708] pcie_pme 0000:00:16.3:pcie01: service driver pcie_pme loaded
[    0.428772] pcieport 0000:00:16.4: Signaling PME through PCIe PME interrupt
[    0.428793] pcie_pme 0000:00:16.4:pcie01: service driver pcie_pme loaded
[    0.428857] pcieport 0000:00:16.5: Signaling PME through PCIe PME interrupt
[    0.428879] pcie_pme 0000:00:16.5:pcie01: service driver pcie_pme loaded
[    0.428942] pcieport 0000:00:16.6: Signaling PME through PCIe PME interrupt
[    0.428963] pcie_pme 0000:00:16.6:pcie01: service driver pcie_pme loaded
[    0.429032] pcieport 0000:00:16.7: Signaling PME through PCIe PME interrupt
[    0.429053] pcie_pme 0000:00:16.7:pcie01: service driver pcie_pme loaded
[    0.429117] pcieport 0000:00:17.0: Signaling PME through PCIe PME interrupt
[    0.429138] pcie_pme 0000:00:17.0:pcie01: service driver pcie_pme loaded
[    0.429201] pcieport 0000:00:17.1: Signaling PME through PCIe PME interrupt
[    0.429222] pcie_pme 0000:00:17.1:pcie01: service driver pcie_pme loaded
[    0.429286] pcieport 0000:00:17.2: Signaling PME through PCIe PME interrupt
[    0.429306] pcie_pme 0000:00:17.2:pcie01: service driver pcie_pme loaded
[    0.429402] pcieport 0000:00:17.3: Signaling PME through PCIe PME interrupt
[    0.429423] pcie_pme 0000:00:17.3:pcie01: service driver pcie_pme loaded
[    0.429487] pcieport 0000:00:17.4: Signaling PME through PCIe PME interrupt
[    0.429518] pcie_pme 0000:00:17.4:pcie01: service driver pcie_pme loaded
[    0.429587] pcieport 0000:00:17.5: Signaling PME through PCIe PME interrupt
[    0.429608] pcie_pme 0000:00:17.5:pcie01: service driver pcie_pme loaded
[    0.429672] pcieport 0000:00:17.6: Signaling PME through PCIe PME interrupt
[    0.429693] pcie_pme 0000:00:17.6:pcie01: service driver pcie_pme loaded
[    0.429756] pcieport 0000:00:17.7: Signaling PME through PCIe PME interrupt
[    0.429777] pcie_pme 0000:00:17.7:pcie01: service driver pcie_pme loaded
[    0.429840] pcieport 0000:00:18.0: Signaling PME through PCIe PME interrupt
[    0.429862] pcie_pme 0000:00:18.0:pcie01: service driver pcie_pme loaded
[    0.429925] pcieport 0000:00:18.1: Signaling PME through PCIe PME interrupt
[    0.429946] pcie_pme 0000:00:18.1:pcie01: service driver pcie_pme loaded
[    0.430009] pcieport 0000:00:18.2: Signaling PME through PCIe PME interrupt
[    0.430030] pcie_pme 0000:00:18.2:pcie01: service driver pcie_pme loaded
[    0.430099] pcieport 0000:00:18.3: Signaling PME through PCIe PME interrupt
[    0.430120] pcie_pme 0000:00:18.3:pcie01: service driver pcie_pme loaded
[    0.430184] pcieport 0000:00:18.4: Signaling PME through PCIe PME interrupt
[    0.430205] pcie_pme 0000:00:18.4:pcie01: service driver pcie_pme loaded
[    0.430273] pcieport 0000:00:18.5: Signaling PME through PCIe PME interrupt
[    0.430294] pcie_pme 0000:00:18.5:pcie01: service driver pcie_pme loaded
[    0.430402] pcieport 0000:00:18.6: Signaling PME through PCIe PME interrupt
[    0.430424] pcie_pme 0000:00:18.6:pcie01: service driver pcie_pme loaded
[    0.430487] pcieport 0000:00:18.7: Signaling PME through PCIe PME interrupt
[    0.430508] pcie_pme 0000:00:18.7:pcie01: service driver pcie_pme loaded
[    0.430530] pci_hotplug: PCI Hot Plug PCI Core version: 0.5
[    0.430593] pciehp 0000:00:15.0:pcie04: Slot #160 AttnBtn+ PwrCtrl+ MRL- AttnInd- PwrInd- HotPlug+ Surprise- Interlock- NoCompl+ LLActRep+
[    0.430694] pciehp 0000:00:15.0:pcie04: service driver pciehp loaded
[    0.430729] pciehp 0000:00:15.1:pcie04: Slot #161 AttnBtn+ PwrCtrl+ MRL- AttnInd- PwrInd- HotPlug+ Surprise- Interlock- NoCompl+ LLActRep+
[    0.430799] pciehp 0000:00:15.1:pcie04: service driver pciehp loaded
[    0.430832] pciehp 0000:00:15.2:pcie04: Slot #162 AttnBtn+ PwrCtrl+ MRL- AttnInd- PwrInd- HotPlug+ Surprise- Interlock- NoCompl+ LLActRep+
[    0.430900] pciehp 0000:00:15.2:pcie04: service driver pciehp loaded
[    0.430964] pciehp 0000:00:15.3:pcie04: Slot #163 AttnBtn+ PwrCtrl+ MRL- AttnInd- PwrInd- HotPlug+ Surprise- Interlock- NoCompl+ LLActRep+
[    0.431036] pciehp 0000:00:15.3:pcie04: service driver pciehp loaded
[    0.431073] pciehp 0000:00:15.4:pcie04: Slot #164 AttnBtn+ PwrCtrl+ MRL- AttnInd- PwrInd- HotPlug+ Surprise- Interlock- NoCompl+ LLActRep+
[    0.431140] pciehp 0000:00:15.4:pcie04: service driver pciehp loaded
