[    0.000000] Linux version 4.10.11 (root@localhost.localdomain) (gcc version 4.8.5 20150623 (Red Hat 4.8.5-11) (GCC) ) #2 SMP Wed Apr 19 14:18:35 CST 2017
[    0.000000] Command line: BOOT_IMAGE=/vmlinuz-4.10.11 root=/dev/mapper/cl-root ro crashkernel=auto rd.lvm.lv=cl/root rd.lvm.lv=cl/swap rhgb quiet LANG=en_US.UTF-8
[    0.000000] Disabled fast string operations
[    0.000000] x86/fpu: Supporting XSAVE feature 0x001: 'x87 floating point registers'
[    0.000000] x86/fpu: Supporting XSAVE feature 0x002: 'SSE registers'
[    0.000000] x86/fpu: Supporting XSAVE feature 0x004: 'AVX registers'
[    0.000000] x86/fpu: xstate_offset[2]:  576, xstate_sizes[2]:  256
[    0.000000] x86/fpu: Enabled xstate features 0x7, context size is 832 bytes, using 'standard' format.
[    0.000000] e820: BIOS-provided physical RAM map:
[    0.000000] BIOS-e820: [mem 0x0000000000000000-0x000000000009ebff] usable
[    0.000000] BIOS-e820: [mem 0x000000000009ec00-0x000000000009ffff] reserved
[    0.000000] BIOS-e820: [mem 0x00000000000dc000-0x00000000000fffff] reserved
[    0.000000] BIOS-e820: [mem 0x0000000000100000-0x000000007fedffff] usable
[    0.000000] BIOS-e820: [mem 0x000000007fee0000-0x000000007fefefff] ACPI data
[    0.000000] BIOS-e820: [mem 0x000000007feff000-0x000000007fefffff] ACPI NVS
[    0.000000] BIOS-e820: [mem 0x000000007ff00000-0x000000007fffffff] usable
[    0.000000] BIOS-e820: [mem 0x00000000f0000000-0x00000000f7ffffff] reserved
[    0.000000] BIOS-e820: [mem 0x00000000fec00000-0x00000000fec0ffff] reserved
[    0.000000] BIOS-e820: [mem 0x00000000fee00000-0x00000000fee00fff] reserved
[    0.000000] BIOS-e820: [mem 0x00000000fffe0000-0x00000000ffffffff] reserved
[    0.000000] NX (Execute Disable) protection: active
[    0.000000] SMBIOS 2.7 present.
[    0.000000] DMI: VMware, Inc. VMware Virtual Platform/440BX Desktop Reference Platform, BIOS 6.00 07/02/2015
[    0.000000] Hypervisor detected: VMware
[    0.000000] vmware: TSC freq read from hypervisor : 2601.000 MHz
[    0.000000] vmware: Host bus clock speed read from hypervisor : 66000000 Hz
[    0.000000] vmware: using sched offset of 4031238425 ns
[    0.000000] e820: update [mem 0x00000000-0x00000fff] usable ==> reserved
[    0.000000] e820: remove [mem 0x000a0000-0x000fffff] usable
[    0.000000] e820: last_pfn = 0x80000 max_arch_pfn = 0x400000000
[    0.000000] MTRR default type: uncachable
[    0.000000] MTRR fixed ranges enabled:
[    0.000000]   00000-9FFFF write-back
[    0.000000]   A0000-BFFFF uncachable
[    0.000000]   C0000-CBFFF write-protect
[    0.000000]   CC000-EFFFF uncachable
[    0.000000]   F0000-FFFFF write-protect
[    0.000000] MTRR variable ranges enabled:
[    0.000000]   0 base 000C0000000 mask 3FFC0000000 uncachable
[    0.000000]   1 base 00000000000 mask 3FF00000000 write-back
[    0.000000]   2 disabled
[    0.000000]   3 disabled
[    0.000000]   4 disabled
[    0.000000]   5 disabled
[    0.000000]   6 disabled
[    0.000000]   7 disabled
[    0.000000] x86/PAT: Configuration [0-7]: WB  WC  UC- UC  WB  WC  UC- WT  
[    0.000000] total RAM covered: 3072M
[    0.000000] Found optimal setting for mtrr clean up
[    0.000000]  gran_size: 64K 	chunk_size: 64K 	num_reg: 2  	lose cover RAM: 0G
[    0.000000] found SMP MP-table at [mem 0x000f6a80-0x000f6a8f] mapped at [ffff8800000f6a80]
[    0.000000] Base memory trampoline at [ffff880000098000] 98000 size 24576
[    0.000000] BRK [0x01e8d000, 0x01e8dfff] PGTABLE
[    0.000000] BRK [0x01e8e000, 0x01e8efff] PGTABLE
[    0.000000] BRK [0x01e8f000, 0x01e8ffff] PGTABLE
[    0.000000] BRK [0x01e90000, 0x01e90fff] PGTABLE
[    0.000000] BRK [0x01e91000, 0x01e91fff] PGTABLE
[    0.000000] RAMDISK: [mem 0x3594c000-0x36c9dfff]
[    0.000000] ACPI: Early table checksum verification disabled
[    0.000000] ACPI: RSDP 0x00000000000F6A10 000024 (v02 PTLTD )
[    0.000000] ACPI: XSDT 0x000000007FEEA65B 00005C (v01 INTEL  440BX    06040000 VMW  01324272)
[    0.000000] ACPI: FACP 0x000000007FEFEE73 0000F4 (v04 INTEL  440BX    06040000 PTL  000F4240)
[    0.000000] ACPI: DSDT 0x000000007FEEC749 01272A (v01 PTLTD  Custom   06040000 MSFT 03000001)
[    0.000000] ACPI: FACS 0x000000007FEFFFC0 000040
[    0.000000] ACPI: FACS 0x000000007FEFFFC0 000040
[    0.000000] ACPI: BOOT 0x000000007FEEC721 000028 (v01 PTLTD  $SBFTBL$ 06040000  LTP 00000001)
[    0.000000] ACPI: APIC 0x000000007FEEB8BD 000742 (v01 PTLTD  ? APIC   06040000  LTP 00000000)
[    0.000000] ACPI: MCFG 0x000000007FEEB881 00003C (v01 PTLTD  $PCITBL$ 06040000  LTP 00000001)
[    0.000000] ACPI: SRAT 0x000000007FEEA757 0008A8 (v02 VMWARE MEMPLUG  06040000 VMW  00000001)
[    0.000000] ACPI: HPET 0x000000007FEEA71F 000038 (v01 VMWARE VMW HPET 06040000 VMW  00000001)
[    0.000000] ACPI: WAET 0x000000007FEEA6F7 000028 (v01 VMWARE VMW WAET 06040000 VMW  00000001)
[    0.000000] ACPI: Local APIC address 0xfee00000
[    0.000000] system APIC only can use physical flat
[    0.000000] Setting APIC routing to physical flat.
[    0.000000] SRAT: PXM 0 -> APIC 0x00 -> Node 0
[    0.000000] SRAT: PXM 0 -> APIC 0x02 -> Node 0
[    0.000000] SRAT: PXM 0 -> APIC 0x04 -> Node 0
[    0.000000] SRAT: PXM 0 -> APIC 0x06 -> Node 0
[    0.000000] SRAT: PXM 0 -> APIC 0x08 -> Node 0
[    0.000000] SRAT: PXM 0 -> APIC 0x0a -> Node 0
[    0.000000] SRAT: PXM 0 -> APIC 0x0c -> Node 0
[    0.000000] SRAT: PXM 0 -> APIC 0x0e -> Node 0
[    0.000000] SRAT: PXM 0 -> APIC 0x10 -> Node 0
[    0.000000] SRAT: PXM 0 -> APIC 0x12 -> Node 0
[    0.000000] SRAT: PXM 0 -> APIC 0x14 -> Node 0
[    0.000000] SRAT: PXM 0 -> APIC 0x16 -> Node 0
[    0.000000] SRAT: PXM 0 -> APIC 0x18 -> Node 0
[    0.000000] SRAT: PXM 0 -> APIC 0x1a -> Node 0
[    0.000000] SRAT: PXM 0 -> APIC 0x1c -> Node 0
[    0.000000] SRAT: PXM 0 -> APIC 0x1e -> Node 0
[    0.000000] SRAT: PXM 0 -> APIC 0x20 -> Node 0
[    0.000000] SRAT: PXM 0 -> APIC 0x22 -> Node 0
[    0.000000] SRAT: PXM 0 -> APIC 0x24 -> Node 0
[    0.000000] SRAT: PXM 0 -> APIC 0x26 -> Node 0
[    0.000000] SRAT: PXM 0 -> APIC 0x28 -> Node 0
[    0.000000] SRAT: PXM 0 -> APIC 0x2a -> Node 0
[    0.000000] SRAT: PXM 0 -> APIC 0x2c -> Node 0
[    0.000000] SRAT: PXM 0 -> APIC 0x2e -> Node 0
[    0.000000] SRAT: PXM 0 -> APIC 0x30 -> Node 0
[    0.000000] SRAT: PXM 0 -> APIC 0x32 -> Node 0
[    0.000000] SRAT: PXM 0 -> APIC 0x34 -> Node 0
[    0.000000] SRAT: PXM 0 -> APIC 0x36 -> Node 0
[    0.000000] SRAT: PXM 0 -> APIC 0x38 -> Node 0
[    0.000000] SRAT: PXM 0 -> APIC 0x3a -> Node 0
[    0.000000] SRAT: PXM 0 -> APIC 0x3c -> Node 0
[    0.000000] SRAT: PXM 0 -> APIC 0x3e -> Node 0
[    0.000000] SRAT: PXM 0 -> APIC 0x40 -> Node 0
[    0.000000] SRAT: PXM 0 -> APIC 0x42 -> Node 0
[    0.000000] SRAT: PXM 0 -> APIC 0x44 -> Node 0
[    0.000000] SRAT: PXM 0 -> APIC 0x46 -> Node 0
[    0.000000] SRAT: PXM 0 -> APIC 0x48 -> Node 0
[    0.000000] SRAT: PXM 0 -> APIC 0x4a -> Node 0
[    0.000000] SRAT: PXM 0 -> APIC 0x4c -> Node 0
[    0.000000] SRAT: PXM 0 -> APIC 0x4e -> Node 0
[    0.000000] SRAT: PXM 0 -> APIC 0x50 -> Node 0
[    0.000000] SRAT: PXM 0 -> APIC 0x52 -> Node 0
[    0.000000] SRAT: PXM 0 -> APIC 0x54 -> Node 0
[    0.000000] SRAT: PXM 0 -> APIC 0x56 -> Node 0
[    0.000000] SRAT: PXM 0 -> APIC 0x58 -> Node 0
[    0.000000] SRAT: PXM 0 -> APIC 0x5a -> Node 0
[    0.000000] SRAT: PXM 0 -> APIC 0x5c -> Node 0
[    0.000000] SRAT: PXM 0 -> APIC 0x5e -> Node 0
[    0.000000] SRAT: PXM 0 -> APIC 0x60 -> Node 0
[    0.000000] SRAT: PXM 0 -> APIC 0x62 -> Node 0
[    0.000000] SRAT: PXM 0 -> APIC 0x64 -> Node 0
[    0.000000] SRAT: PXM 0 -> APIC 0x66 -> Node 0
[    0.000000] SRAT: PXM 0 -> APIC 0x68 -> Node 0
[    0.000000] SRAT: PXM 0 -> APIC 0x6a -> Node 0
[    0.000000] SRAT: PXM 0 -> APIC 0x6c -> Node 0
[    0.000000] SRAT: PXM 0 -> APIC 0x6e -> Node 0
[    0.000000] SRAT: PXM 0 -> APIC 0x70 -> Node 0
[    0.000000] SRAT: PXM 0 -> APIC 0x72 -> Node 0
[    0.000000] SRAT: PXM 0 -> APIC 0x74 -> Node 0
[    0.000000] SRAT: PXM 0 -> APIC 0x76 -> Node 0
[    0.000000] SRAT: PXM 0 -> APIC 0x78 -> Node 0
[    0.000000] SRAT: PXM 0 -> APIC 0x7a -> Node 0
[    0.000000] SRAT: PXM 0 -> APIC 0x7c -> Node 0
[    0.000000] SRAT: PXM 0 -> APIC 0x7e -> Node 0
[    0.000000] SRAT: PXM 0 -> APIC 0x80 -> Node 0
[    0.000000] SRAT: PXM 0 -> APIC 0x82 -> Node 0
[    0.000000] SRAT: PXM 0 -> APIC 0x84 -> Node 0
[    0.000000] SRAT: PXM 0 -> APIC 0x86 -> Node 0
[    0.000000] SRAT: PXM 0 -> APIC 0x88 -> Node 0
[    0.000000] SRAT: PXM 0 -> APIC 0x8a -> Node 0
[    0.000000] SRAT: PXM 0 -> APIC 0x8c -> Node 0
[    0.000000] SRAT: PXM 0 -> APIC 0x8e -> Node 0
[    0.000000] SRAT: PXM 0 -> APIC 0x90 -> Node 0
[    0.000000] SRAT: PXM 0 -> APIC 0x92 -> Node 0
[    0.000000] SRAT: PXM 0 -> APIC 0x94 -> Node 0
[    0.000000] SRAT: PXM 0 -> APIC 0x96 -> Node 0
[    0.000000] SRAT: PXM 0 -> APIC 0x98 -> Node 0
[    0.000000] SRAT: PXM 0 -> APIC 0x9a -> Node 0
[    0.000000] SRAT: PXM 0 -> APIC 0x9c -> Node 0
[    0.000000] SRAT: PXM 0 -> APIC 0x9e -> Node 0
[    0.000000] SRAT: PXM 0 -> APIC 0xa0 -> Node 0
[    0.000000] SRAT: PXM 0 -> APIC 0xa2 -> Node 0
[    0.000000] SRAT: PXM 0 -> APIC 0xa4 -> Node 0
[    0.000000] SRAT: PXM 0 -> APIC 0xa6 -> Node 0
[    0.000000] SRAT: PXM 0 -> APIC 0xa8 -> Node 0
[    0.000000] SRAT: PXM 0 -> APIC 0xaa -> Node 0
[    0.000000] SRAT: PXM 0 -> APIC 0xac -> Node 0
[    0.000000] SRAT: PXM 0 -> APIC 0xae -> Node 0
[    0.000000] SRAT: PXM 0 -> APIC 0xb0 -> Node 0
[    0.000000] SRAT: PXM 0 -> APIC 0xb2 -> Node 0
[    0.000000] SRAT: PXM 0 -> APIC 0xb4 -> Node 0
[    0.000000] SRAT: PXM 0 -> APIC 0xb6 -> Node 0
[    0.000000] SRAT: PXM 0 -> APIC 0xb8 -> Node 0
[    0.000000] SRAT: PXM 0 -> APIC 0xba -> Node 0
[    0.000000] SRAT: PXM 0 -> APIC 0xbc -> Node 0
[    0.000000] SRAT: PXM 0 -> APIC 0xbe -> Node 0
[    0.000000] SRAT: PXM 0 -> APIC 0xc0 -> Node 0
[    0.000000] SRAT: PXM 0 -> APIC 0xc2 -> Node 0
[    0.000000] SRAT: PXM 0 -> APIC 0xc4 -> Node 0
[    0.000000] SRAT: PXM 0 -> APIC 0xc6 -> Node 0
[    0.000000] SRAT: PXM 0 -> APIC 0xc8 -> Node 0
[    0.000000] SRAT: PXM 0 -> APIC 0xca -> Node 0
[    0.000000] SRAT: PXM 0 -> APIC 0xcc -> Node 0
[    0.000000] SRAT: PXM 0 -> APIC 0xce -> Node 0
[    0.000000] SRAT: PXM 0 -> APIC 0xd0 -> Node 0
[    0.000000] SRAT: PXM 0 -> APIC 0xd2 -> Node 0
[    0.000000] SRAT: PXM 0 -> APIC 0xd4 -> Node 0
[    0.000000] SRAT: PXM 0 -> APIC 0xd6 -> Node 0
[    0.000000] SRAT: PXM 0 -> APIC 0xd8 -> Node 0
[    0.000000] SRAT: PXM 0 -> APIC 0xda -> Node 0
[    0.000000] SRAT: PXM 0 -> APIC 0xdc -> Node 0
[    0.000000] SRAT: PXM 0 -> APIC 0xde -> Node 0
[    0.000000] SRAT: PXM 0 -> APIC 0xe0 -> Node 0
[    0.000000] SRAT: PXM 0 -> APIC 0xe2 -> Node 0
[    0.000000] SRAT: PXM 0 -> APIC 0xe4 -> Node 0
[    0.000000] SRAT: PXM 0 -> APIC 0xe6 -> Node 0
[    0.000000] SRAT: PXM 0 -> APIC 0xe8 -> Node 0
[    0.000000] SRAT: PXM 0 -> APIC 0xea -> Node 0
[    0.000000] SRAT: PXM 0 -> APIC 0xec -> Node 0
[    0.000000] SRAT: PXM 0 -> APIC 0xee -> Node 0
[    0.000000] SRAT: PXM 0 -> APIC 0xf0 -> Node 0
[    0.000000] SRAT: PXM 0 -> APIC 0xf2 -> Node 0
[    0.000000] SRAT: PXM 0 -> APIC 0xf4 -> Node 0
[    0.000000] SRAT: PXM 0 -> APIC 0xf6 -> Node 0
[    0.000000] SRAT: PXM 0 -> APIC 0xf8 -> Node 0
[    0.000000] SRAT: PXM 0 -> APIC 0xfa -> Node 0
[    0.000000] SRAT: PXM 0 -> APIC 0xfc -> Node 0
[    0.000000] SRAT: PXM 0 -> APIC 0xfe -> Node 0
[    0.000000] ACPI: SRAT: Node 0 PXM 0 [mem 0x00000000-0x0009ffff]
[    0.000000] ACPI: SRAT: Node 0 PXM 0 [mem 0x00100000-0x7fffffff]
[    0.000000] ACPI: SRAT: Node 0 PXM 0 [mem 0x80000000-0xbfffffff] hotplug
[    0.000000] NUMA: Node 0 [mem 0x00000000-0x0009ffff] + [mem 0x00100000-0x7fffffff] -> [mem 0x00000000-0x7fffffff]
[    0.000000] NODE_DATA(0) allocated [mem 0x7ffd5000-0x7fffffff]
[    0.000000] kexec_core: crashkernel: memory value expected
[    0.000000] Zone ranges:
[    0.000000]   DMA      [mem 0x0000000000001000-0x0000000000ffffff]
[    0.000000]   DMA32    [mem 0x0000000001000000-0x000000007fffffff]
[    0.000000]   Normal   empty
[    0.000000]   Device   empty
[    0.000000] Movable zone start for each node
[    0.000000] Early memory node ranges
[    0.000000]   node   0: [mem 0x0000000000001000-0x000000000009dfff]
[    0.000000]   node   0: [mem 0x0000000000100000-0x000000007fedffff]
[    0.000000]   node   0: [mem 0x000000007ff00000-0x000000007fffffff]
[    0.000000] Initmem setup node 0 [mem 0x0000000000001000-0x000000007fffffff]
[    0.000000] On node 0 totalpages: 524157
[    0.000000]   DMA zone: 64 pages used for memmap
[    0.000000]   DMA zone: 21 pages reserved
[    0.000000]   DMA zone: 3997 pages, LIFO batch:0
[    0.000000]   DMA32 zone: 8128 pages used for memmap
[    0.000000]   DMA32 zone: 520160 pages, LIFO batch:31
[    0.000000] ACPI: PM-Timer IO Port: 0x1008
[    0.000000] ACPI: Local APIC address 0xfee00000
[    0.000000] system APIC only can use physical flat
[    0.000000] ACPI: LAPIC_NMI (acpi_id[0x00] high edge lint[0x1])
[    0.000000] ACPI: LAPIC_NMI (acpi_id[0x01] high edge lint[0x1])
[    0.000000] ACPI: LAPIC_NMI (acpi_id[0x02] high edge lint[0x1])
[    0.000000] ACPI: LAPIC_NMI (acpi_id[0x03] high edge lint[0x1])
[    0.000000] ACPI: LAPIC_NMI (acpi_id[0x04] high edge lint[0x1])
[    0.000000] ACPI: LAPIC_NMI (acpi_id[0x05] high edge lint[0x1])
[    0.000000] ACPI: LAPIC_NMI (acpi_id[0x06] high edge lint[0x1])
[    0.000000] ACPI: LAPIC_NMI (acpi_id[0x07] high edge lint[0x1])
[    0.000000] ACPI: LAPIC_NMI (acpi_id[0x08] high edge lint[0x1])
[    0.000000] ACPI: LAPIC_NMI (acpi_id[0x09] high edge lint[0x1])
[    0.000000] ACPI: LAPIC_NMI (acpi_id[0x0a] high edge lint[0x1])
[    0.000000] ACPI: LAPIC_NMI (acpi_id[0x0b] high edge lint[0x1])
[    0.000000] ACPI: LAPIC_NMI (acpi_id[0x0c] high edge lint[0x1])
[    0.000000] ACPI: LAPIC_NMI (acpi_id[0x0d] high edge lint[0x1])
[    0.000000] ACPI: LAPIC_NMI (acpi_id[0x0e] high edge lint[0x1])
[    0.000000] ACPI: LAPIC_NMI (acpi_id[0x0f] high edge lint[0x1])
[    0.000000] ACPI: LAPIC_NMI (acpi_id[0x10] high edge lint[0x1])
[    0.000000] ACPI: LAPIC_NMI (acpi_id[0x11] high edge lint[0x1])
[    0.000000] ACPI: LAPIC_NMI (acpi_id[0x12] high edge lint[0x1])
[    0.000000] ACPI: LAPIC_NMI (acpi_id[0x13] high edge lint[0x1])
[    0.000000] ACPI: LAPIC_NMI (acpi_id[0x14] high edge lint[0x1])
[    0.000000] ACPI: LAPIC_NMI (acpi_id[0x15] high edge lint[0x1])
[    0.000000] ACPI: LAPIC_NMI (acpi_id[0x16] high edge lint[0x1])
[    0.000000] ACPI: LAPIC_NMI (acpi_id[0x17] high edge lint[0x1])
[    0.000000] ACPI: LAPIC_NMI (acpi_id[0x18] high edge lint[0x1])
[    0.000000] ACPI: LAPIC_NMI (acpi_id[0x19] high edge lint[0x1])
[    0.000000] ACPI: LAPIC_NMI (acpi_id[0x1a] high edge lint[0x1])
[    0.000000] ACPI: LAPIC_NMI (acpi_id[0x1b] high edge lint[0x1])
[    0.000000] ACPI: LAPIC_NMI (acpi_id[0x1c] high edge lint[0x1])
[    0.000000] ACPI: LAPIC_NMI (acpi_id[0x1d] high edge lint[0x1])
[    0.000000] ACPI: LAPIC_NMI (acpi_id[0x1e] high edge lint[0x1])
[    0.000000] ACPI: LAPIC_NMI (acpi_id[0x1f] high edge lint[0x1])
[    0.000000] ACPI: LAPIC_NMI (acpi_id[0x20] high edge lint[0x1])
[    0.000000] ACPI: LAPIC_NMI (acpi_id[0x21] high edge lint[0x1])
[    0.000000] ACPI: LAPIC_NMI (acpi_id[0x22] high edge lint[0x1])
[    0.000000] ACPI: LAPIC_NMI (acpi_id[0x23] high edge lint[0x1])
[    0.000000] ACPI: LAPIC_NMI (acpi_id[0x24] high edge lint[0x1])
[    0.000000] ACPI: LAPIC_NMI (acpi_id[0x25] high edge lint[0x1])
[    0.000000] ACPI: LAPIC_NMI (acpi_id[0x26] high edge lint[0x1])
[    0.000000] ACPI: LAPIC_NMI (acpi_id[0x27] high edge lint[0x1])
[    0.000000] ACPI: LAPIC_NMI (acpi_id[0x28] high edge lint[0x1])
[    0.000000] ACPI: LAPIC_NMI (acpi_id[0x29] high edge lint[0x1])
[    0.000000] ACPI: LAPIC_NMI (acpi_id[0x2a] high edge lint[0x1])
[    0.000000] ACPI: LAPIC_NMI (acpi_id[0x2b] high edge lint[0x1])
[    0.000000] ACPI: LAPIC_NMI (acpi_id[0x2c] high edge lint[0x1])
[    0.000000] ACPI: LAPIC_NMI (acpi_id[0x2d] high edge lint[0x1])
[    0.000000] ACPI: LAPIC_NMI (acpi_id[0x2e] high edge lint[0x1])
[    0.000000] ACPI: LAPIC_NMI (acpi_id[0x2f] high edge lint[0x1])
[    0.000000] ACPI: LAPIC_NMI (acpi_id[0x30] high edge lint[0x1])
[    0.000000] ACPI: LAPIC_NMI (acpi_id[0x31] high edge lint[0x1])
[    0.000000] ACPI: LAPIC_NMI (acpi_id[0x32] high edge lint[0x1])
[    0.000000] ACPI: LAPIC_NMI (acpi_id[0x33] high edge lint[0x1])
[    0.000000] ACPI: LAPIC_NMI (acpi_id[0x34] high edge lint[0x1])
[    0.000000] ACPI: LAPIC_NMI (acpi_id[0x35] high edge lint[0x1])
[    0.000000] ACPI: LAPIC_NMI (acpi_id[0x36] high edge lint[0x1])
[    0.000000] ACPI: LAPIC_NMI (acpi_id[0x37] high edge lint[0x1])
[    0.000000] ACPI: LAPIC_NMI (acpi_id[0x38] high edge lint[0x1])
[    0.000000] ACPI: LAPIC_NMI (acpi_id[0x39] high edge lint[0x1])
[    0.000000] ACPI: LAPIC_NMI (acpi_id[0x3a] high edge lint[0x1])
[    0.000000] ACPI: LAPIC_NMI (acpi_id[0x3b] high edge lint[0x1])
[    0.000000] ACPI: LAPIC_NMI (acpi_id[0x3c] high edge lint[0x1])
[    0.000000] ACPI: LAPIC_NMI (acpi_id[0x3d] high edge lint[0x1])
[    0.000000] ACPI: LAPIC_NMI (acpi_id[0x3e] high edge lint[0x1])
[    0.000000] ACPI: LAPIC_NMI (acpi_id[0x3f] high edge lint[0x1])
[    0.000000] ACPI: LAPIC_NMI (acpi_id[0x40] high edge lint[0x1])
[    0.000000] ACPI: LAPIC_NMI (acpi_id[0x41] high edge lint[0x1])
[    0.000000] ACPI: LAPIC_NMI (acpi_id[0x42] high edge lint[0x1])
[    0.000000] ACPI: LAPIC_NMI (acpi_id[0x43] high edge lint[0x1])
[    0.000000] ACPI: LAPIC_NMI (acpi_id[0x44] high edge lint[0x1])
[    0.000000] ACPI: LAPIC_NMI (acpi_id[0x45] high edge lint[0x1])
[    0.000000] ACPI: LAPIC_NMI (acpi_id[0x46] high edge lint[0x1])
[    0.000000] ACPI: LAPIC_NMI (acpi_id[0x47] high edge lint[0x1])
[    0.000000] ACPI: LAPIC_NMI (acpi_id[0x48] high edge lint[0x1])
[    0.000000] ACPI: LAPIC_NMI (acpi_id[0x49] high edge lint[0x1])
[    0.000000] ACPI: LAPIC_NMI (acpi_id[0x4a] high edge lint[0x1])
[    0.000000] ACPI: LAPIC_NMI (acpi_id[0x4b] high edge lint[0x1])
[    0.000000] ACPI: LAPIC_NMI (acpi_id[0x4c] high edge lint[0x1])
[    0.000000] ACPI: LAPIC_NMI (acpi_id[0x4d] high edge lint[0x1])
[    0.000000] ACPI: LAPIC_NMI (acpi_id[0x4e] high edge lint[0x1])
[    0.000000] ACPI: LAPIC_NMI (acpi_id[0x4f] high edge lint[0x1])
[    0.000000] ACPI: LAPIC_NMI (acpi_id[0x50] high edge lint[0x1])
[    0.000000] ACPI: LAPIC_NMI (acpi_id[0x51] high edge lint[0x1])
[    0.000000] ACPI: LAPIC_NMI (acpi_id[0x52] high edge lint[0x1])
[    0.000000] ACPI: LAPIC_NMI (acpi_id[0x53] high edge lint[0x1])
[    0.000000] ACPI: LAPIC_NMI (acpi_id[0x54] high edge lint[0x1])
[    0.000000] ACPI: LAPIC_NMI (acpi_id[0x55] high edge lint[0x1])
[    0.000000] ACPI: LAPIC_NMI (acpi_id[0x56] high edge lint[0x1])
[    0.000000] ACPI: LAPIC_NMI (acpi_id[0x57] high edge lint[0x1])
[    0.000000] ACPI: LAPIC_NMI (acpi_id[0x58] high edge lint[0x1])
[    0.000000] ACPI: LAPIC_NMI (acpi_id[0x59] high edge lint[0x1])
[    0.000000] ACPI: LAPIC_NMI (acpi_id[0x5a] high edge lint[0x1])
[    0.000000] ACPI: LAPIC_NMI (acpi_id[0x5b] high edge lint[0x1])
[    0.000000] ACPI: LAPIC_NMI (acpi_id[0x5c] high edge lint[0x1])
[    0.000000] ACPI: LAPIC_NMI (acpi_id[0x5d] high edge lint[0x1])
[    0.000000] ACPI: LAPIC_NMI (acpi_id[0x5e] high edge lint[0x1])
[    0.000000] ACPI: LAPIC_NMI (acpi_id[0x5f] high edge lint[0x1])
[    0.000000] ACPI: LAPIC_NMI (acpi_id[0x60] high edge lint[0x1])
[    0.000000] ACPI: LAPIC_NMI (acpi_id[0x61] high edge lint[0x1])
[    0.000000] ACPI: LAPIC_NMI (acpi_id[0x62] high edge lint[0x1])
[    0.000000] ACPI: LAPIC_NMI (acpi_id[0x63] high edge lint[0x1])
[    0.000000] ACPI: LAPIC_NMI (acpi_id[0x64] high edge lint[0x1])
[    0.000000] ACPI: LAPIC_NMI (acpi_id[0x65] high edge lint[0x1])
[    0.000000] ACPI: LAPIC_NMI (acpi_id[0x66] high edge lint[0x1])
[    0.000000] ACPI: LAPIC_NMI (acpi_id[0x67] high edge lint[0x1])
[    0.000000] ACPI: LAPIC_NMI (acpi_id[0x68] high edge lint[0x1])
[    0.000000] ACPI: LAPIC_NMI (acpi_id[0x69] high edge lint[0x1])
[    0.000000] ACPI: LAPIC_NMI (acpi_id[0x6a] high edge lint[0x1])
[    0.000000] ACPI: LAPIC_NMI (acpi_id[0x6b] high edge lint[0x1])
[    0.000000] ACPI: LAPIC_NMI (acpi_id[0x6c] high edge lint[0x1])
[    0.000000] ACPI: LAPIC_NMI (acpi_id[0x6d] high edge lint[0x1])
[    0.000000] ACPI: LAPIC_NMI (acpi_id[0x6e] high edge lint[0x1])
[    0.000000] ACPI: LAPIC_NMI (acpi_id[0x6f] high edge lint[0x1])
[    0.000000] ACPI: LAPIC_NMI (acpi_id[0x70] high edge lint[0x1])
[    0.000000] ACPI: LAPIC_NMI (acpi_id[0x71] high edge lint[0x1])
[    0.000000] ACPI: LAPIC_NMI (acpi_id[0x72] high edge lint[0x1])
[    0.000000] ACPI: LAPIC_NMI (acpi_id[0x73] high edge lint[0x1])
[    0.000000] ACPI: LAPIC_NMI (acpi_id[0x74] high edge lint[0x1])
[    0.000000] ACPI: LAPIC_NMI (acpi_id[0x75] high edge lint[0x1])
[    0.000000] ACPI: LAPIC_NMI (acpi_id[0x76] high edge lint[0x1])
[    0.000000] ACPI: LAPIC_NMI (acpi_id[0x77] high edge lint[0x1])
[    0.000000] ACPI: LAPIC_NMI (acpi_id[0x78] high edge lint[0x1])
[    0.000000] ACPI: LAPIC_NMI (acpi_id[0x79] high edge lint[0x1])
[    0.000000] ACPI: LAPIC_NMI (acpi_id[0x7a] high edge lint[0x1])
[    0.000000] ACPI: LAPIC_NMI (acpi_id[0x7b] high edge lint[0x1])
[    0.000000] ACPI: LAPIC_NMI (acpi_id[0x7c] high edge lint[0x1])
[    0.000000] ACPI: LAPIC_NMI (acpi_id[0x7d] high edge lint[0x1])
[    0.000000] ACPI: LAPIC_NMI (acpi_id[0x7e] high edge lint[0x1])
[    0.000000] ACPI: LAPIC_NMI (acpi_id[0x7f] high edge lint[0x1])
[    0.000000] IOAPIC[0]: apic_id 1, version 17, address 0xfec00000, GSI 0-23
[    0.000000] ACPI: INT_SRC_OVR (bus 0 bus_irq 0 global_irq 2 high edge)
[    0.000000] ACPI: IRQ0 used by override.
[    0.000000] ACPI: IRQ9 used by override.
[    0.000000] Using ACPI (MADT) for SMP configuration information
[    0.000000] ACPI: HPET id: 0x8086af01 base: 0xfed00000
[    0.000000] smpboot: Allowing 128 CPUs, 127 hotplug CPUs
[    0.000000] PM: Registered nosave memory: [mem 0x00000000-0x00000fff]
[    0.000000] PM: Registered nosave memory: [mem 0x0009e000-0x0009efff]
[    0.000000] PM: Registered nosave memory: [mem 0x0009f000-0x0009ffff]
[    0.000000] PM: Registered nosave memory: [mem 0x000a0000-0x000dbfff]
[    0.000000] PM: Registered nosave memory: [mem 0x000dc000-0x000fffff]
[    0.000000] PM: Registered nosave memory: [mem 0x7fee0000-0x7fefefff]
[    0.000000] PM: Registered nosave memory: [mem 0x7feff000-0x7fefffff]
[    0.000000] e820: [mem 0x80000000-0xefffffff] available for PCI devices
[    0.000000] Booting paravirtualized kernel on VMware hypervisor
[    0.000000] clocksource: refined-jiffies: mask: 0xffffffff max_cycles: 0xffffffff, max_idle_ns: 1910969940391419 ns
[    0.000000] setup_percpu: NR_CPUS:512 nr_cpumask_bits:512 nr_cpu_ids:128 nr_node_ids:1
[    0.000000] percpu: Embedded 35 pages/cpu @ffff88007b600000 s104280 r8192 d30888 u262144
[    0.000000] pcpu-alloc: s104280 r8192 d30888 u262144 alloc=1*2097152
[    0.000000] pcpu-alloc: [0] 000 001 002 003 004 005 006 007 
[    0.000000] pcpu-alloc: [0] 008 009 010 011 012 013 014 015 
[    0.000000] pcpu-alloc: [0] 016 017 018 019 020 021 022 023 
[    0.000000] pcpu-alloc: [0] 024 025 026 027 028 029 030 031 
[    0.000000] pcpu-alloc: [0] 032 033 034 035 036 037 038 039 
[    0.000000] pcpu-alloc: [0] 040 041 042 043 044 045 046 047 
[    0.000000] pcpu-alloc: [0] 048 049 050 051 052 053 054 055 
[    0.000000] pcpu-alloc: [0] 056 057 058 059 060 061 062 063 
[    0.000000] pcpu-alloc: [0] 064 065 066 067 068 069 070 071 
[    0.000000] pcpu-alloc: [0] 072 073 074 075 076 077 078 079 
[    0.000000] pcpu-alloc: [0] 080 081 082 083 084 085 086 087 
[    0.000000] pcpu-alloc: [0] 088 089 090 091 092 093 094 095 
[    0.000000] pcpu-alloc: [0] 096 097 098 099 100 101 102 103 
[    0.000000] pcpu-alloc: [0] 104 105 106 107 108 109 110 111 
[    0.000000] pcpu-alloc: [0] 112 113 114 115 116 117 118 119 
[    0.000000] pcpu-alloc: [0] 120 121 122 123 124 125 126 127 
[    0.000000] Built 1 zonelists in Node order, mobility grouping on.  Total pages: 515944
[    0.000000] Policy zone: DMA32
[    0.000000] Kernel command line: BOOT_IMAGE=/vmlinuz-4.10.11 root=/dev/mapper/cl-root ro crashkernel=auto rd.lvm.lv=cl/root rd.lvm.lv=cl/swap rhgb quiet LANG=en_US.UTF-8
[    0.000000] PID hash table entries: 4096 (order: 3, 32768 bytes)
[    0.000000] Memory: 2010920K/2096628K available (6660K kernel code, 957K rwdata, 2048K rodata, 1608K init, 2048K bss, 85708K reserved, 0K cma-reserved)
[    0.000000] SLUB: HWalign=64, Order=0-3, MinObjects=0, CPUs=128, Nodes=1
[    0.000000] Hierarchical RCU implementation.
[    0.000000] 	Build-time adjustment of leaf fanout to 64.
[    0.000000] 	RCU restricting CPUs from NR_CPUS=512 to nr_cpu_ids=128.
[    0.000000] RCU: Adjusting geometry for rcu_fanout_leaf=64, nr_cpu_ids=128
[    0.000000] NR_IRQS:33024 nr_irqs:1448 16
[    0.000000] Console: colour VGA+ 80x25
[    0.000000] console [tty0] enabled
[    0.000000] clocksource: hpet: mask: 0xffffffff max_cycles: 0xffffffff, max_idle_ns: 133484882848 ns
[    0.000000] hpet clockevent registered
[    0.000000] tsc: Detected 2601.000 MHz processor
[    0.058682] Calibrating delay loop (skipped) preset value.. 5202.00 BogoMIPS (lpj=2601000)
[    0.058684] pid_max: default: 131072 minimum: 1024
[    0.058723] ACPI: Core revision 20160930
[    0.069106] ACPI: 1 ACPI AML tables successfully acquired and loaded
[    0.069167] Security Framework initialized
[    0.069168] SELinux:  Initializing.
[    0.069173] SELinux:  Starting in permissive mode
[    0.069287] Dentry cache hash table entries: 262144 (order: 9, 2097152 bytes)
[    0.069952] Inode-cache hash table entries: 131072 (order: 8, 1048576 bytes)
[    0.070207] Mount-cache hash table entries: 4096 (order: 3, 32768 bytes)
[    0.070209] Mountpoint-cache hash table entries: 4096 (order: 3, 32768 bytes)
[    0.070496] Disabled fast string operations
[    0.070500] CPU: Physical Processor ID: 0
[    0.070508] ENERGY_PERF_BIAS: Set to 'normal', was 'performance'
[    0.070508] ENERGY_PERF_BIAS: View and update with x86_energy_perf_policy(8)
[    0.070525] mce: CPU supports 0 MCE banks
[    0.070537] Last level iTLB entries: 4KB 512, 2MB 8, 4MB 8
[    0.070537] Last level dTLB entries: 4KB 512, 2MB 32, 4MB 32, 1GB 0
[    0.083871] smpboot: Max logical packages: 128
[    0.084118] x2apic enabled
[    0.084198] Switched APIC routing to physical x2apic.
[    0.084528] ..TIMER: vector=0x30 apic1=0 pin1=2 apic2=-1 pin2=-1
[    0.084541] TSC deadline timer enabled
[    0.084549] smpboot: CPU0: Intel(R) Core(TM) i5-3230M CPU @ 2.60GHz (family: 0x6, model: 0x3a, stepping: 0x9)
[    0.084615] Performance Events: IvyBridge events, core PMU driver.
[    0.084630] core: CPUID marked event: 'cpu cycles' unavailable
[    0.084630] core: CPUID marked event: 'instructions' unavailable
[    0.084630] core: CPUID marked event: 'bus cycles' unavailable
[    0.084631] core: CPUID marked event: 'cache references' unavailable
[    0.084631] core: CPUID marked event: 'cache misses' unavailable
[    0.084631] core: CPUID marked event: 'branch instructions' unavailable
[    0.084632] core: CPUID marked event: 'branch misses' unavailable
[    0.084634] ... version:                1
[    0.084634] ... bit width:              48
[    0.084635] ... generic registers:      4
[    0.084635] ... value mask:             0000ffffffffffff
[    0.084635] ... max period:             000000007fffffff
[    0.084636] ... fixed-purpose events:   0
[    0.084636] ... event mask:             000000000000000f
[    0.086735] smp: Bringing up secondary CPUs ...
[    0.086736] smp: Brought up 1 node, 1 CPU
[    0.086739] smpboot: Total of 1 processors activated (5202.00 BogoMIPS)
[    0.087163] devtmpfs: initialized
[    0.087230] x86/mm: Memory block size: 128MB
[    0.090183] evm: security.selinux
[    0.090184] evm: security.ima
[    0.090185] evm: security.capability
[    0.090308] PM: Registering ACPI NVS region [mem 0x7feff000-0x7fefffff] (4096 bytes)
[    0.090417] clocksource: jiffies: mask: 0xffffffff max_cycles: 0xffffffff, max_idle_ns: 1911260446275000 ns
[    0.090560] futex hash table entries: 32768 (order: 9, 2097152 bytes)
[    0.091686] atomic64_test: passed for x86-64 platform with CX8 and with SSE
[    0.091687] pinctrl core: initialized pinctrl subsystem
[    0.091900] NET: Registered protocol family 16
[    0.092138] cpuidle: using governor menu
[    0.092140] PCCT header not found.
[    0.092238] Simple Boot Flag at 0x36 set to 0x80
[    0.092275] ACPI: bus type PCI registered
[    0.092277] acpiphp: ACPI Hot Plug PCI Controller Driver version: 0.5
[    0.092574] PCI: MMCONFIG for domain 0000 [bus 00-7f] at [mem 0xf0000000-0xf7ffffff] (base 0xf0000000)
[    0.092578] PCI: MMCONFIG at [mem 0xf0000000-0xf7ffffff] reserved in E820
[    0.092587] PCI: Using configuration type 1 for base access
[    0.092652] core: PMU erratum BJ122, BV98, HSD29 workaround disabled, HT off
[    0.094185] HugeTLB registered 2 MB page size, pre-allocated 0 pages
[    0.094666] ACPI: Added _OSI(Module Device)
[    0.094667] ACPI: Added _OSI(Processor Device)
[    0.094668] ACPI: Added _OSI(3.0 _SCP Extensions)
[    0.094669] ACPI: Added _OSI(Processor Aggregator Device)
[    0.098502] ACPI: [Firmware Bug]: BIOS _OSI(Linux) query ignored
[    0.118410] ACPI: Interpreter enabled
[    0.118423] ACPI: (supports S0 S1 S4 S5)
[    0.118424] ACPI: Using IOAPIC for interrupt routing
[    0.118447] PCI: Using host bridge windows from ACPI; if necessary, use "pci=nocrs" and report a bug
[    0.192655] ACPI: PCI Root Bridge [PCI0] (domain 0000 [bus 00-7f])
[    0.192661] acpi PNP0A03:00: _OSC: OS supports [ExtendedConfig ASPM ClockPM Segments MSI]
[    0.192825] acpi PNP0A03:00: _OSC: platform does not support [AER]
[    0.192971] acpi PNP0A03:00: _OSC: OS now controls [PCIeHotplug PME PCIeCapability]
[    0.195916] PCI host bridge to bus 0000:00
[    0.195921] pci_bus 0000:00: root bus resource [mem 0x000a0000-0x000bffff window]
[    0.195922] pci_bus 0000:00: root bus resource [mem 0x000cc000-0x000cffff window]
[    0.195924] pci_bus 0000:00: root bus resource [mem 0x000d0000-0x000d3fff window]
[    0.195925] pci_bus 0000:00: root bus resource [mem 0x000d4000-0x000d7fff window]
[    0.195926] pci_bus 0000:00: root bus resource [mem 0x000d8000-0x000dbfff window]
[    0.195928] pci_bus 0000:00: root bus resource [mem 0xc0000000-0xfebfffff window]
[    0.195929] pci_bus 0000:00: root bus resource [io  0x0000-0x0cf7 window]
[    0.195931] pci_bus 0000:00: root bus resource [io  0x0d00-0xfeff window]
[    0.195943] pci_bus 0000:00: root bus resource [bus 00-7f]
[    0.196036] pci 0000:00:00.0: [8086:7190] type 00 class 0x060000
[    0.196849] pci 0000:00:01.0: [8086:7191] type 01 class 0x060400
[    0.197515] pci 0000:00:07.0: [8086:7110] type 00 class 0x060100
[    0.198401] pci 0000:00:07.1: [8086:7111] type 00 class 0x01018a
[    0.200078] pci 0000:00:07.1: reg 0x20: [io  0x1060-0x106f]
[    0.200712] pci 0000:00:07.1: legacy IDE quirk: reg 0x10: [io  0x01f0-0x01f7]
[    0.200713] pci 0000:00:07.1: legacy IDE quirk: reg 0x14: [io  0x03f6]
[    0.200714] pci 0000:00:07.1: legacy IDE quirk: reg 0x18: [io  0x0170-0x0177]
[    0.200715] pci 0000:00:07.1: legacy IDE quirk: reg 0x1c: [io  0x0376]
[    0.201086] pci 0000:00:07.3: [8086:7113] type 00 class 0x068000
[    0.203471] pci 0000:00:07.3: quirk: [io  0x1000-0x103f] claimed by PIIX4 ACPI
[    0.203499] pci 0000:00:07.3: quirk: [io  0x1040-0x104f] claimed by PIIX4 SMB
[    0.204063] pci 0000:00:07.7: [15ad:0740] type 00 class 0x088000
[    0.204863] pci 0000:00:07.7: reg 0x10: [io  0x1080-0x10bf]
[    0.207090] pci 0000:00:07.7: reg 0x14: [mem 0xfebfe000-0xfebfffff 64bit]
[    0.210379] pci 0000:00:0f.0: [15ad:0405] type 00 class 0x030000
[    0.212037] pci 0000:00:0f.0: reg 0x10: [io  0x1070-0x107f]
[    0.213283] pci 0000:00:0f.0: reg 0x14: [mem 0xe8000000-0xefffffff pref]
[    0.214522] pci 0000:00:0f.0: reg 0x18: [mem 0xfe000000-0xfe7fffff]
[    0.222847] pci 0000:00:0f.0: reg 0x30: [mem 0x00000000-0x00007fff pref]
[    0.223498] pci 0000:00:10.0: [1000:0030] type 00 class 0x010000
[    0.224686] pci 0000:00:10.0: reg 0x10: [io  0x1400-0x14ff]
[    0.225748] pci 0000:00:10.0: reg 0x14: [mem 0xfeba0000-0xfebbffff 64bit]
[    0.226851] pci 0000:00:10.0: reg 0x1c: [mem 0xfebc0000-0xfebdffff 64bit]
[    0.229078] pci 0000:00:10.0: reg 0x30: [mem 0x00000000-0x00003fff pref]
[    0.229689] pci 0000:00:11.0: [15ad:0790] type 01 class 0x060401
[    0.230470] pci 0000:00:11.0: System wakeup disabled by ACPI
[    0.230697] pci 0000:00:15.0: [15ad:07a0] type 01 class 0x060400
[    0.231629] pci 0000:00:15.0: PME# supported from D0 D3hot D3cold
[    0.231920] pci 0000:00:15.0: System wakeup disabled by ACPI
[    0.232099] pci 0000:00:15.1: [15ad:07a0] type 01 class 0x060400
[    0.233017] pci 0000:00:15.1: PME# supported from D0 D3hot D3cold
[    0.233270] pci 0000:00:15.1: System wakeup disabled by ACPI
[    0.233446] pci 0000:00:15.2: [15ad:07a0] type 01 class 0x060400
[    0.234299] pci 0000:00:15.2: PME# supported from D0 D3hot D3cold
[    0.234570] pci 0000:00:15.2: System wakeup disabled by ACPI
[    0.234767] pci 0000:00:15.3: [15ad:07a0] type 01 class 0x060400
[    0.236641] pci 0000:00:15.3: PME# supported from D0 D3hot D3cold
[    0.237047] pci 0000:00:15.3: System wakeup disabled by ACPI
[    0.237247] pci 0000:00:15.4: [15ad:07a0] type 01 class 0x060400
[    0.238098] pci 0000:00:15.4: PME# supported from D0 D3hot D3cold
[    0.238365] pci 0000:00:15.4: System wakeup disabled by ACPI
[    0.238567] pci 0000:00:15.5: [15ad:07a0] type 01 class 0x060400
[    0.239502] pci 0000:00:15.5: PME# supported from D0 D3hot D3cold
[    0.239720] pci 0000:00:15.5: System wakeup disabled by ACPI
[    0.239870] pci 0000:00:15.6: [15ad:07a0] type 01 class 0x060400
[    0.240740] pci 0000:00:15.6: PME# supported from D0 D3hot D3cold
[    0.240993] pci 0000:00:15.6: System wakeup disabled by ACPI
[    0.241168] pci 0000:00:15.7: [15ad:07a0] type 01 class 0x060400
[    0.242019] pci 0000:00:15.7: PME# supported from D0 D3hot D3cold
[    0.242283] pci 0000:00:15.7: System wakeup disabled by ACPI
[    0.242463] pci 0000:00:16.0: [15ad:07a0] type 01 class 0x060400
[    0.243322] pci 0000:00:16.0: PME# supported from D0 D3hot D3cold
[    0.243578] pci 0000:00:16.0: System wakeup disabled by ACPI
[    0.243744] pci 0000:00:16.1: [15ad:07a0] type 01 class 0x060400
[    0.244605] pci 0000:00:16.1: PME# supported from D0 D3hot D3cold
[    0.244866] pci 0000:00:16.1: System wakeup disabled by ACPI
[    0.245025] pci 0000:00:16.2: [15ad:07a0] type 01 class 0x060400
[    0.245865] pci 0000:00:16.2: PME# supported from D0 D3hot D3cold
[    0.246113] pci 0000:00:16.2: System wakeup disabled by ACPI
[    0.246290] pci 0000:00:16.3: [15ad:07a0] type 01 class 0x060400
[    0.247145] pci 0000:00:16.3: PME# supported from D0 D3hot D3cold
[    0.247415] pci 0000:00:16.3: System wakeup disabled by ACPI
[    0.247590] pci 0000:00:16.4: [15ad:07a0] type 01 class 0x060400
[    0.248257] pci 0000:00:16.4: PME# supported from D0 D3hot D3cold
[    0.248429] pci 0000:00:16.4: System wakeup disabled by ACPI
[    0.248548] pci 0000:00:16.5: [15ad:07a0] type 01 class 0x060400
[    0.249215] pci 0000:00:16.5: PME# supported from D0 D3hot D3cold
[    0.249478] pci 0000:00:16.5: System wakeup disabled by ACPI
[    0.249631] pci 0000:00:16.6: [15ad:07a0] type 01 class 0x060400
[    0.250441] pci 0000:00:16.6: PME# supported from D0 D3hot D3cold
[    0.250671] pci 0000:00:16.6: System wakeup disabled by ACPI
[    0.250824] pci 0000:00:16.7: [15ad:07a0] type 01 class 0x060400
[    0.251970] pci 0000:00:16.7: PME# supported from D0 D3hot D3cold
[    0.252307] pci 0000:00:16.7: System wakeup disabled by ACPI
[    0.252459] pci 0000:00:17.0: [15ad:07a0] type 01 class 0x060400
[    0.253091] pci 0000:00:17.0: PME# supported from D0 D3hot D3cold
[    0.253253] pci 0000:00:17.0: System wakeup disabled by ACPI
[    0.253385] pci 0000:00:17.1: [15ad:07a0] type 01 class 0x060400
[    0.254010] pci 0000:00:17.1: PME# supported from D0 D3hot D3cold
[    0.254175] pci 0000:00:17.1: System wakeup disabled by ACPI
[    0.254288] pci 0000:00:17.2: [15ad:07a0] type 01 class 0x060400
[    0.254937] pci 0000:00:17.2: PME# supported from D0 D3hot D3cold
[    0.255097] pci 0000:00:17.2: System wakeup disabled by ACPI
[    0.255214] pci 0000:00:17.3: [15ad:07a0] type 01 class 0x060400
[    0.255862] pci 0000:00:17.3: PME# supported from D0 D3hot D3cold
[    0.256024] pci 0000:00:17.3: System wakeup disabled by ACPI
[    0.256147] pci 0000:00:17.4: [15ad:07a0] type 01 class 0x060400
[    0.256791] pci 0000:00:17.4: PME# supported from D0 D3hot D3cold
[    0.256965] pci 0000:00:17.4: System wakeup disabled by ACPI
[    0.257082] pci 0000:00:17.5: [15ad:07a0] type 01 class 0x060400
[    0.257724] pci 0000:00:17.5: PME# supported from D0 D3hot D3cold
[    0.257893] pci 0000:00:17.5: System wakeup disabled by ACPI
[    0.258010] pci 0000:00:17.6: [15ad:07a0] type 01 class 0x060400
[    0.258650] pci 0000:00:17.6: PME# supported from D0 D3hot D3cold
[    0.258823] pci 0000:00:17.6: System wakeup disabled by ACPI
[    0.258936] pci 0000:00:17.7: [15ad:07a0] type 01 class 0x060400
[    0.259762] pci 0000:00:17.7: PME# supported from D0 D3hot D3cold
[    0.259945] pci 0000:00:17.7: System wakeup disabled by ACPI
[    0.260065] pci 0000:00:18.0: [15ad:07a0] type 01 class 0x060400
[    0.260703] pci 0000:00:18.0: PME# supported from D0 D3hot D3cold
[    0.260872] pci 0000:00:18.0: System wakeup disabled by ACPI
[    0.260983] pci 0000:00:18.1: [15ad:07a0] type 01 class 0x060400
[    0.261640] pci 0000:00:18.1: PME# supported from D0 D3hot D3cold
[    0.261812] pci 0000:00:18.1: System wakeup disabled by ACPI
[    0.261933] pci 0000:00:18.2: [15ad:07a0] type 01 class 0x060400
[    0.262573] pci 0000:00:18.2: PME# supported from D0 D3hot D3cold
[    0.262734] pci 0000:00:18.2: System wakeup disabled by ACPI
[    0.262858] pci 0000:00:18.3: [15ad:07a0] type 01 class 0x060400
[    0.263498] pci 0000:00:18.3: PME# supported from D0 D3hot D3cold
[    0.263659] pci 0000:00:18.3: System wakeup disabled by ACPI
[    0.263780] pci 0000:00:18.4: [15ad:07a0] type 01 class 0x060400
[    0.264411] pci 0000:00:18.4: PME# supported from D0 D3hot D3cold
[    0.264579] pci 0000:00:18.4: System wakeup disabled by ACPI
[    0.264696] pci 0000:00:18.5: [15ad:07a0] type 01 class 0x060400
[    0.265409] pci 0000:00:18.5: PME# supported from D0 D3hot D3cold
[    0.265966] pci 0000:00:18.5: System wakeup disabled by ACPI
[    0.266144] pci 0000:00:18.6: [15ad:07a0] type 01 class 0x060400
[    0.267266] pci 0000:00:18.6: PME# supported from D0 D3hot D3cold
[    0.267462] pci 0000:00:18.6: System wakeup disabled by ACPI
[    0.267615] pci 0000:00:18.7: [15ad:07a0] type 01 class 0x060400
[    0.268309] pci 0000:00:18.7: PME# supported from D0 D3hot D3cold
[    0.268475] pci 0000:00:18.7: System wakeup disabled by ACPI
[    0.268953] pci 0000:00:01.0: PCI bridge to [bus 01]
[    0.269529] acpiphp: Slot [32] registered
[    0.269561] acpiphp: Slot [33] registered
[    0.269601] acpiphp: Slot [34] registered
[    0.269630] acpiphp: Slot [35] registered
[    0.269658] acpiphp: Slot [36] registered
[    0.269691] acpiphp: Slot [37] registered
[    0.269718] acpiphp: Slot [38] registered
[    0.269745] acpiphp: Slot [39] registered
[    0.269772] acpiphp: Slot [40] registered
[    0.269809] acpiphp: Slot [41] registered
[    0.269835] acpiphp: Slot [42] registered
[    0.269862] acpiphp: Slot [43] registered
[    0.269889] acpiphp: Slot [44] registered
[    0.269915] acpiphp: Slot [45] registered
[    0.269947] acpiphp: Slot [46] registered
[    0.269974] acpiphp: Slot [47] registered
[    0.270001] acpiphp: Slot [48] registered
[    0.270027] acpiphp: Slot [49] registered
[    0.270054] acpiphp: Slot [50] registered
[    0.270087] acpiphp: Slot [51] registered
[    0.270114] acpiphp: Slot [52] registered
[    0.270140] acpiphp: Slot [53] registered
[    0.270166] acpiphp: Slot [54] registered
[    0.270193] acpiphp: Slot [55] registered
[    0.270219] acpiphp: Slot [56] registered
[    0.270246] acpiphp: Slot [57] registered
[    0.270273] acpiphp: Slot [58] registered
[    0.270308] acpiphp: Slot [59] registered
[    0.270335] acpiphp: Slot [60] registered
[    0.270361] acpiphp: Slot [61] registered
[    0.270387] acpiphp: Slot [62] registered
[    0.270414] acpiphp: Slot [63] registered
[    0.270505] pci 0000:02:00.0: [15ad:0774] type 00 class 0x0c0300
[    0.272166] pci 0000:02:00.0: reg 0x20: [io  0x2080-0x209f]
[    0.273250] pci 0000:02:00.0: System wakeup disabled by ACPI
[    0.273402] pci 0000:02:01.0: [8086:100f] type 00 class 0x020000
[    0.274559] pci 0000:02:01.0: reg 0x10: [mem 0xfd5c0000-0xfd5dffff 64bit]
[    0.275595] pci 0000:02:01.0: reg 0x18: [mem 0xfdff0000-0xfdffffff 64bit]
[    0.276608] pci 0000:02:01.0: reg 0x20: [io  0x2000-0x203f]
[    0.278580] pci 0000:02:01.0: reg 0x30: [mem 0x00000000-0x0000ffff pref]
[    0.279128] pci 0000:02:01.0: System wakeup disabled by ACPI
[    0.279238] pci 0000:02:02.0: [1274:1371] type 00 class 0x040100
[    0.279551] pci 0000:02:02.0: reg 0x10: [io  0x2040-0x207f]
[    0.281355] pci 0000:02:02.0: System wakeup disabled by ACPI
[    0.281449] pci 0000:02:03.0: [15ad:0770] type 00 class 0x0c0320
[    0.283418] pci 0000:02:03.0: reg 0x10: [mem 0xfd5ef000-0xfd5effff]
[    0.286957] pci 0000:02:03.0: System wakeup disabled by ACPI
[    0.287300] pci 0000:00:11.0: PCI bridge to [bus 02] (subtractive decode)
[    0.287321] pci 0000:00:11.0:   bridge window [io  0x2000-0x3fff]
[    0.287340] pci 0000:00:11.0:   bridge window [mem 0xfd500000-0xfdffffff]
[    0.287377] pci 0000:00:11.0:   bridge window [mem 0xe7b00000-0xe7ffffff 64bit pref]
[    0.287379] pci 0000:00:11.0:   bridge window [mem 0x000a0000-0x000bffff window] (subtractive decode)
[    0.287380] pci 0000:00:11.0:   bridge window [mem 0x000cc000-0x000cffff window] (subtractive decode)
[    0.287381] pci 0000:00:11.0:   bridge window [mem 0x000d0000-0x000d3fff window] (subtractive decode)
[    0.287381] pci 0000:00:11.0:   bridge window [mem 0x000d4000-0x000d7fff window] (subtractive decode)
[    0.287382] pci 0000:00:11.0:   bridge window [mem 0x000d8000-0x000dbfff window] (subtractive decode)
[    0.287383] pci 0000:00:11.0:   bridge window [mem 0xc0000000-0xfebfffff window] (subtractive decode)
[    0.287384] pci 0000:00:11.0:   bridge window [io  0x0000-0x0cf7 window] (subtractive decode)
[    0.287385] pci 0000:00:11.0:   bridge window [io  0x0d00-0xfeff window] (subtractive decode)
[    0.287724] pci 0000:00:15.0: PCI bridge to [bus 03]
[    0.287744] pci 0000:00:15.0:   bridge window [io  0x4000-0x4fff]
[    0.287771] pci 0000:00:15.0:   bridge window [mem 0xfd400000-0xfd4fffff]
[    0.287808] pci 0000:00:15.0:   bridge window [mem 0xe7a00000-0xe7afffff 64bit pref]
[    0.288119] pci 0000:00:15.1: PCI bridge to [bus 04]
[    0.288138] pci 0000:00:15.1:   bridge window [io  0x8000-0x8fff]
[    0.288158] pci 0000:00:15.1:   bridge window [mem 0xfd000000-0xfd0fffff]
[    0.288194] pci 0000:00:15.1:   bridge window [mem 0xe7600000-0xe76fffff 64bit pref]
[    0.288629] pci 0000:00:15.2: PCI bridge to [bus 05]
[    0.288655] pci 0000:00:15.2:   bridge window [io  0xc000-0xcfff]
[    0.288681] pci 0000:00:15.2:   bridge window [mem 0xfcc00000-0xfccfffff]
[    0.288744] pci 0000:00:15.2:   bridge window [mem 0xe7200000-0xe72fffff 64bit pref]
[    0.289161] pci 0000:00:15.3: PCI bridge to [bus 06]
[    0.289198] pci 0000:00:15.3:   bridge window [mem 0xfc800000-0xfc8fffff]
[    0.289235] pci 0000:00:15.3:   bridge window [mem 0xe6e00000-0xe6efffff 64bit pref]
[    0.289548] pci 0000:00:15.4: PCI bridge to [bus 07]
[    0.289585] pci 0000:00:15.4:   bridge window [mem 0xfc400000-0xfc4fffff]
[    0.289622] pci 0000:00:15.4:   bridge window [mem 0xe6a00000-0xe6afffff 64bit pref]
[    0.289950] pci 0000:00:15.5: PCI bridge to [bus 08]
[    0.289987] pci 0000:00:15.5:   bridge window [mem 0xfc000000-0xfc0fffff]
[    0.290023] pci 0000:00:15.5:   bridge window [mem 0xe6600000-0xe66fffff 64bit pref]
[    0.290343] pci 0000:00:15.6: PCI bridge to [bus 09]
[    0.290379] pci 0000:00:15.6:   bridge window [mem 0xfbc00000-0xfbcfffff]
[    0.290416] pci 0000:00:15.6:   bridge window [mem 0xe6200000-0xe62fffff 64bit pref]
[    0.290712] pci 0000:00:15.7: PCI bridge to [bus 0a]
[    0.290758] pci 0000:00:15.7:   bridge window [mem 0xfb800000-0xfb8fffff]
[    0.290796] pci 0000:00:15.7:   bridge window [mem 0xe5e00000-0xe5efffff 64bit pref]
[    0.291094] pci 0000:00:16.0: PCI bridge to [bus 0b]
[    0.291114] pci 0000:00:16.0:   bridge window [io  0x5000-0x5fff]
[    0.291133] pci 0000:00:16.0:   bridge window [mem 0xfd300000-0xfd3fffff]
[    0.291169] pci 0000:00:16.0:   bridge window [mem 0xe7900000-0xe79fffff 64bit pref]
[    0.291489] pci 0000:00:16.1: PCI bridge to [bus 0c]
[    0.291508] pci 0000:00:16.1:   bridge window [io  0x9000-0x9fff]
[    0.291527] pci 0000:00:16.1:   bridge window [mem 0xfcf00000-0xfcffffff]
[    0.291564] pci 0000:00:16.1:   bridge window [mem 0xe7500000-0xe75fffff 64bit pref]
[    0.291876] pci 0000:00:16.2: PCI bridge to [bus 0d]
[    0.291895] pci 0000:00:16.2:   bridge window [io  0xd000-0xdfff]
[    0.291914] pci 0000:00:16.2:   bridge window [mem 0xfcb00000-0xfcbfffff]
[    0.291951] pci 0000:00:16.2:   bridge window [mem 0xe7100000-0xe71fffff 64bit pref]
[    0.292248] pci 0000:00:16.3: PCI bridge to [bus 0e]
[    0.292285] pci 0000:00:16.3:   bridge window [mem 0xfc700000-0xfc7fffff]
[    0.292322] pci 0000:00:16.3:   bridge window [mem 0xe6d00000-0xe6dfffff 64bit pref]
[    0.292622] pci 0000:00:16.4: PCI bridge to [bus 0f]
[    0.292659] pci 0000:00:16.4:   bridge window [mem 0xfc300000-0xfc3fffff]
[    0.292695] pci 0000:00:16.4:   bridge window [mem 0xe6900000-0xe69fffff 64bit pref]
[    0.293038] pci 0000:00:16.5: PCI bridge to [bus 10]
[    0.293075] pci 0000:00:16.5:   bridge window [mem 0xfbf00000-0xfbffffff]
[    0.293112] pci 0000:00:16.5:   bridge window [mem 0xe6500000-0xe65fffff 64bit pref]
[    0.293419] pci 0000:00:16.6: PCI bridge to [bus 11]
[    0.293456] pci 0000:00:16.6:   bridge window [mem 0xfbb00000-0xfbbfffff]
[    0.293492] pci 0000:00:16.6:   bridge window [mem 0xe6100000-0xe61fffff 64bit pref]
[    0.293809] pci 0000:00:16.7: PCI bridge to [bus 12]
[    0.293846] pci 0000:00:16.7:   bridge window [mem 0xfb700000-0xfb7fffff]
[    0.293883] pci 0000:00:16.7:   bridge window [mem 0xe5d00000-0xe5dfffff 64bit pref]
[    0.294190] pci 0000:00:17.0: PCI bridge to [bus 13]
[    0.294209] pci 0000:00:17.0:   bridge window [io  0x6000-0x6fff]
[    0.294229] pci 0000:00:17.0:   bridge window [mem 0xfd200000-0xfd2fffff]
[    0.294274] pci 0000:00:17.0:   bridge window [mem 0xe7800000-0xe78fffff 64bit pref]
[    0.294573] pci 0000:00:17.1: PCI bridge to [bus 14]
[    0.294592] pci 0000:00:17.1:   bridge window [io  0xa000-0xafff]
[    0.294612] pci 0000:00:17.1:   bridge window [mem 0xfce00000-0xfcefffff]
[    0.294649] pci 0000:00:17.1:   bridge window [mem 0xe7400000-0xe74fffff 64bit pref]
[    0.294966] pci 0000:00:17.2: PCI bridge to [bus 15]
[    0.294985] pci 0000:00:17.2:   bridge window [io  0xe000-0xefff]
[    0.295004] pci 0000:00:17.2:   bridge window [mem 0xfca00000-0xfcafffff]
[    0.295041] pci 0000:00:17.2:   bridge window [mem 0xe7000000-0xe70fffff 64bit pref]
[    0.295465] pci 0000:00:17.3: PCI bridge to [bus 16]
[    0.295501] pci 0000:00:17.3:   bridge window [mem 0xfc600000-0xfc6fffff]
[    0.295538] pci 0000:00:17.3:   bridge window [mem 0xe6c00000-0xe6cfffff 64bit pref]
[    0.295854] pci 0000:00:17.4: PCI bridge to [bus 17]
[    0.295927] pci 0000:00:17.4:   bridge window [mem 0xfc200000-0xfc2fffff]
[    0.295971] pci 0000:00:17.4:   bridge window [mem 0xe6800000-0xe68fffff 64bit pref]
[    0.296363] pci 0000:00:17.5: PCI bridge to [bus 18]
[    0.296409] pci 0000:00:17.5:   bridge window [mem 0xfbe00000-0xfbefffff]
[    0.296455] pci 0000:00:17.5:   bridge window [mem 0xe6400000-0xe64fffff 64bit pref]
[    0.296864] pci 0000:00:17.6: PCI bridge to [bus 19]
[    0.296914] pci 0000:00:17.6:   bridge window [mem 0xfba00000-0xfbafffff]
[    0.296961] pci 0000:00:17.6:   bridge window [mem 0xe6000000-0xe60fffff 64bit pref]
[    0.297364] pci 0000:00:17.7: PCI bridge to [bus 1a]
[    0.297414] pci 0000:00:17.7:   bridge window [mem 0xfb600000-0xfb6fffff]
[    0.297463] pci 0000:00:17.7:   bridge window [mem 0xe5c00000-0xe5cfffff 64bit pref]
[    0.298288] pci 0000:00:18.0: PCI bridge to [bus 1b]
[    0.298322] pci 0000:00:18.0:   bridge window [io  0x7000-0x7fff]
[    0.298351] pci 0000:00:18.0:   bridge window [mem 0xfd100000-0xfd1fffff]
[    0.298408] pci 0000:00:18.0:   bridge window [mem 0xe7700000-0xe77fffff 64bit pref]
[    0.298857] pci 0000:00:18.1: PCI bridge to [bus 1c]
[    0.298890] pci 0000:00:18.1:   bridge window [io  0xb000-0xbfff]
[    0.298917] pci 0000:00:18.1:   bridge window [mem 0xfcd00000-0xfcdfffff]
[    0.298983] pci 0000:00:18.1:   bridge window [mem 0xe7300000-0xe73fffff 64bit pref]
[    0.299569] pci 0000:00:18.2: PCI bridge to [bus 1d]
[    0.299606] pci 0000:00:18.2:   bridge window [mem 0xfc900000-0xfc9fffff]
[    0.299644] pci 0000:00:18.2:   bridge window [mem 0xe6f00000-0xe6ffffff 64bit pref]
[    0.299993] pci 0000:00:18.3: PCI bridge to [bus 1e]
[    0.300029] pci 0000:00:18.3:   bridge window [mem 0xfc500000-0xfc5fffff]
[    0.300066] pci 0000:00:18.3:   bridge window [mem 0xe6b00000-0xe6bfffff 64bit pref]
[    0.300379] pci 0000:00:18.4: PCI bridge to [bus 1f]
[    0.300415] pci 0000:00:18.4:   bridge window [mem 0xfc100000-0xfc1fffff]
[    0.300452] pci 0000:00:18.4:   bridge window [mem 0xe6700000-0xe67fffff 64bit pref]
[    0.300789] pci 0000:00:18.5: PCI bridge to [bus 20]
[    0.300838] pci 0000:00:18.5:   bridge window [mem 0xfbd00000-0xfbdfffff]
[    0.300887] pci 0000:00:18.5:   bridge window [mem 0xe6300000-0xe63fffff 64bit pref]
[    0.301326] pci 0000:00:18.6: PCI bridge to [bus 21]
[    0.301374] pci 0000:00:18.6:   bridge window [mem 0xfb900000-0xfb9fffff]
[    0.301423] pci 0000:00:18.6:   bridge window [mem 0xe5f00000-0xe5ffffff 64bit pref]
[    0.301838] pci 0000:00:18.7: PCI bridge to [bus 22]
[    0.301886] pci 0000:00:18.7:   bridge window [mem 0xfb500000-0xfb5fffff]
[    0.301934] pci 0000:00:18.7:   bridge window [mem 0xe5b00000-0xe5bfffff 64bit pref]
[    0.305393] ACPI: PCI Interrupt Link [LNKA] (IRQs 3 4 5 6 7 *9 10 11 14 15)
[    0.305497] ACPI: PCI Interrupt Link [LNKB] (IRQs 3 4 5 6 7 9 10 *11 14 15)
[    0.305598] ACPI: PCI Interrupt Link [LNKC] (IRQs 3 4 5 6 7 9 *10 11 14 15)
[    0.305696] ACPI: PCI Interrupt Link [LNKD] (IRQs 3 4 5 6 *7 9 10 11 14 15)
[    0.320626] ACPI: Enabled 2 GPEs in block 00 to 0F
[    0.340727] pci 0000:00:0f.0: vgaarb: setting as boot VGA device
[    0.340729] pci 0000:00:0f.0: vgaarb: VGA device added: decodes=io+mem,owns=io+mem,locks=none
[    0.340737] pci 0000:00:0f.0: vgaarb: bridge control possible
[    0.340738] vgaarb: loaded
[    0.340805] SCSI subsystem initialized
[    0.340822] ACPI: bus type USB registered
[    0.340842] usbcore: registered new interface driver usbfs
[    0.340848] usbcore: registered new interface driver hub
[    0.340896] usbcore: registered new device driver usb
[    0.341029] PCI: Using ACPI for IRQ routing
[    0.368347] PCI: pci_cache_line_size set to 64 bytes
[    0.369247] e820: reserve RAM buffer [mem 0x0009ec00-0x0009ffff]
[    0.369249] e820: reserve RAM buffer [mem 0x7fee0000-0x7fffffff]
[    0.369410] NetLabel: Initializing
[    0.369411] NetLabel:  domain hash size = 128
[    0.369411] NetLabel:  protocols = UNLABELED CIPSOv4 CALIPSO
[    0.369429] NetLabel:  unlabeled traffic allowed by default
[    0.369718] hpet0: at MMIO 0xfed00000, IRQs 2, 8, 0, 0, 0, 0, 0, 0, 0, 0, 0, 0, 0, 0, 0, 0
[    0.369723] hpet0: 16 comparators, 64-bit 14.318180 MHz counter
[    0.371875] clocksource: Switched to clocksource hpet
[    0.371973] VFS: Disk quotas dquot_6.6.0
[    0.372017] VFS: Dquot-cache hash table entries: 512 (order 0, 4096 bytes)
[    0.372165] pnp: PnP ACPI init
[    0.372351] system 00:00: [io  0x1000-0x103f] has been reserved
[    0.372352] system 00:00: [io  0x1040-0x104f] has been reserved
[    0.372354] system 00:00: [io  0x0cf0-0x0cf1] has been reserved
[    0.372358] system 00:00: Plug and Play ACPI device, IDs PNP0c02 (active)
[    0.372379] pnp 00:01: Plug and Play ACPI device, IDs PNP0b00 (active)
[    0.372394] pnp 00:02: Plug and Play ACPI device, IDs PNP0303 (active)
[    0.372415] pnp 00:03: Plug and Play ACPI device, IDs VMW0003 PNP0f13 (active)
[    0.372600] system 00:04: [mem 0xfed00000-0xfed003ff] has been reserved
[    0.372602] system 00:04: Plug and Play ACPI device, IDs PNP0103 PNP0c01 (active)
[    0.373853] pnp 00:05: Plug and Play ACPI device, IDs PNP0501 (active)
[    0.374236] system 00:06: [io  0xfce0-0xfcff] has been reserved
[    0.374238] system 00:06: [mem 0xf0000000-0xf7ffffff] has been reserved
[    0.374240] system 00:06: [mem 0xfe800000-0xfe9fffff] has been reserved
[    0.374242] system 00:06: Plug and Play ACPI device, IDs PNP0c02 (active)
[    0.379552] pnp: PnP ACPI: found 7 devices
[    0.385302] clocksource: acpi_pm: mask: 0xffffff max_cycles: 0xffffff, max_idle_ns: 2085701024 ns
[    0.385612] pci 0000:00:15.3: bridge window [io  0x1000-0x0fff] to [bus 06] add_size 1000
[    0.385667] pci 0000:00:15.4: bridge window [io  0x1000-0x0fff] to [bus 07] add_size 1000
[    0.385723] pci 0000:00:15.5: bridge window [io  0x1000-0x0fff] to [bus 08] add_size 1000
[    0.385777] pci 0000:00:15.6: bridge window [io  0x1000-0x0fff] to [bus 09] add_size 1000
[    0.385832] pci 0000:00:15.7: bridge window [io  0x1000-0x0fff] to [bus 0a] add_size 1000
[    0.386063] pci 0000:00:16.3: bridge window [io  0x1000-0x0fff] to [bus 0e] add_size 1000
[    0.386118] pci 0000:00:16.4: bridge window [io  0x1000-0x0fff] to [bus 0f] add_size 1000
[    0.386173] pci 0000:00:16.5: bridge window [io  0x1000-0x0fff] to [bus 10] add_size 1000
[    0.386227] pci 0000:00:16.6: bridge window [io  0x1000-0x0fff] to [bus 11] add_size 1000
[    0.386282] pci 0000:00:16.7: bridge window [io  0x1000-0x0fff] to [bus 12] add_size 1000
[    0.386494] pci 0000:00:17.3: bridge window [io  0x1000-0x0fff] to [bus 16] add_size 1000
[    0.386549] pci 0000:00:17.4: bridge window [io  0x1000-0x0fff] to [bus 17] add_size 1000
[    0.386616] pci 0000:00:17.5: bridge window [io  0x1000-0x0fff] to [bus 18] add_size 1000
[    0.386671] pci 0000:00:17.6: bridge window [io  0x1000-0x0fff] to [bus 19] add_size 1000
[    0.386725] pci 0000:00:17.7: bridge window [io  0x1000-0x0fff] to [bus 1a] add_size 1000
[    0.386897] pci 0000:00:18.2: bridge window [io  0x1000-0x0fff] to [bus 1d] add_size 1000
[    0.386952] pci 0000:00:18.3: bridge window [io  0x1000-0x0fff] to [bus 1e] add_size 1000
[    0.387007] pci 0000:00:18.4: bridge window [io  0x1000-0x0fff] to [bus 1f] add_size 1000
[    0.387072] pci 0000:00:18.5: bridge window [io  0x1000-0x0fff] to [bus 20] add_size 1000
[    0.387127] pci 0000:00:18.6: bridge window [io  0x1000-0x0fff] to [bus 21] add_size 1000
[    0.387182] pci 0000:00:18.7: bridge window [io  0x1000-0x0fff] to [bus 22] add_size 1000
[    0.387197] pci 0000:00:15.3: res[13]=[io  0x1000-0x0fff] res_to_dev_res add_size 1000 min_align 1000
[    0.387198] pci 0000:00:15.3: res[13]=[io  0x1000-0x1fff] res_to_dev_res add_size 1000 min_align 1000
[    0.387199] pci 0000:00:15.4: res[13]=[io  0x1000-0x0fff] res_to_dev_res add_size 1000 min_align 1000
[    0.387200] pci 0000:00:15.4: res[13]=[io  0x1000-0x1fff] res_to_dev_res add_size 1000 min_align 1000
[    0.387200] pci 0000:00:15.5: res[13]=[io  0x1000-0x0fff] res_to_dev_res add_size 1000 min_align 1000
[    0.387201] pci 0000:00:15.5: res[13]=[io  0x1000-0x1fff] res_to_dev_res add_size 1000 min_align 1000
[    0.387202] pci 0000:00:15.6: res[13]=[io  0x1000-0x0fff] res_to_dev_res add_size 1000 min_align 1000
[    0.387203] pci 0000:00:15.6: res[13]=[io  0x1000-0x1fff] res_to_dev_res add_size 1000 min_align 1000
[    0.387204] pci 0000:00:15.7: res[13]=[io  0x1000-0x0fff] res_to_dev_res add_size 1000 min_align 1000
[    0.387205] pci 0000:00:15.7: res[13]=[io  0x1000-0x1fff] res_to_dev_res add_size 1000 min_align 1000
[    0.387206] pci 0000:00:16.3: res[13]=[io  0x1000-0x0fff] res_to_dev_res add_size 1000 min_align 1000
[    0.387207] pci 0000:00:16.3: res[13]=[io  0x1000-0x1fff] res_to_dev_res add_size 1000 min_align 1000
[    0.387207] pci 0000:00:16.4: res[13]=[io  0x1000-0x0fff] res_to_dev_res add_size 1000 min_align 1000
[    0.387208] pci 0000:00:16.4: res[13]=[io  0x1000-0x1fff] res_to_dev_res add_size 1000 min_align 1000
[    0.387209] pci 0000:00:16.5: res[13]=[io  0x1000-0x0fff] res_to_dev_res add_size 1000 min_align 1000
[    0.387210] pci 0000:00:16.5: res[13]=[io  0x1000-0x1fff] res_to_dev_res add_size 1000 min_align 1000
[    0.387211] pci 0000:00:16.6: res[13]=[io  0x1000-0x0fff] res_to_dev_res add_size 1000 min_align 1000
[    0.387212] pci 0000:00:16.6: res[13]=[io  0x1000-0x1fff] res_to_dev_res add_size 1000 min_align 1000
[    0.387213] pci 0000:00:16.7: res[13]=[io  0x1000-0x0fff] res_to_dev_res add_size 1000 min_align 1000
[    0.387213] pci 0000:00:16.7: res[13]=[io  0x1000-0x1fff] res_to_dev_res add_size 1000 min_align 1000
[    0.387214] pci 0000:00:17.3: res[13]=[io  0x1000-0x0fff] res_to_dev_res add_size 1000 min_align 1000
[    0.387215] pci 0000:00:17.3: res[13]=[io  0x1000-0x1fff] res_to_dev_res add_size 1000 min_align 1000
[    0.387216] pci 0000:00:17.4: res[13]=[io  0x1000-0x0fff] res_to_dev_res add_size 1000 min_align 1000
[    0.387217] pci 0000:00:17.4: res[13]=[io  0x1000-0x1fff] res_to_dev_res add_size 1000 min_align 1000
[    0.387218] pci 0000:00:17.5: res[13]=[io  0x1000-0x0fff] res_to_dev_res add_size 1000 min_align 1000
[    0.387218] pci 0000:00:17.5: res[13]=[io  0x1000-0x1fff] res_to_dev_res add_size 1000 min_align 1000
[    0.387219] pci 0000:00:17.6: res[13]=[io  0x1000-0x0fff] res_to_dev_res add_size 1000 min_align 1000
[    0.387220] pci 0000:00:17.6: res[13]=[io  0x1000-0x1fff] res_to_dev_res add_size 1000 min_align 1000
[    0.387221] pci 0000:00:17.7: res[13]=[io  0x1000-0x0fff] res_to_dev_res add_size 1000 min_align 1000
[    0.387222] pci 0000:00:17.7: res[13]=[io  0x1000-0x1fff] res_to_dev_res add_size 1000 min_align 1000
[    0.387223] pci 0000:00:18.2: res[13]=[io  0x1000-0x0fff] res_to_dev_res add_size 1000 min_align 1000
[    0.387224] pci 0000:00:18.2: res[13]=[io  0x1000-0x1fff] res_to_dev_res add_size 1000 min_align 1000
[    0.387224] pci 0000:00:18.3: res[13]=[io  0x1000-0x0fff] res_to_dev_res add_size 1000 min_align 1000
[    0.387225] pci 0000:00:18.3: res[13]=[io  0x1000-0x1fff] res_to_dev_res add_size 1000 min_align 1000
[    0.387226] pci 0000:00:18.4: res[13]=[io  0x1000-0x0fff] res_to_dev_res add_size 1000 min_align 1000
[    0.387227] pci 0000:00:18.4: res[13]=[io  0x1000-0x1fff] res_to_dev_res add_size 1000 min_align 1000
[    0.387228] pci 0000:00:18.5: res[13]=[io  0x1000-0x0fff] res_to_dev_res add_size 1000 min_align 1000
[    0.387229] pci 0000:00:18.5: res[13]=[io  0x1000-0x1fff] res_to_dev_res add_size 1000 min_align 1000
[    0.387230] pci 0000:00:18.6: res[13]=[io  0x1000-0x0fff] res_to_dev_res add_size 1000 min_align 1000
[    0.387230] pci 0000:00:18.6: res[13]=[io  0x1000-0x1fff] res_to_dev_res add_size 1000 min_align 1000
[    0.387231] pci 0000:00:18.7: res[13]=[io  0x1000-0x0fff] res_to_dev_res add_size 1000 min_align 1000
[    0.387232] pci 0000:00:18.7: res[13]=[io  0x1000-0x1fff] res_to_dev_res add_size 1000 min_align 1000
[    0.387236] pci 0000:00:0f.0: BAR 6: assigned [mem 0xc0000000-0xc0007fff pref]
[    0.387239] pci 0000:00:10.0: BAR 6: assigned [mem 0xc0008000-0xc000bfff pref]
[    0.387241] pci 0000:00:15.3: BAR 13: no space for [io  size 0x1000]
[    0.387242] pci 0000:00:15.3: BAR 13: failed to assign [io  size 0x1000]
[    0.387244] pci 0000:00:15.4: BAR 13: no space for [io  size 0x1000]
[    0.387245] pci 0000:00:15.4: BAR 13: failed to assign [io  size 0x1000]
[    0.387246] pci 0000:00:15.5: BAR 13: no space for [io  size 0x1000]
[    0.387247] pci 0000:00:15.5: BAR 13: failed to assign [io  size 0x1000]
[    0.387248] pci 0000:00:15.6: BAR 13: no space for [io  size 0x1000]
[    0.387249] pci 0000:00:15.6: BAR 13: failed to assign [io  size 0x1000]
[    0.387250] pci 0000:00:15.7: BAR 13: no space for [io  size 0x1000]
[    0.387251] pci 0000:00:15.7: BAR 13: failed to assign [io  size 0x1000]
[    0.387252] pci 0000:00:16.3: BAR 13: no space for [io  size 0x1000]
[    0.387253] pci 0000:00:16.3: BAR 13: failed to assign [io  size 0x1000]
[    0.387255] pci 0000:00:16.4: BAR 13: no space for [io  size 0x1000]
[    0.387255] pci 0000:00:16.4: BAR 13: failed to assign [io  size 0x1000]
[    0.387259] pci 0000:00:16.5: BAR 13: no space for [io  size 0x1000]
[    0.387260] pci 0000:00:16.5: BAR 13: failed to assign [io  size 0x1000]
[    0.387261] pci 0000:00:16.6: BAR 13: no space for [io  size 0x1000]
[    0.387262] pci 0000:00:16.6: BAR 13: failed to assign [io  size 0x1000]
[    0.387263] pci 0000:00:16.7: BAR 13: no space for [io  size 0x1000]
[    0.387264] pci 0000:00:16.7: BAR 13: failed to assign [io  size 0x1000]
[    0.387265] pci 0000:00:17.3: BAR 13: no space for [io  size 0x1000]
[    0.387266] pci 0000:00:17.3: BAR 13: failed to assign [io  size 0x1000]
[    0.387267] pci 0000:00:17.4: BAR 13: no space for [io  size 0x1000]
[    0.387268] pci 0000:00:17.4: BAR 13: failed to assign [io  size 0x1000]
[    0.387269] pci 0000:00:17.5: BAR 13: no space for [io  size 0x1000]
[    0.387270] pci 0000:00:17.5: BAR 13: failed to assign [io  size 0x1000]
[    0.387271] pci 0000:00:17.6: BAR 13: no space for [io  size 0x1000]
[    0.387272] pci 0000:00:17.6: BAR 13: failed to assign [io  size 0x1000]
[    0.387273] pci 0000:00:17.7: BAR 13: no space for [io  size 0x1000]
[    0.387274] pci 0000:00:17.7: BAR 13: failed to assign [io  size 0x1000]
[    0.387275] pci 0000:00:18.2: BAR 13: no space for [io  size 0x1000]
[    0.387276] pci 0000:00:18.2: BAR 13: failed to assign [io  size 0x1000]
[    0.387277] pci 0000:00:18.3: BAR 13: no space for [io  size 0x1000]
[    0.387278] pci 0000:00:18.3: BAR 13: failed to assign [io  size 0x1000]
[    0.387280] pci 0000:00:18.4: BAR 13: no space for [io  size 0x1000]
[    0.387280] pci 0000:00:18.4: BAR 13: failed to assign [io  size 0x1000]
[    0.387282] pci 0000:00:18.5: BAR 13: no space for [io  size 0x1000]
[    0.387282] pci 0000:00:18.5: BAR 13: failed to assign [io  size 0x1000]
[    0.387284] pci 0000:00:18.6: BAR 13: no space for [io  size 0x1000]
[    0.387284] pci 0000:00:18.6: BAR 13: failed to assign [io  size 0x1000]
[    0.387286] pci 0000:00:18.7: BAR 13: no space for [io  size 0x1000]
[    0.387286] pci 0000:00:18.7: BAR 13: failed to assign [io  size 0x1000]
[    0.387290] pci 0000:00:18.7: BAR 13: no space for [io  size 0x1000]
[    0.387291] pci 0000:00:18.7: BAR 13: failed to assign [io  size 0x1000]
[    0.387292] pci 0000:00:18.6: BAR 13: no space for [io  size 0x1000]
[    0.387293] pci 0000:00:18.6: BAR 13: failed to assign [io  size 0x1000]
[    0.387295] pci 0000:00:18.5: BAR 13: no space for [io  size 0x1000]
[    0.387295] pci 0000:00:18.5: BAR 13: failed to assign [io  size 0x1000]
[    0.387297] pci 0000:00:18.4: BAR 13: no space for [io  size 0x1000]
[    0.387297] pci 0000:00:18.4: BAR 13: failed to assign [io  size 0x1000]
[    0.387299] pci 0000:00:18.3: BAR 13: no space for [io  size 0x1000]
[    0.387300] pci 0000:00:18.3: BAR 13: failed to assign [io  size 0x1000]
[    0.387301] pci 0000:00:18.2: BAR 13: no space for [io  size 0x1000]
[    0.387302] pci 0000:00:18.2: BAR 13: failed to assign [io  size 0x1000]
[    0.387313] pci 0000:00:17.7: BAR 13: no space for [io  size 0x1000]
[    0.387314] pci 0000:00:17.7: BAR 13: failed to assign [io  size 0x1000]
[    0.387316] pci 0000:00:17.6: BAR 13: no space for [io  size 0x1000]
[    0.387317] pci 0000:00:17.6: BAR 13: failed to assign [io  size 0x1000]
[    0.387318] pci 0000:00:17.5: BAR 13: no space for [io  size 0x1000]
[    0.387319] pci 0000:00:17.5: BAR 13: failed to assign [io  size 0x1000]
[    0.387320] pci 0000:00:17.4: BAR 13: no space for [io  size 0x1000]
[    0.387321] pci 0000:00:17.4: BAR 13: failed to assign [io  size 0x1000]
[    0.387322] pci 0000:00:17.3: BAR 13: no space for [io  size 0x1000]
[    0.387323] pci 0000:00:17.3: BAR 13: failed to assign [io  size 0x1000]
[    0.387325] pci 0000:00:16.7: BAR 13: no space for [io  size 0x1000]
[    0.387325] pci 0000:00:16.7: BAR 13: failed to assign [io  size 0x1000]
[    0.387327] pci 0000:00:16.6: BAR 13: no space for [io  size 0x1000]
[    0.387327] pci 0000:00:16.6: BAR 13: failed to assign [io  size 0x1000]
[    0.387329] pci 0000:00:16.5: BAR 13: no space for [io  size 0x1000]
[    0.387330] pci 0000:00:16.5: BAR 13: failed to assign [io  size 0x1000]
[    0.387331] pci 0000:00:16.4: BAR 13: no space for [io  size 0x1000]
[    0.387332] pci 0000:00:16.4: BAR 13: failed to assign [io  size 0x1000]
[    0.387333] pci 0000:00:16.3: BAR 13: no space for [io  size 0x1000]
[    0.387334] pci 0000:00:16.3: BAR 13: failed to assign [io  size 0x1000]
[    0.387335] pci 0000:00:15.7: BAR 13: no space for [io  size 0x1000]
[    0.387336] pci 0000:00:15.7: BAR 13: failed to assign [io  size 0x1000]
[    0.387337] pci 0000:00:15.6: BAR 13: no space for [io  size 0x1000]
[    0.387338] pci 0000:00:15.6: BAR 13: failed to assign [io  size 0x1000]
[    0.387340] pci 0000:00:15.5: BAR 13: no space for [io  size 0x1000]
[    0.387340] pci 0000:00:15.5: BAR 13: failed to assign [io  size 0x1000]
[    0.387342] pci 0000:00:15.4: BAR 13: no space for [io  size 0x1000]
[    0.387342] pci 0000:00:15.4: BAR 13: failed to assign [io  size 0x1000]
[    0.387344] pci 0000:00:15.3: BAR 13: no space for [io  size 0x1000]
[    0.387345] pci 0000:00:15.3: BAR 13: failed to assign [io  size 0x1000]
[    0.387347] pci 0000:00:01.0: PCI bridge to [bus 01]
[    0.387433] pci 0000:02:01.0: BAR 6: assigned [mem 0xfd500000-0xfd50ffff pref]
[    0.387434] pci 0000:00:11.0: PCI bridge to [bus 02]
[    0.387446] pci 0000:00:11.0:   bridge window [io  0x2000-0x3fff]
[    0.387474] pci 0000:00:11.0:   bridge window [mem 0xfd500000-0xfdffffff]
[    0.387493] pci 0000:00:11.0:   bridge window [mem 0xe7b00000-0xe7ffffff 64bit pref]
[    0.387530] pci 0000:00:15.0: PCI bridge to [bus 03]
[    0.387541] pci 0000:00:15.0:   bridge window [io  0x4000-0x4fff]
[    0.387590] pci 0000:00:15.0:   bridge window [mem 0xfd400000-0xfd4fffff]
[    0.387609] pci 0000:00:15.0:   bridge window [mem 0xe7a00000-0xe7afffff 64bit pref]
[    0.387700] pci 0000:00:15.1: PCI bridge to [bus 04]
[    0.387712] pci 0000:00:15.1:   bridge window [io  0x8000-0x8fff]
[    0.387741] pci 0000:00:15.1:   bridge window [mem 0xfd000000-0xfd0fffff]
[    0.387760] pci 0000:00:15.1:   bridge window [mem 0xe7600000-0xe76fffff 64bit pref]
[    0.387815] pci 0000:00:15.2: PCI bridge to [bus 05]
[    0.387827] pci 0000:00:15.2:   bridge window [io  0xc000-0xcfff]
[    0.387855] pci 0000:00:15.2:   bridge window [mem 0xfcc00000-0xfccfffff]
[    0.387897] pci 0000:00:15.2:   bridge window [mem 0xe7200000-0xe72fffff 64bit pref]
[    0.387953] pci 0000:00:15.3: PCI bridge to [bus 06]
[    0.387983] pci 0000:00:15.3:   bridge window [mem 0xfc800000-0xfc8fffff]
[    0.388002] pci 0000:00:15.3:   bridge window [mem 0xe6e00000-0xe6efffff 64bit pref]
[    0.388225] pci 0000:00:15.4: PCI bridge to [bus 07]
[    0.388255] pci 0000:00:15.4:   bridge window [mem 0xfc400000-0xfc4fffff]
[    0.388274] pci 0000:00:15.4:   bridge window [mem 0xe6a00000-0xe6afffff 64bit pref]
[    0.388326] pci 0000:00:15.5: PCI bridge to [bus 08]
[    0.388355] pci 0000:00:15.5:   bridge window [mem 0xfc000000-0xfc0fffff]
[    0.388374] pci 0000:00:15.5:   bridge window [mem 0xe6600000-0xe66fffff 64bit pref]
[    0.388425] pci 0000:00:15.6: PCI bridge to [bus 09]
[    0.388455] pci 0000:00:15.6:   bridge window [mem 0xfbc00000-0xfbcfffff]
[    0.388474] pci 0000:00:15.6:   bridge window [mem 0xe6200000-0xe62fffff 64bit pref]
[    0.388526] pci 0000:00:15.7: PCI bridge to [bus 0a]
[    0.388564] pci 0000:00:15.7:   bridge window [mem 0xfb800000-0xfb8fffff]
[    0.388590] pci 0000:00:15.7:   bridge window [mem 0xe5e00000-0xe5efffff 64bit pref]
[    0.388682] pci 0000:00:16.0: PCI bridge to [bus 0b]
[    0.388695] pci 0000:00:16.0:   bridge window [io  0x5000-0x5fff]
[    0.388724] pci 0000:00:16.0:   bridge window [mem 0xfd300000-0xfd3fffff]
[    0.388743] pci 0000:00:16.0:   bridge window [mem 0xe7900000-0xe79fffff 64bit pref]
[    0.388794] pci 0000:00:16.1: PCI bridge to [bus 0c]
[    0.388806] pci 0000:00:16.1:   bridge window [io  0x9000-0x9fff]
[    0.388856] pci 0000:00:16.1:   bridge window [mem 0xfcf00000-0xfcffffff]
[    0.388917] pci 0000:00:16.1:   bridge window [mem 0xe7500000-0xe75fffff 64bit pref]
[    0.389002] pci 0000:00:16.2: PCI bridge to [bus 0d]
[    0.389016] pci 0000:00:16.2:   bridge window [io  0xd000-0xdfff]
[    0.389060] pci 0000:00:16.2:   bridge window [mem 0xfcb00000-0xfcbfffff]
[    0.389084] pci 0000:00:16.2:   bridge window [mem 0xe7100000-0xe71fffff 64bit pref]
[    0.389158] pci 0000:00:16.3: PCI bridge to [bus 0e]
[    0.389194] pci 0000:00:16.3:   bridge window [mem 0xfc700000-0xfc7fffff]
[    0.389219] pci 0000:00:16.3:   bridge window [mem 0xe6d00000-0xe6dfffff 64bit pref]
[    0.389281] pci 0000:00:16.4: PCI bridge to [bus 0f]
[    0.389316] pci 0000:00:16.4:   bridge window [mem 0xfc300000-0xfc3fffff]
[    0.389339] pci 0000:00:16.4:   bridge window [mem 0xe6900000-0xe69fffff 64bit pref]
[    0.389397] pci 0000:00:16.5: PCI bridge to [bus 10]
[    0.389431] pci 0000:00:16.5:   bridge window [mem 0xfbf00000-0xfbffffff]
[    0.389453] pci 0000:00:16.5:   bridge window [mem 0xe6500000-0xe65fffff 64bit pref]
[    0.389512] pci 0000:00:16.6: PCI bridge to [bus 11]
[    0.389562] pci 0000:00:16.6:   bridge window [mem 0xfbb00000-0xfbbfffff]
[    0.389585] pci 0000:00:16.6:   bridge window [mem 0xe6100000-0xe61fffff 64bit pref]
[    0.389654] pci 0000:00:16.7: PCI bridge to [bus 12]
[    0.389688] pci 0000:00:16.7:   bridge window [mem 0xfb700000-0xfb7fffff]
[    0.389711] pci 0000:00:16.7:   bridge window [mem 0xe5d00000-0xe5dfffff 64bit pref]
[    0.389768] pci 0000:00:17.0: PCI bridge to [bus 13]
[    0.389782] pci 0000:00:17.0:   bridge window [io  0x6000-0x6fff]
[    0.389815] pci 0000:00:17.0:   bridge window [mem 0xfd200000-0xfd2fffff]
[    0.389837] pci 0000:00:17.0:   bridge window [mem 0xe7800000-0xe78fffff 64bit pref]
[    0.389916] pci 0000:00:17.1: PCI bridge to [bus 14]
[    0.389929] pci 0000:00:17.1:   bridge window [io  0xa000-0xafff]
[    0.389964] pci 0000:00:17.1:   bridge window [mem 0xfce00000-0xfcefffff]
[    0.389986] pci 0000:00:17.1:   bridge window [mem 0xe7400000-0xe74fffff 64bit pref]
[    0.390062] pci 0000:00:17.2: PCI bridge to [bus 15]
[    0.390083] pci 0000:00:17.2:   bridge window [io  0xe000-0xefff]
[    0.390115] pci 0000:00:17.2:   bridge window [mem 0xfca00000-0xfcafffff]
[    0.390136] pci 0000:00:17.2:   bridge window [mem 0xe7000000-0xe70fffff 64bit pref]
[    0.390193] pci 0000:00:17.3: PCI bridge to [bus 16]
[    0.390227] pci 0000:00:17.3:   bridge window [mem 0xfc600000-0xfc6fffff]
[    0.390248] pci 0000:00:17.3:   bridge window [mem 0xe6c00000-0xe6cfffff 64bit pref]
[    0.390306] pci 0000:00:17.4: PCI bridge to [bus 17]
[    0.390339] pci 0000:00:17.4:   bridge window [mem 0xfc200000-0xfc2fffff]
[    0.390361] pci 0000:00:17.4:   bridge window [mem 0xe6800000-0xe68fffff 64bit pref]
[    0.390417] pci 0000:00:17.5: PCI bridge to [bus 18]
[    0.390450] pci 0000:00:17.5:   bridge window [mem 0xfbe00000-0xfbefffff]
[    0.390472] pci 0000:00:17.5:   bridge window [mem 0xe6400000-0xe64fffff 64bit pref]
[    0.390530] pci 0000:00:17.6: PCI bridge to [bus 19]
[    0.390615] pci 0000:00:17.6:   bridge window [mem 0xfba00000-0xfbafffff]
[    0.390649] pci 0000:00:17.6:   bridge window [mem 0xe6000000-0xe60fffff 64bit pref]
[    0.390774] pci 0000:00:17.7: PCI bridge to [bus 1a]
[    0.390831] pci 0000:00:17.7:   bridge window [mem 0xfb600000-0xfb6fffff]
[    0.391207] pci 0000:00:17.7:   bridge window [mem 0xe5c00000-0xe5cfffff 64bit pref]
[    0.391599] pci 0000:00:18.0: PCI bridge to [bus 1b]
[    0.391628] pci 0000:00:18.0:   bridge window [io  0x7000-0x7fff]
[    0.391680] pci 0000:00:18.0:   bridge window [mem 0xfd100000-0xfd1fffff]
[    0.391720] pci 0000:00:18.0:   bridge window [mem 0xe7700000-0xe77fffff 64bit pref]
[    0.391969] pci 0000:00:18.1: PCI bridge to [bus 1c]
[    0.392077] pci 0000:00:18.1:   bridge window [io  0xb000-0xbfff]
[    0.392120] pci 0000:00:18.1:   bridge window [mem 0xfcd00000-0xfcdfffff]
[    0.392492] pci 0000:00:18.1:   bridge window [mem 0xe7300000-0xe73fffff 64bit pref]
[    0.392579] pci 0000:00:18.2: PCI bridge to [bus 1d]
[    0.392610] pci 0000:00:18.2:   bridge window [mem 0xfc900000-0xfc9fffff]
[    0.392630] pci 0000:00:18.2:   bridge window [mem 0xe6f00000-0xe6ffffff 64bit pref]
[    0.392708] pci 0000:00:18.3: PCI bridge to [bus 1e]
[    0.392748] pci 0000:00:18.3:   bridge window [mem 0xfc500000-0xfc5fffff]
[    0.392774] pci 0000:00:18.3:   bridge window [mem 0xe6b00000-0xe6bfffff 64bit pref]
[    0.392844] pci 0000:00:18.4: PCI bridge to [bus 1f]
[    0.392911] pci 0000:00:18.4:   bridge window [mem 0xfc100000-0xfc1fffff]
[    0.392935] pci 0000:00:18.4:   bridge window [mem 0xe6700000-0xe67fffff 64bit pref]
[    0.393005] pci 0000:00:18.5: PCI bridge to [bus 20]
[    0.393058] pci 0000:00:18.5:   bridge window [mem 0xfbd00000-0xfbdfffff]
[    0.393085] pci 0000:00:18.5:   bridge window [mem 0xe6300000-0xe63fffff 64bit pref]
[    0.393155] pci 0000:00:18.6: PCI bridge to [bus 21]
[    0.393195] pci 0000:00:18.6:   bridge window [mem 0xfb900000-0xfb9fffff]
[    0.393222] pci 0000:00:18.6:   bridge window [mem 0xe5f00000-0xe5ffffff 64bit pref]
[    0.393284] pci 0000:00:18.7: PCI bridge to [bus 22]
[    0.393314] pci 0000:00:18.7:   bridge window [mem 0xfb500000-0xfb5fffff]
[    0.393333] pci 0000:00:18.7:   bridge window [mem 0xe5b00000-0xe5bfffff 64bit pref]
[    0.393386] pci_bus 0000:00: resource 4 [mem 0x000a0000-0x000bffff window]
[    0.393387] pci_bus 0000:00: resource 5 [mem 0x000cc000-0x000cffff window]
[    0.393388] pci_bus 0000:00: resource 6 [mem 0x000d0000-0x000d3fff window]
[    0.393388] pci_bus 0000:00: resource 7 [mem 0x000d4000-0x000d7fff window]
[    0.393389] pci_bus 0000:00: resource 8 [mem 0x000d8000-0x000dbfff window]
[    0.393390] pci_bus 0000:00: resource 9 [mem 0xc0000000-0xfebfffff window]
[    0.393391] pci_bus 0000:00: resource 10 [io  0x0000-0x0cf7 window]
[    0.393392] pci_bus 0000:00: resource 11 [io  0x0d00-0xfeff window]
[    0.393395] pci_bus 0000:02: resource 0 [io  0x2000-0x3fff]
[    0.393395] pci_bus 0000:02: resource 1 [mem 0xfd500000-0xfdffffff]
[    0.393396] pci_bus 0000:02: resource 2 [mem 0xe7b00000-0xe7ffffff 64bit pref]
[    0.393397] pci_bus 0000:02: resource 4 [mem 0x000a0000-0x000bffff window]
[    0.393398] pci_bus 0000:02: resource 5 [mem 0x000cc000-0x000cffff window]
[    0.393399] pci_bus 0000:02: resource 6 [mem 0x000d0000-0x000d3fff window]
[    0.393399] pci_bus 0000:02: resource 7 [mem 0x000d4000-0x000d7fff window]
[    0.393400] pci_bus 0000:02: resource 8 [mem 0x000d8000-0x000dbfff window]
[    0.393401] pci_bus 0000:02: resource 9 [mem 0xc0000000-0xfebfffff window]
[    0.393402] pci_bus 0000:02: resource 10 [io  0x0000-0x0cf7 window]
[    0.393403] pci_bus 0000:02: resource 11 [io  0x0d00-0xfeff window]
[    0.393404] pci_bus 0000:03: resource 0 [io  0x4000-0x4fff]
[    0.393405] pci_bus 0000:03: resource 1 [mem 0xfd400000-0xfd4fffff]
[    0.393406] pci_bus 0000:03: resource 2 [mem 0xe7a00000-0xe7afffff 64bit pref]
[    0.393407] pci_bus 0000:04: resource 0 [io  0x8000-0x8fff]
[    0.393407] pci_bus 0000:04: resource 1 [mem 0xfd000000-0xfd0fffff]
[    0.393408] pci_bus 0000:04: resource 2 [mem 0xe7600000-0xe76fffff 64bit pref]
[    0.393409] pci_bus 0000:05: resource 0 [io  0xc000-0xcfff]
[    0.393410] pci_bus 0000:05: resource 1 [mem 0xfcc00000-0xfccfffff]
[    0.393411] pci_bus 0000:05: resource 2 [mem 0xe7200000-0xe72fffff 64bit pref]
[    0.393412] pci_bus 0000:06: resource 1 [mem 0xfc800000-0xfc8fffff]
[    0.393412] pci_bus 0000:06: resource 2 [mem 0xe6e00000-0xe6efffff 64bit pref]
[    0.393413] pci_bus 0000:07: resource 1 [mem 0xfc400000-0xfc4fffff]
[    0.393414] pci_bus 0000:07: resource 2 [mem 0xe6a00000-0xe6afffff 64bit pref]
[    0.393415] pci_bus 0000:08: resource 1 [mem 0xfc000000-0xfc0fffff]
[    0.393416] pci_bus 0000:08: resource 2 [mem 0xe6600000-0xe66fffff 64bit pref]
[    0.393417] pci_bus 0000:09: resource 1 [mem 0xfbc00000-0xfbcfffff]
[    0.393418] pci_bus 0000:09: resource 2 [mem 0xe6200000-0xe62fffff 64bit pref]
[    0.393419] pci_bus 0000:0a: resource 1 [mem 0xfb800000-0xfb8fffff]
[    0.393419] pci_bus 0000:0a: resource 2 [mem 0xe5e00000-0xe5efffff 64bit pref]
[    0.393420] pci_bus 0000:0b: resource 0 [io  0x5000-0x5fff]
[    0.393421] pci_bus 0000:0b: resource 1 [mem 0xfd300000-0xfd3fffff]
[    0.393422] pci_bus 0000:0b: resource 2 [mem 0xe7900000-0xe79fffff 64bit pref]
[    0.393423] pci_bus 0000:0c: resource 0 [io  0x9000-0x9fff]
[    0.393424] pci_bus 0000:0c: resource 1 [mem 0xfcf00000-0xfcffffff]
[    0.393424] pci_bus 0000:0c: resource 2 [mem 0xe7500000-0xe75fffff 64bit pref]
[    0.393425] pci_bus 0000:0d: resource 0 [io  0xd000-0xdfff]
[    0.393426] pci_bus 0000:0d: resource 1 [mem 0xfcb00000-0xfcbfffff]
[    0.393427] pci_bus 0000:0d: resource 2 [mem 0xe7100000-0xe71fffff 64bit pref]
[    0.393428] pci_bus 0000:0e: resource 1 [mem 0xfc700000-0xfc7fffff]
[    0.393429] pci_bus 0000:0e: resource 2 [mem 0xe6d00000-0xe6dfffff 64bit pref]
[    0.393430] pci_bus 0000:0f: resource 1 [mem 0xfc300000-0xfc3fffff]
[    0.393431] pci_bus 0000:0f: resource 2 [mem 0xe6900000-0xe69fffff 64bit pref]
[    0.393431] pci_bus 0000:10: resource 1 [mem 0xfbf00000-0xfbffffff]
[    0.393432] pci_bus 0000:10: resource 2 [mem 0xe6500000-0xe65fffff 64bit pref]
[    0.393433] pci_bus 0000:11: resource 1 [mem 0xfbb00000-0xfbbfffff]
[    0.393434] pci_bus 0000:11: resource 2 [mem 0xe6100000-0xe61fffff 64bit pref]
[    0.393435] pci_bus 0000:12: resource 1 [mem 0xfb700000-0xfb7fffff]
[    0.393436] pci_bus 0000:12: resource 2 [mem 0xe5d00000-0xe5dfffff 64bit pref]
[    0.393437] pci_bus 0000:13: resource 0 [io  0x6000-0x6fff]
[    0.393437] pci_bus 0000:13: resource 1 [mem 0xfd200000-0xfd2fffff]
[    0.393438] pci_bus 0000:13: resource 2 [mem 0xe7800000-0xe78fffff 64bit pref]
[    0.393439] pci_bus 0000:14: resource 0 [io  0xa000-0xafff]
[    0.393440] pci_bus 0000:14: resource 1 [mem 0xfce00000-0xfcefffff]
[    0.393441] pci_bus 0000:14: resource 2 [mem 0xe7400000-0xe74fffff 64bit pref]
[    0.393442] pci_bus 0000:15: resource 0 [io  0xe000-0xefff]
[    0.393442] pci_bus 0000:15: resource 1 [mem 0xfca00000-0xfcafffff]
[    0.393443] pci_bus 0000:15: resource 2 [mem 0xe7000000-0xe70fffff 64bit pref]
[    0.393444] pci_bus 0000:16: resource 1 [mem 0xfc600000-0xfc6fffff]
[    0.393445] pci_bus 0000:16: resource 2 [mem 0xe6c00000-0xe6cfffff 64bit pref]
[    0.393446] pci_bus 0000:17: resource 1 [mem 0xfc200000-0xfc2fffff]
[    0.393447] pci_bus 0000:17: resource 2 [mem 0xe6800000-0xe68fffff 64bit pref]
[    0.393448] pci_bus 0000:18: resource 1 [mem 0xfbe00000-0xfbefffff]
[    0.393449] pci_bus 0000:18: resource 2 [mem 0xe6400000-0xe64fffff 64bit pref]
[    0.393450] pci_bus 0000:19: resource 1 [mem 0xfba00000-0xfbafffff]
[    0.393450] pci_bus 0000:19: resource 2 [mem 0xe6000000-0xe60fffff 64bit pref]
[    0.393451] pci_bus 0000:1a: resource 1 [mem 0xfb600000-0xfb6fffff]
[    0.393452] pci_bus 0000:1a: resource 2 [mem 0xe5c00000-0xe5cfffff 64bit pref]
[    0.393453] pci_bus 0000:1b: resource 0 [io  0x7000-0x7fff]
[    0.393454] pci_bus 0000:1b: resource 1 [mem 0xfd100000-0xfd1fffff]
[    0.393454] pci_bus 0000:1b: resource 2 [mem 0xe7700000-0xe77fffff 64bit pref]
[    0.393455] pci_bus 0000:1c: resource 0 [io  0xb000-0xbfff]
[    0.393456] pci_bus 0000:1c: resource 1 [mem 0xfcd00000-0xfcdfffff]
[    0.393457] pci_bus 0000:1c: resource 2 [mem 0xe7300000-0xe73fffff 64bit pref]
[    0.393458] pci_bus 0000:1d: resource 1 [mem 0xfc900000-0xfc9fffff]
[    0.393459] pci_bus 0000:1d: resource 2 [mem 0xe6f00000-0xe6ffffff 64bit pref]
[    0.393460] pci_bus 0000:1e: resource 1 [mem 0xfc500000-0xfc5fffff]
[    0.393460] pci_bus 0000:1e: resource 2 [mem 0xe6b00000-0xe6bfffff 64bit pref]
[    0.393461] pci_bus 0000:1f: resource 1 [mem 0xfc100000-0xfc1fffff]
[    0.393462] pci_bus 0000:1f: resource 2 [mem 0xe6700000-0xe67fffff 64bit pref]
[    0.393463] pci_bus 0000:20: resource 1 [mem 0xfbd00000-0xfbdfffff]
[    0.393464] pci_bus 0000:20: resource 2 [mem 0xe6300000-0xe63fffff 64bit pref]
[    0.393465] pci_bus 0000:21: resource 1 [mem 0xfb900000-0xfb9fffff]
[    0.393465] pci_bus 0000:21: resource 2 [mem 0xe5f00000-0xe5ffffff 64bit pref]
[    0.393466] pci_bus 0000:22: resource 1 [mem 0xfb500000-0xfb5fffff]
[    0.393467] pci_bus 0000:22: resource 2 [mem 0xe5b00000-0xe5bfffff 64bit pref]
[    0.393672] NET: Registered protocol family 2
[    0.394112] TCP established hash table entries: 16384 (order: 5, 131072 bytes)
[    0.394168] TCP bind hash table entries: 16384 (order: 6, 262144 bytes)
[    0.394281] TCP: Hash tables configured (established 16384 bind 16384)
[    0.394336] UDP hash table entries: 1024 (order: 3, 32768 bytes)
[    0.394354] UDP-Lite hash table entries: 1024 (order: 3, 32768 bytes)
[    0.394615] NET: Registered protocol family 1
[    0.394624] pci 0000:00:00.0: Limiting direct PCI/PCI transfers
[    0.394727] pci 0000:00:0f.0: Video device with shadowed ROM at [mem 0x000c0000-0x000dffff]
[    0.395898] PCI: CLS mismatch (32 != 64), using 64 bytes
[    0.396479] Unpacking initramfs...
[    0.670842] Freeing initrd memory: 19784K
[    0.671020] RAPL PMU: API unit is 2^-32 Joules, 3 fixed counters, 10737418240 ms ovfl timer
[    0.671021] RAPL PMU: hw unit of domain pp0-core 2^-0 Joules
[    0.671021] RAPL PMU: hw unit of domain package 2^-0 Joules
[    0.671022] RAPL PMU: hw unit of domain pp1-gpu 2^-0 Joules
[    0.672664] audit: initializing netlink subsys (disabled)
[    0.672898] Initialise system trusted keyrings
[    0.673030] workingset: timestamp_bits=36 max_order=19 bucket_order=0
[    0.674155] zbud: loaded
[    0.674426] SELinux:  Registering netfilter hooks
[    0.716201] NET: Registered protocol family 38
[    0.716203] Key type asymmetric registered
[    0.716204] Asymmetric key parser 'x509' registered
[    0.716248] Block layer SCSI generic (bsg) driver version 0.4 loaded (major 250)
[    0.716298] io scheduler noop registered
[    0.716299] io scheduler deadline registered (default)
[    0.716330] io scheduler cfq registered
[    0.735233] pcieport 0000:00:15.0: Signaling PME with IRQ 24
[    0.735391] pcieport 0000:00:15.1: Signaling PME with IRQ 25
[    0.735525] pcieport 0000:00:15.2: Signaling PME with IRQ 26
[    0.735667] pcieport 0000:00:15.3: Signaling PME with IRQ 27
[    0.735788] pcieport 0000:00:15.4: Signaling PME with IRQ 28
[    0.735931] pcieport 0000:00:15.5: Signaling PME with IRQ 29
[    0.736063] pcieport 0000:00:15.6: Signaling PME with IRQ 30
[    0.736177] pcieport 0000:00:15.7: Signaling PME with IRQ 31
[    0.736289] pcieport 0000:00:16.0: Signaling PME with IRQ 32
[    0.736427] pcieport 0000:00:16.1: Signaling PME with IRQ 33
[    0.736540] pcieport 0000:00:16.2: Signaling PME with IRQ 34
[    0.736652] pcieport 0000:00:16.3: Signaling PME with IRQ 35
[    0.736769] pcieport 0000:00:16.4: Signaling PME with IRQ 36
[    0.736919] pcieport 0000:00:16.5: Signaling PME with IRQ 37
[    0.737036] pcieport 0000:00:16.6: Signaling PME with IRQ 38
[    0.737161] pcieport 0000:00:16.7: Signaling PME with IRQ 39
[    0.737287] pcieport 0000:00:17.0: Signaling PME with IRQ 40
[    0.737424] pcieport 0000:00:17.1: Signaling PME with IRQ 41
[    0.737591] pcieport 0000:00:17.2: Signaling PME with IRQ 42
[    0.737734] pcieport 0000:00:17.3: Signaling PME with IRQ 43
[    0.737848] pcieport 0000:00:17.4: Signaling PME with IRQ 44
[    0.738007] pcieport 0000:00:17.5: Signaling PME with IRQ 45
[    0.738131] pcieport 0000:00:17.6: Signaling PME with IRQ 46
[    0.738272] pcieport 0000:00:17.7: Signaling PME with IRQ 47
[    0.738466] pcieport 0000:00:18.0: Signaling PME with IRQ 48
[    0.738582] pcieport 0000:00:18.1: Signaling PME with IRQ 49
[    0.738695] pcieport 0000:00:18.2: Signaling PME with IRQ 50
[    0.738808] pcieport 0000:00:18.3: Signaling PME with IRQ 51
[    0.738965] pcieport 0000:00:18.4: Signaling PME with IRQ 52
[    0.739078] pcieport 0000:00:18.5: Signaling PME with IRQ 53
[    0.739196] pcieport 0000:00:18.6: Signaling PME with IRQ 54
[    0.739310] pcieport 0000:00:18.7: Signaling PME with IRQ 55
[    0.739389] pciehp 0000:00:15.0:pcie004: Slot #160 AttnBtn+ PwrCtrl+ MRL- AttnInd- PwrInd- HotPlug+ Surprise- Interlock- NoCompl+ LLActRep+
[    0.739529] pciehp 0000:00:15.1:pcie004: Slot #161 AttnBtn+ PwrCtrl+ MRL- AttnInd- PwrInd- HotPlug+ Surprise- Interlock- NoCompl+ LLActRep+
[    0.739624] pciehp 0000:00:15.2:pcie004: Slot #162 AttnBtn+ PwrCtrl+ MRL- AttnInd- PwrInd- HotPlug+ Surprise- Interlock- NoCompl+ LLActRep+
[    0.739718] pciehp 0000:00:15.3:pcie004: Slot #163 AttnBtn+ PwrCtrl+ MRL- AttnInd- PwrInd- HotPlug+ Surprise- Interlock- NoCompl+ LLActRep+
[    0.739813] pciehp 0000:00:15.4:pcie004: Slot #164 AttnBtn+ PwrCtrl+ MRL- AttnInd- PwrInd- HotPlug+ Surprise- Interlock- NoCompl+ LLActRep+
[    0.739956] pciehp 0000:00:15.5:pcie004: Slot #165 AttnBtn+ PwrCtrl+ MRL- AttnInd- PwrInd- HotPlug+ Surprise- Interlock- NoCompl+ LLActRep+
[    0.740058] pciehp 0000:00:15.6:pcie004: Slot #166 AttnBtn+ PwrCtrl+ MRL- AttnInd- PwrInd- HotPlug+ Surprise- Interlock- NoCompl+ LLActRep+
[    0.740169] pciehp 0000:00:15.7:pcie004: Slot #167 AttnBtn+ PwrCtrl+ MRL- AttnInd- PwrInd- HotPlug+ Surprise- Interlock- NoCompl+ LLActRep+
[    0.740263] pciehp 0000:00:16.0:pcie004: Slot #192 AttnBtn+ PwrCtrl+ MRL- AttnInd- PwrInd- HotPlug+ Surprise- Interlock- NoCompl+ LLActRep+
[    0.740379] pciehp 0000:00:16.1:pcie004: Slot #193 AttnBtn+ PwrCtrl+ MRL- AttnInd- PwrInd- HotPlug+ Surprise- Interlock- NoCompl+ LLActRep+
[    0.740485] pciehp 0000:00:16.2:pcie004: Slot #194 AttnBtn+ PwrCtrl+ MRL- AttnInd- PwrInd- HotPlug+ Surprise- Interlock- NoCompl+ LLActRep+
[    0.740578] pciehp 0000:00:16.3:pcie004: Slot #195 AttnBtn+ PwrCtrl+ MRL- AttnInd- PwrInd- HotPlug+ Surprise- Interlock- NoCompl+ LLActRep+
[    0.740673] pciehp 0000:00:16.4:pcie004: Slot #196 AttnBtn+ PwrCtrl+ MRL- AttnInd- PwrInd- HotPlug+ Surprise- Interlock- NoCompl+ LLActRep+
[    0.740767] pciehp 0000:00:16.5:pcie004: Slot #197 AttnBtn+ PwrCtrl+ MRL- AttnInd- PwrInd- HotPlug+ Surprise- Interlock- NoCompl+ LLActRep+
[    0.740891] pciehp 0000:00:16.6:pcie004: Slot #198 AttnBtn+ PwrCtrl+ MRL- AttnInd- PwrInd- HotPlug+ Surprise- Interlock- NoCompl+ LLActRep+
[    0.741006] pciehp 0000:00:16.7:pcie004: Slot #199 AttnBtn+ PwrCtrl+ MRL- AttnInd- PwrInd- HotPlug+ Surprise- Interlock- NoCompl+ LLActRep+
[    0.741101] pciehp 0000:00:17.0:pcie004: Slot #224 AttnBtn+ PwrCtrl+ MRL- AttnInd- PwrInd- HotPlug+ Surprise- Interlock- NoCompl+ LLActRep+
[    0.741296] pciehp 0000:00:17.1:pcie004: Slot #225 AttnBtn+ PwrCtrl+ MRL- AttnInd- PwrInd- HotPlug+ Surprise- Interlock- NoCompl+ LLActRep+
[    0.741411] pciehp 0000:00:17.2:pcie004: Slot #226 AttnBtn+ PwrCtrl+ MRL- AttnInd- PwrInd- HotPlug+ Surprise- Interlock- NoCompl+ LLActRep+
[    0.741512] pciehp 0000:00:17.3:pcie004: Slot #227 AttnBtn+ PwrCtrl+ MRL- AttnInd- PwrInd- HotPlug+ Surprise- Interlock- NoCompl+ LLActRep+
[    0.741622] pciehp 0000:00:17.4:pcie004: Slot #228 AttnBtn+ PwrCtrl+ MRL- AttnInd- PwrInd- HotPlug+ Surprise- Interlock- NoCompl+ LLActRep+
[    0.741716] pciehp 0000:00:17.5:pcie004: Slot #229 AttnBtn+ PwrCtrl+ MRL- AttnInd- PwrInd- HotPlug+ Surprise- Interlock- NoCompl+ LLActRep+
[    0.741811] pciehp 0000:00:17.6:pcie004: Slot #230 AttnBtn+ PwrCtrl+ MRL- AttnInd- PwrInd- HotPlug+ Surprise- Interlock- NoCompl+ LLActRep+
[    0.742015] pciehp 0000:00:17.7:pcie004: Slot #231 AttnBtn+ PwrCtrl+ MRL- AttnInd- PwrInd- HotPlug+ Surprise- Interlock- NoCompl+ LLActRep+
[    0.742111] pciehp 0000:00:18.0:pcie004: Slot #256 AttnBtn+ PwrCtrl+ MRL- AttnInd- PwrInd- HotPlug+ Surprise- Interlock- NoCompl+ LLActRep+
[    0.742205] pciehp 0000:00:18.1:pcie004: Slot #257 AttnBtn+ PwrCtrl+ MRL- AttnInd- PwrInd- HotPlug+ Surprise- Interlock- NoCompl+ LLActRep+
[    0.742299] pciehp 0000:00:18.2:pcie004: Slot #258 AttnBtn+ PwrCtrl+ MRL- AttnInd- PwrInd- HotPlug+ Surprise- Interlock- NoCompl+ LLActRep+
[    0.742414] pciehp 0000:00:18.3:pcie004: Slot #259 AttnBtn+ PwrCtrl+ MRL- AttnInd- PwrInd- HotPlug+ Surprise- Interlock- NoCompl+ LLActRep+
[    0.742513] pciehp 0000:00:18.4:pcie004: Slot #260 AttnBtn+ PwrCtrl+ MRL- AttnInd- PwrInd- HotPlug+ Surprise- Interlock- NoCompl+ LLActRep+
[    0.742608] pciehp 0000:00:18.5:pcie004: Slot #261 AttnBtn+ PwrCtrl+ MRL- AttnInd- PwrInd- HotPlug+ Surprise- Interlock- NoCompl+ LLActRep+
[    0.742703] pciehp 0000:00:18.6:pcie004: Slot #262 AttnBtn+ PwrCtrl+ MRL- AttnInd- PwrInd- HotPlug+ Surprise- Interlock- NoCompl+ LLActRep+
[    0.742797] pciehp 0000:00:18.7:pcie004: Slot #263 AttnBtn+ PwrCtrl+ MRL- AttnInd- PwrInd- HotPlug+ Surprise- Interlock- NoCompl+ LLActRep+
[    0.742913] intel_idle: does not run on family 6 model 58
[    0.743050] ACPI: AC Adapter [ACAD] (on-line)
[    0.743116] input: Power Button as /devices/LNXSYSTM:00/LNXPWRBN:00/input/input0
[    0.743119] ACPI: Power Button [PWRF]
[    0.743368] GHES: HEST is not enabled!
[    0.743454] Serial: 8250/16550 driver, 4 ports, IRQ sharing enabled
[    0.772417] 00:05: ttyS0 at I/O 0x3f8 (irq = 4, base_baud = 115200) is a 16550A
[    0.773996] Non-volatile memory driver v1.3
[    0.774041] Linux agpgart interface v0.103
[    0.774210] agpgart-intel 0000:00:00.0: Intel 440BX Chipset
[    0.775201] agpgart-intel 0000:00:00.0: AGP aperture is 256M @ 0x0
[    0.775601] rdac: device handler registered
[    0.775674] hp_sw: device handler registered
[    0.775674] emc: device handler registered
[    0.775937] alua: device handler registered
[    0.776012] libphy: Fixed MDIO Bus: probed
[    0.776090] ehci_hcd: USB 2.0 'Enhanced' Host Controller (EHCI) Driver
[    0.776094] ehci-pci: EHCI PCI platform driver
[    0.776759] ehci-pci 0000:02:03.0: EHCI Host Controller
[    0.776834] ehci-pci 0000:02:03.0: new USB bus registered, assigned bus number 1
[    0.777496] ehci-pci 0000:02:03.0: cache line size of 64 is not supported
[    0.777527] ehci-pci 0000:02:03.0: irq 17, io mem 0xfd5ef000
[    0.785425] ehci-pci 0000:02:03.0: USB 2.0 started, EHCI 1.00
[    0.785619] usb usb1: New USB device found, idVendor=1d6b, idProduct=0002
[    0.785620] usb usb1: New USB device strings: Mfr=3, Product=2, SerialNumber=1
[    0.785622] usb usb1: Product: EHCI Host Controller
[    0.785623] usb usb1: Manufacturer: Linux 4.10.11 ehci_hcd
[    0.785624] usb usb1: SerialNumber: 0000:02:03.0
[    0.785870] hub 1-0:1.0: USB hub found
[    0.785879] hub 1-0:1.0: 6 ports detected
[    0.786246] ohci_hcd: USB 1.1 'Open' Host Controller (OHCI) Driver
[    0.786253] ohci-pci: OHCI PCI platform driver
[    0.786293] uhci_hcd: USB Universal Host Controller Interface driver
[    0.786937] uhci_hcd 0000:02:00.0: UHCI Host Controller
[    0.787858] uhci_hcd 0000:02:00.0: new USB bus registered, assigned bus number 2
[    0.788047] uhci_hcd 0000:02:00.0: detected 2 ports
[    0.788319] uhci_hcd 0000:02:00.0: irq 18, io base 0x00002080
[    0.788529] usb usb2: New USB device found, idVendor=1d6b, idProduct=0001
[    0.788531] usb usb2: New USB device strings: Mfr=3, Product=2, SerialNumber=1
[    0.788532] usb usb2: Product: UHCI Host Controller
[    0.788533] usb usb2: Manufacturer: Linux 4.10.11 uhci_hcd
[    0.788534] usb usb2: SerialNumber: 0000:02:00.0
[    0.788708] hub 2-0:1.0: USB hub found
[    0.788726] hub 2-0:1.0: 2 ports detected
[    0.789218] usbcore: registered new interface driver usbserial
[    0.789233] usbcore: registered new interface driver usbserial_generic
[    0.789240] usbserial: USB Serial support registered for generic
[    0.789326] i8042: PNP: PS/2 Controller [PNP0303:KBC,PNP0f13:MOUS] at 0x60,0x64 irq 1,12
[    0.790447] serio: i8042 KBD port at 0x60,0x64 irq 1
[    0.790454] serio: i8042 AUX port at 0x60,0x64 irq 12
[    0.790635] mousedev: PS/2 mouse device common for all mice
[    0.791417] rtc_cmos 00:01: rtc core: registered rtc_cmos as rtc0
[    0.791590] rtc_cmos 00:01: alarms up to one month, y3k, 114 bytes nvram, hpet irqs
[    0.793048] input: AT Translated Set 2 keyboard as /devices/platform/i8042/serio0/input/input1
[    0.793637] input: VirtualPS/2 VMware VMMouse as /devices/platform/i8042/serio1/input/input4
[    0.794017] input: VirtualPS/2 VMware VMMouse as /devices/platform/i8042/serio1/input/input3
[    0.795385] hidraw: raw HID events driver (C) Jiri Kosina
[    0.795456] usbcore: registered new interface driver usbhid
[    0.795456] usbhid: USB HID core driver
[    0.795614] Initializing XFRM netlink socket
[    0.795718] NET: Registered protocol family 10
[    0.796098] Segment Routing with IPv6
[    0.796108] NET: Registered protocol family 17
[    0.796312] registered taskstats version 1
[    0.796313] Loading compiled-in X.509 certificates
[    0.797959] alg: No test for pkcs1pad(rsa,sha256) (pkcs1pad(rsa-generic,sha256))
[    0.798637] Loaded X.509 cert 'Build time autogenerated kernel key: e8458161dd6cc0dd7fdf5b363d262285fab4b6e4'
[    0.798661] zswap: loaded using pool lzo/zbud
[    0.808850] Key type big_key registered
[    0.810973] Key type trusted registered
[    0.814007] Key type encrypted registered
[    0.814011] ima: No TPM chip found, activating TPM-bypass! (rc=-19)
[    0.814056] evm: HMAC attrs: 0x1
[    0.817995] rtc_cmos 00:01: setting system clock to 2017-05-11 08:57:29 UTC (1494493049)
[    0.818967] Freeing unused kernel memory: 1608K
[    0.818969] Write protecting the kernel read-only data: 10240k
[    0.819308] Freeing unused kernel memory: 1516K
[    0.821595] random: systemd: uninitialized urandom read (16 bytes read)
[    0.822129] random: systemd: uninitialized urandom read (16 bytes read)
[    0.823102] systemd[1]: systemd 219 running in system mode. (+PAM +AUDIT +SELINUX +IMA -APPARMOR +SMACK +SYSVINIT +UTMP +LIBCRYPTSETUP +GCRYPT +GNUTLS +ACL +XZ -LZ4 -SECCOMP +BLKID +ELFUTILS +KMOD +IDN)
[    0.823119] systemd[1]: Detected virtualization vmware.
[    0.823122] systemd[1]: Detected architecture x86-64.
[    0.823124] systemd[1]: Running in initial RAM disk.
[    0.823151] systemd[1]: Set hostname to <localhost.localdomain>.
[    0.849581] random: systemd: uninitialized urandom read (16 bytes read)
[    0.849608] random: systemd: uninitialized urandom read (16 bytes read)
[    0.849657] random: systemd: uninitialized urandom read (16 bytes read)
[    0.849714] random: systemd: uninitialized urandom read (16 bytes read)
[    0.850299] random: systemd: uninitialized urandom read (16 bytes read)
[    0.850407] random: systemd: uninitialized urandom read (16 bytes read)
[    0.850568] random: systemd: uninitialized urandom read (16 bytes read)
[    0.851055] random: systemd: uninitialized urandom read (16 bytes read)
[    0.855524] systemd[1]: Created slice Root Slice.
[    0.855539] systemd[1]: Starting Root Slice.
[    0.855597] systemd[1]: Listening on udev Kernel Socket.
[    0.855609] systemd[1]: Starting udev Kernel Socket.
[    0.855713] systemd[1]: Listening on Journal Socket.
[    1.097196] usb 2-1: new full-speed USB device number 2 using uhci_hcd
[    1.130605] device-mapper: uevent: version 1.0.3
[    1.130720] device-mapper: ioctl: 4.35.0-ioctl (2016-06-23) initialised: dm-devel@redhat.com
[    1.283262] FUJITSU Extended Socket Network Device Driver - version 1.2 - Copyright (c) 2015 FUJITSU LIMITED
[    1.353941] Fusion MPT base driver 3.04.20
[    1.353942] Copyright (c) 1999-2008 LSI Corporation
[    1.369852] e1000: Intel(R) PRO/1000 Network Driver - version 7.3.21-k8-NAPI
[    1.369853] e1000: Copyright (c) 1999-2006 Intel Corporation.
[    1.380390] Fusion MPT SPI Host driver 3.04.20
[    1.386272] libata version 3.00 loaded.
[    1.387599] mptbase: ioc0: Initiating bringup
[    1.388754] [drm] Initialized
[    1.420300] ioc0: LSI53C1030 B0: Capabilities={Initiator}
[    1.492926] scsi host0: ioc0: LSI53C1030 B0, FwRev=01032920h, Ports=1, MaxQ=128, IRQ=17
[    1.549945] ata_piix 0000:00:07.1: version 2.13
[    1.552562] scsi 0:0:0:0: Direct-Access     VMware,  VMware Virtual S 1.0  PQ: 0 ANSI: 2
[    1.552572] scsi target0:0:0: Beginning Domain Validation
[    1.553096] scsi target0:0:0: Domain Validation skipping write tests
[    1.553097] scsi target0:0:0: Ending Domain Validation
[    1.553118] scsi target0:0:0: FAST-40 WIDE SCSI 80.0 MB/s ST (25 ns, offset 127)
[    1.555494] scsi host1: ata_piix
[    1.563248] scsi host2: ata_piix
[    1.563305] ata1: PATA max UDMA/33 cmd 0x1f0 ctl 0x3f6 bmdma 0x1060 irq 14
[    1.563306] ata2: PATA max UDMA/33 cmd 0x170 ctl 0x376 bmdma 0x1068 irq 15
[    1.565306] [drm] DMA map mode: Using physical TTM page addresses.
[    1.565488] [drm] Capabilities:
[    1.565489] [drm]   Rect copy.
[    1.565489] [drm]   Cursor.
[    1.565489] [drm]   Cursor bypass.
[    1.565490] [drm]   Cursor bypass 2.
[    1.565490] [drm]   8bit emulation.
[    1.565490] [drm]   Alpha cursor.
[    1.565490] [drm]   Extended Fifo.
[    1.565490] [drm]   Multimon.
[    1.565491] [drm]   Pitchlock.
[    1.565491] [drm]   Irq mask.
[    1.565491] [drm]   Display Topology.
[    1.565491] [drm]   GMR.
[    1.565491] [drm]   Traces.
[    1.565492] [drm]   GMR2.
[    1.565492] [drm]   Screen Object 2.
[    1.565492] [drm]   Command Buffers.
[    1.565492] [drm]   Command Buffers 2.
[    1.565493] [drm]   Guest Backed Resources.
[    1.565493] [drm]   DX Features.
[    1.565493] [drm] Max GMR ids is 64
[    1.565494] [drm] Max number of GMR pages is 65536
[    1.565494] [drm] Max dedicated hypervisor surface memory is 0 kiB
[    1.565495] [drm] Maximum display memory size is 32768 kiB
[    1.565495] [drm] VRAM at 0xe8000000 size is 4096 kiB
[    1.565496] [drm] MMIO at 0xfe000000 size is 256 kiB
[    1.565569] [drm] global init.
[    1.568811] [TTM] Zone  kernel: Available graphics memory: 1016914 kiB
[    1.568813] [TTM] Initializing pool allocator
[    1.568818] [TTM] Initializing DMA pool allocator
[    1.569255] [drm] Supports vblank timestamp caching Rev 2 (21.10.2013).
[    1.569256] [drm] No driver support for vblank timestamp query.
[    1.569646] [drm] Screen Target Display device initialized
[    1.569730] [drm] width 800
[    1.569752] [drm] height 480
[    1.569764] [drm] bpp 32
[    1.571438] [drm] Fifo max 0x00040000 min 0x00001000 cap 0x0000077f
[    1.576227] [drm] Using command buffers with DMA pool.
[    1.577108] [drm] DX: no.
[    1.599276] fbcon: svgadrmfb (fb0) is primary device
[    1.607716] Console: switching to colour frame buffer device 100x37
[    1.630542] [drm] Initialized vmwgfx 2.12.0 20170221 for 0000:00:0f.0 on minor 0
[    1.712959] tsc: Refined TSC clocksource calibration: 2601.000 MHz
[    1.712965] clocksource: tsc: mask: 0xffffffffffffffff max_cycles: 0x257dec97802, max_idle_ns: 440795264383 ns
[    1.712982] clocksource: Switched to clocksource tsc
[    1.732223] ata2.00: ATAPI: VMware Virtual IDE CDROM Drive, 00000001, max UDMA/33
[    1.739947] ata2.00: configured for UDMA/33
